Archive member included to satisfy reference by file (symbol)

/home/kamal/ti/TivaWare_C_Series-2.1.4.178/driverlib/gcc/libdriver.a(sysctl.o)
                              ./drivers/rgb.o (SysCtlClockGet)
/home/kamal/ti/TivaWare_C_Series-2.1.4.178/driverlib/gcc/libdriver.a(cpu.o)
                              /home/kamal/ti/TivaWare_C_Series-2.1.4.178/driverlib/gcc/libdriver.a(sysctl.o) (CPUwfi)
/home/kamal/ti/TivaWare_C_Series-2.1.4.178/driverlib/gcc/libdriver.a(interrupt.o)
                              /home/kamal/ti/TivaWare_C_Series-2.1.4.178/driverlib/gcc/libdriver.a(sysctl.o) (IntRegister)
/home/kamal/ti/ccsv7/tools/compiler/gcc-arm-none-eabi-6-2017-q1-update/bin/../lib/gcc/arm-none-eabi/6.3.1/thumb/v7e-m/fpv4-sp/hard/libgcc.a(_fixunssfdi.o)
                              ./drivers/rgb.o (__aeabi_f2ulz)
/home/kamal/ti/ccsv7/tools/compiler/gcc-arm-none-eabi-6-2017-q1-update/bin/../lib/gcc/arm-none-eabi/6.3.1/thumb/v7e-m/fpv4-sp/hard/libgcc.a(_arm_addsubdf3.o)
                              /home/kamal/ti/ccsv7/tools/compiler/gcc-arm-none-eabi-6-2017-q1-update/bin/../lib/gcc/arm-none-eabi/6.3.1/thumb/v7e-m/fpv4-sp/hard/libgcc.a(_fixunssfdi.o) (__aeabi_dsub)
/home/kamal/ti/ccsv7/tools/compiler/gcc-arm-none-eabi-6-2017-q1-update/bin/../lib/gcc/arm-none-eabi/6.3.1/thumb/v7e-m/fpv4-sp/hard/libgcc.a(_arm_muldivdf3.o)
                              /home/kamal/ti/ccsv7/tools/compiler/gcc-arm-none-eabi-6-2017-q1-update/bin/../lib/gcc/arm-none-eabi/6.3.1/thumb/v7e-m/fpv4-sp/hard/libgcc.a(_fixunssfdi.o) (__aeabi_dmul)
/home/kamal/ti/ccsv7/tools/compiler/gcc-arm-none-eabi-6-2017-q1-update/bin/../lib/gcc/arm-none-eabi/6.3.1/thumb/v7e-m/fpv4-sp/hard/libgcc.a(_arm_fixunsdfsi.o)
                              /home/kamal/ti/ccsv7/tools/compiler/gcc-arm-none-eabi-6-2017-q1-update/bin/../lib/gcc/arm-none-eabi/6.3.1/thumb/v7e-m/fpv4-sp/hard/libgcc.a(_fixunssfdi.o) (__aeabi_d2uiz)
/home/kamal/ti/ccsv7/tools/compiler/gcc-arm-none-eabi-6-2017-q1-update/bin/../lib/gcc/arm-none-eabi/6.3.1/../../../../arm-none-eabi/lib/thumb/v7e-m/fpv4-sp/hard/libg.a(lib_a-exit.o)
                              /home/kamal/ti/ccsv7/tools/compiler/gcc-arm-none-eabi-6-2017-q1-update/bin/../lib/gcc/arm-none-eabi/6.3.1/../../../../arm-none-eabi/lib/thumb/v7e-m/fpv4-sp/hard/crt0.o (exit)
/home/kamal/ti/ccsv7/tools/compiler/gcc-arm-none-eabi-6-2017-q1-update/bin/../lib/gcc/arm-none-eabi/6.3.1/../../../../arm-none-eabi/lib/thumb/v7e-m/fpv4-sp/hard/libg.a(lib_a-impure.o)
                              /home/kamal/ti/ccsv7/tools/compiler/gcc-arm-none-eabi-6-2017-q1-update/bin/../lib/gcc/arm-none-eabi/6.3.1/../../../../arm-none-eabi/lib/thumb/v7e-m/fpv4-sp/hard/libg.a(lib_a-exit.o) (_global_impure_ptr)
/home/kamal/ti/ccsv7/tools/compiler/gcc-arm-none-eabi-6-2017-q1-update/bin/../lib/gcc/arm-none-eabi/6.3.1/../../../../arm-none-eabi/lib/thumb/v7e-m/fpv4-sp/hard/libg.a(lib_a-init.o)
                              /home/kamal/ti/ccsv7/tools/compiler/gcc-arm-none-eabi-6-2017-q1-update/bin/../lib/gcc/arm-none-eabi/6.3.1/../../../../arm-none-eabi/lib/thumb/v7e-m/fpv4-sp/hard/crt0.o (__libc_init_array)
/home/kamal/ti/ccsv7/tools/compiler/gcc-arm-none-eabi-6-2017-q1-update/bin/../lib/gcc/arm-none-eabi/6.3.1/../../../../arm-none-eabi/lib/thumb/v7e-m/fpv4-sp/hard/libg.a(lib_a-memcpy.o)
                              ./FreeRTOS/queue.o (memcpy)
/home/kamal/ti/ccsv7/tools/compiler/gcc-arm-none-eabi-6-2017-q1-update/bin/../lib/gcc/arm-none-eabi/6.3.1/../../../../arm-none-eabi/lib/thumb/v7e-m/fpv4-sp/hard/libg.a(lib_a-memset.o)
                              /home/kamal/ti/ccsv7/tools/compiler/gcc-arm-none-eabi-6-2017-q1-update/bin/../lib/gcc/arm-none-eabi/6.3.1/../../../../arm-none-eabi/lib/thumb/v7e-m/fpv4-sp/hard/crt0.o (memset)
/home/kamal/ti/ccsv7/tools/compiler/gcc-arm-none-eabi-6-2017-q1-update/bin/../lib/gcc/arm-none-eabi/6.3.1/../../../../arm-none-eabi/lib/thumb/v7e-m/fpv4-sp/hard/libg.a(lib_a-__call_atexit.o)
                              /home/kamal/ti/ccsv7/tools/compiler/gcc-arm-none-eabi-6-2017-q1-update/bin/../lib/gcc/arm-none-eabi/6.3.1/../../../../arm-none-eabi/lib/thumb/v7e-m/fpv4-sp/hard/libg.a(lib_a-exit.o) (__call_exitprocs)
/home/kamal/ti/ccsv7/tools/compiler/gcc-arm-none-eabi-6-2017-q1-update/bin/../lib/gcc/arm-none-eabi/6.3.1/../../../../arm-none-eabi/lib/thumb/v7e-m/fpv4-sp/hard/libg.a(lib_a-atexit.o)
                              /home/kamal/ti/ccsv7/tools/compiler/gcc-arm-none-eabi-6-2017-q1-update/bin/../lib/gcc/arm-none-eabi/6.3.1/../../../../arm-none-eabi/lib/thumb/v7e-m/fpv4-sp/hard/libg.a(lib_a-__call_atexit.o) (atexit)
/home/kamal/ti/ccsv7/tools/compiler/gcc-arm-none-eabi-6-2017-q1-update/bin/../lib/gcc/arm-none-eabi/6.3.1/../../../../arm-none-eabi/lib/thumb/v7e-m/fpv4-sp/hard/libg.a(lib_a-fini.o)
                              /home/kamal/ti/ccsv7/tools/compiler/gcc-arm-none-eabi-6-2017-q1-update/bin/../lib/gcc/arm-none-eabi/6.3.1/../../../../arm-none-eabi/lib/thumb/v7e-m/fpv4-sp/hard/libg.a(lib_a-__call_atexit.o) (__libc_fini_array)
/home/kamal/ti/ccsv7/tools/compiler/gcc-arm-none-eabi-6-2017-q1-update/bin/../lib/gcc/arm-none-eabi/6.3.1/../../../../arm-none-eabi/lib/thumb/v7e-m/fpv4-sp/hard/libg.a(lib_a-lock.o)
                              /home/kamal/ti/ccsv7/tools/compiler/gcc-arm-none-eabi-6-2017-q1-update/bin/../lib/gcc/arm-none-eabi/6.3.1/../../../../arm-none-eabi/lib/thumb/v7e-m/fpv4-sp/hard/libg.a(lib_a-__call_atexit.o) (__retarget_lock_acquire_recursive)
/home/kamal/ti/ccsv7/tools/compiler/gcc-arm-none-eabi-6-2017-q1-update/bin/../lib/gcc/arm-none-eabi/6.3.1/../../../../arm-none-eabi/lib/thumb/v7e-m/fpv4-sp/hard/libg.a(lib_a-__atexit.o)
                              /home/kamal/ti/ccsv7/tools/compiler/gcc-arm-none-eabi-6-2017-q1-update/bin/../lib/gcc/arm-none-eabi/6.3.1/../../../../arm-none-eabi/lib/thumb/v7e-m/fpv4-sp/hard/libg.a(lib_a-atexit.o) (__register_exitproc)
/home/kamal/ti/ccsv7/tools/compiler/gcc-arm-none-eabi-6-2017-q1-update/bin/../lib/gcc/arm-none-eabi/6.3.1/../../../../arm-none-eabi/lib/thumb/v7e-m/fpv4-sp/hard/libnosys.a(_exit.o)
                              /home/kamal/ti/ccsv7/tools/compiler/gcc-arm-none-eabi-6-2017-q1-update/bin/../lib/gcc/arm-none-eabi/6.3.1/../../../../arm-none-eabi/lib/thumb/v7e-m/fpv4-sp/hard/libg.a(lib_a-exit.o) (_exit)

Allocating common symbols
Common symbol       size              file

__lock___atexit_recursive_mutex
                    0x1               /home/kamal/ti/ccsv7/tools/compiler/gcc-arm-none-eabi-6-2017-q1-update/bin/../lib/gcc/arm-none-eabi/6.3.1/../../../../arm-none-eabi/lib/thumb/v7e-m/fpv4-sp/hard/libg.a(lib_a-lock.o)
__lock___arc4random_mutex
                    0x1               /home/kamal/ti/ccsv7/tools/compiler/gcc-arm-none-eabi-6-2017-q1-update/bin/../lib/gcc/arm-none-eabi/6.3.1/../../../../arm-none-eabi/lib/thumb/v7e-m/fpv4-sp/hard/libg.a(lib_a-lock.o)
xQueueRegistry      0x28              ./FreeRTOS/queue.o
__lock___env_recursive_mutex
                    0x1               /home/kamal/ti/ccsv7/tools/compiler/gcc-arm-none-eabi-6-2017-q1-update/bin/../lib/gcc/arm-none-eabi/6.3.1/../../../../arm-none-eabi/lib/thumb/v7e-m/fpv4-sp/hard/libg.a(lib_a-lock.o)
__lock___sinit_recursive_mutex
                    0x1               /home/kamal/ti/ccsv7/tools/compiler/gcc-arm-none-eabi-6-2017-q1-update/bin/../lib/gcc/arm-none-eabi/6.3.1/../../../../arm-none-eabi/lib/thumb/v7e-m/fpv4-sp/hard/libg.a(lib_a-lock.o)
__lock___malloc_recursive_mutex
                    0x1               /home/kamal/ti/ccsv7/tools/compiler/gcc-arm-none-eabi-6-2017-q1-update/bin/../lib/gcc/arm-none-eabi/6.3.1/../../../../arm-none-eabi/lib/thumb/v7e-m/fpv4-sp/hard/libg.a(lib_a-lock.o)
__lock___at_quick_exit_mutex
                    0x1               /home/kamal/ti/ccsv7/tools/compiler/gcc-arm-none-eabi-6-2017-q1-update/bin/../lib/gcc/arm-none-eabi/6.3.1/../../../../arm-none-eabi/lib/thumb/v7e-m/fpv4-sp/hard/libg.a(lib_a-lock.o)
__lock___dd_hash_mutex
                    0x1               /home/kamal/ti/ccsv7/tools/compiler/gcc-arm-none-eabi-6-2017-q1-update/bin/../lib/gcc/arm-none-eabi/6.3.1/../../../../arm-none-eabi/lib/thumb/v7e-m/fpv4-sp/hard/libg.a(lib_a-lock.o)
__lock___tz_mutex   0x1               /home/kamal/ti/ccsv7/tools/compiler/gcc-arm-none-eabi-6-2017-q1-update/bin/../lib/gcc/arm-none-eabi/6.3.1/../../../../arm-none-eabi/lib/thumb/v7e-m/fpv4-sp/hard/libg.a(lib_a-lock.o)
__lock___sfp_recursive_mutex
                    0x1               /home/kamal/ti/ccsv7/tools/compiler/gcc-arm-none-eabi-6-2017-q1-update/bin/../lib/gcc/arm-none-eabi/6.3.1/../../../../arm-none-eabi/lib/thumb/v7e-m/fpv4-sp/hard/libg.a(lib_a-lock.o)

Discarded input sections

 .text          0x0000000000000000        0x0 /home/kamal/ti/ccsv7/tools/compiler/gcc-arm-none-eabi-6-2017-q1-update/bin/../lib/gcc/arm-none-eabi/6.3.1/thumb/v7e-m/fpv4-sp/hard/crti.o
 .data          0x0000000000000000        0x0 /home/kamal/ti/ccsv7/tools/compiler/gcc-arm-none-eabi-6-2017-q1-update/bin/../lib/gcc/arm-none-eabi/6.3.1/thumb/v7e-m/fpv4-sp/hard/crti.o
 .bss           0x0000000000000000        0x0 /home/kamal/ti/ccsv7/tools/compiler/gcc-arm-none-eabi-6-2017-q1-update/bin/../lib/gcc/arm-none-eabi/6.3.1/thumb/v7e-m/fpv4-sp/hard/crti.o
 .data          0x0000000000000000        0x4 /home/kamal/ti/ccsv7/tools/compiler/gcc-arm-none-eabi-6-2017-q1-update/bin/../lib/gcc/arm-none-eabi/6.3.1/thumb/v7e-m/fpv4-sp/hard/crtbegin.o
 .fini_array    0x0000000000000000        0x4 /home/kamal/ti/ccsv7/tools/compiler/gcc-arm-none-eabi-6-2017-q1-update/bin/../lib/gcc/arm-none-eabi/6.3.1/thumb/v7e-m/fpv4-sp/hard/crtbegin.o
 .text          0x0000000000000000       0x74 /home/kamal/ti/ccsv7/tools/compiler/gcc-arm-none-eabi-6-2017-q1-update/bin/../lib/gcc/arm-none-eabi/6.3.1/../../../../arm-none-eabi/lib/thumb/v7e-m/fpv4-sp/hard/crt0.o
 .data          0x0000000000000000        0x0 /home/kamal/ti/ccsv7/tools/compiler/gcc-arm-none-eabi-6-2017-q1-update/bin/../lib/gcc/arm-none-eabi/6.3.1/../../../../arm-none-eabi/lib/thumb/v7e-m/fpv4-sp/hard/crt0.o
 .bss           0x0000000000000000        0x0 /home/kamal/ti/ccsv7/tools/compiler/gcc-arm-none-eabi-6-2017-q1-update/bin/../lib/gcc/arm-none-eabi/6.3.1/../../../../arm-none-eabi/lib/thumb/v7e-m/fpv4-sp/hard/crt0.o
 .ARM.extab     0x0000000000000000        0x0 /home/kamal/ti/ccsv7/tools/compiler/gcc-arm-none-eabi-6-2017-q1-update/bin/../lib/gcc/arm-none-eabi/6.3.1/../../../../arm-none-eabi/lib/thumb/v7e-m/fpv4-sp/hard/crt0.o
 .ARM.exidx     0x0000000000000000        0x8 /home/kamal/ti/ccsv7/tools/compiler/gcc-arm-none-eabi-6-2017-q1-update/bin/../lib/gcc/arm-none-eabi/6.3.1/../../../../arm-none-eabi/lib/thumb/v7e-m/fpv4-sp/hard/crt0.o
 .ARM.attributes
                0x0000000000000000       0x20 /home/kamal/ti/ccsv7/tools/compiler/gcc-arm-none-eabi-6-2017-q1-update/bin/../lib/gcc/arm-none-eabi/6.3.1/../../../../arm-none-eabi/lib/thumb/v7e-m/fpv4-sp/hard/crt0.o
 .text          0x0000000000000000        0x0 ./tm4c1233h6pm_startup_ccs_gcc.o
 .data          0x0000000000000000        0x0 ./tm4c1233h6pm_startup_ccs_gcc.o
 .bss           0x0000000000000000        0x0 ./tm4c1233h6pm_startup_ccs_gcc.o
 .text          0x0000000000000000        0x0 ./FreeRTOS/croutine.o
 .data          0x0000000000000000        0x0 ./FreeRTOS/croutine.o
 .bss           0x0000000000000000        0x0 ./FreeRTOS/croutine.o
 .debug_info    0x0000000000000000       0x79 ./FreeRTOS/croutine.o
 .debug_abbrev  0x0000000000000000       0x26 ./FreeRTOS/croutine.o
 .debug_aranges
                0x0000000000000000       0x18 ./FreeRTOS/croutine.o
 .debug_line    0x0000000000000000       0x1d ./FreeRTOS/croutine.o
 .debug_str     0x0000000000000000      0x1e1 ./FreeRTOS/croutine.o
 .comment       0x0000000000000000       0x80 ./FreeRTOS/croutine.o
 .ARM.attributes
                0x0000000000000000       0x39 ./FreeRTOS/croutine.o
 .text          0x0000000000000000        0x0 ./FreeRTOS/event_groups.o
 .data          0x0000000000000000        0x0 ./FreeRTOS/event_groups.o
 .bss           0x0000000000000000        0x0 ./FreeRTOS/event_groups.o
 .text.xEventGroupCreate
                0x0000000000000000       0x1a ./FreeRTOS/event_groups.o
 .text.xEventGroupWaitBits
                0x0000000000000000       0xb0 ./FreeRTOS/event_groups.o
 .text.xEventGroupClearBits
                0x0000000000000000       0x1a ./FreeRTOS/event_groups.o
 .text.xEventGroupGetBitsFromISR
                0x0000000000000000       0x1c ./FreeRTOS/event_groups.o
 .text.xEventGroupSetBits
                0x0000000000000000       0x58 ./FreeRTOS/event_groups.o
 .text.xEventGroupSync
                0x0000000000000000       0x8c ./FreeRTOS/event_groups.o
 .text.vEventGroupDelete
                0x0000000000000000       0x26 ./FreeRTOS/event_groups.o
 .text.vEventGroupSetBitsCallback
                0x0000000000000000        0x4 ./FreeRTOS/event_groups.o
 .text.vEventGroupClearBitsCallback
                0x0000000000000000        0x4 ./FreeRTOS/event_groups.o
 .text.uxEventGroupGetNumber
                0x0000000000000000        0x6 ./FreeRTOS/event_groups.o
 .debug_info    0x0000000000000000      0xf96 ./FreeRTOS/event_groups.o
 .debug_abbrev  0x0000000000000000      0x2ef ./FreeRTOS/event_groups.o
 .debug_loc     0x0000000000000000      0x4e4 ./FreeRTOS/event_groups.o
 .debug_aranges
                0x0000000000000000       0x68 ./FreeRTOS/event_groups.o
 .debug_ranges  0x0000000000000000       0x88 ./FreeRTOS/event_groups.o
 .debug_line    0x0000000000000000      0x446 ./FreeRTOS/event_groups.o
 .debug_str     0x0000000000000000      0x9b9 ./FreeRTOS/event_groups.o
 .comment       0x0000000000000000       0x80 ./FreeRTOS/event_groups.o
 .debug_frame   0x0000000000000000      0x108 ./FreeRTOS/event_groups.o
 .ARM.attributes
                0x0000000000000000       0x39 ./FreeRTOS/event_groups.o
 .text          0x0000000000000000        0x0 ./FreeRTOS/list.o
 .data          0x0000000000000000        0x0 ./FreeRTOS/list.o
 .bss           0x0000000000000000        0x0 ./FreeRTOS/list.o
 .text.vListInitialise
                0x0000000000000000       0x16 ./FreeRTOS/list.o
 .text.vListInitialiseItem
                0x0000000000000000        0x6 ./FreeRTOS/list.o
 .text.vListInsert
                0x0000000000000000       0x2e ./FreeRTOS/list.o
 .text          0x0000000000000000        0x0 ./FreeRTOS/queue.o
 .data          0x0000000000000000        0x0 ./FreeRTOS/queue.o
 .bss           0x0000000000000000        0x0 ./FreeRTOS/queue.o
 .text.prvCopyDataToQueue
                0x0000000000000000       0x66 ./FreeRTOS/queue.o
 .text.prvCopyDataFromQueue
                0x0000000000000000       0x2a ./FreeRTOS/queue.o
 .text.prvUnlockQueue
                0x0000000000000000       0x70 ./FreeRTOS/queue.o
 .text.xQueueGenericReset
                0x0000000000000000       0x6c ./FreeRTOS/queue.o
 .text.xQueueGenericCreate
                0x0000000000000000       0x34 ./FreeRTOS/queue.o
 .text.xQueueCreateCountingSemaphore
                0x0000000000000000       0x12 ./FreeRTOS/queue.o
 .text.xQueueGenericSend
                0x0000000000000000       0xf4 ./FreeRTOS/queue.o
 .text.xQueueCreateMutex
                0x0000000000000000       0x24 ./FreeRTOS/queue.o
 .text.xQueueGiveMutexRecursive
                0x0000000000000000       0x28 ./FreeRTOS/queue.o
 .text.xQueueGenericSendFromISR
                0x0000000000000000       0x68 ./FreeRTOS/queue.o
 .text.xQueueGiveFromISR
                0x0000000000000000       0x5c ./FreeRTOS/queue.o
 .text.xQueueGenericReceive
                0x0000000000000000      0x134 ./FreeRTOS/queue.o
 .text.xQueueTakeMutexRecursive
                0x0000000000000000       0x30 ./FreeRTOS/queue.o
 .text.xQueueReceiveFromISR
                0x0000000000000000       0x68 ./FreeRTOS/queue.o
 .text.xQueuePeekFromISR
                0x0000000000000000       0x30 ./FreeRTOS/queue.o
 .text.uxQueueMessagesWaiting
                0x0000000000000000       0x12 ./FreeRTOS/queue.o
 .text.uxQueueSpacesAvailable
                0x0000000000000000       0x16 ./FreeRTOS/queue.o
 .text.uxQueueMessagesWaitingFromISR
                0x0000000000000000        0x4 ./FreeRTOS/queue.o
 .text.uxQueueGetQueueNumber
                0x0000000000000000        0x4 ./FreeRTOS/queue.o
 .text.vQueueSetQueueNumber
                0x0000000000000000        0x4 ./FreeRTOS/queue.o
 .text.ucQueueGetQueueType
                0x0000000000000000        0x6 ./FreeRTOS/queue.o
 .text.xQueueIsQueueEmptyFromISR
                0x0000000000000000        0xa ./FreeRTOS/queue.o
 .text.xQueueIsQueueFullFromISR
                0x0000000000000000        0xc ./FreeRTOS/queue.o
 .text.vQueueAddToRegistry
                0x0000000000000000       0x24 ./FreeRTOS/queue.o
 .text.pcQueueGetName
                0x0000000000000000       0x24 ./FreeRTOS/queue.o
 .text.vQueueUnregisterQueue
                0x0000000000000000       0x28 ./FreeRTOS/queue.o
 .text.vQueueDelete
                0x0000000000000000       0x12 ./FreeRTOS/queue.o
 .text.vQueueWaitForMessageRestricted
                0x0000000000000000       0x46 ./FreeRTOS/queue.o
 .debug_info    0x0000000000000000     0x1881 ./FreeRTOS/queue.o
 .debug_abbrev  0x0000000000000000      0x31d ./FreeRTOS/queue.o
 .debug_loc     0x0000000000000000      0xb0f ./FreeRTOS/queue.o
 .debug_aranges
                0x0000000000000000       0xf8 ./FreeRTOS/queue.o
 .debug_ranges  0x0000000000000000      0x1c8 ./FreeRTOS/queue.o
 .debug_line    0x0000000000000000      0x727 ./FreeRTOS/queue.o
 .debug_str     0x0000000000000000      0xc97 ./FreeRTOS/queue.o
 .comment       0x0000000000000000       0x80 ./FreeRTOS/queue.o
 .debug_frame   0x0000000000000000      0x300 ./FreeRTOS/queue.o
 .ARM.attributes
                0x0000000000000000       0x39 ./FreeRTOS/queue.o
 COMMON         0x0000000000000000       0x28 ./FreeRTOS/queue.o
 .text          0x0000000000000000        0x0 ./FreeRTOS/tasks.o
 .data          0x0000000000000000        0x0 ./FreeRTOS/tasks.o
 .bss           0x0000000000000000        0x0 ./FreeRTOS/tasks.o
 .text.prvTaskIsTaskSuspended
                0x0000000000000000       0x24 ./FreeRTOS/tasks.o
 .text.prvAddCurrentTaskToDelayedList
                0x0000000000000000       0x74 ./FreeRTOS/tasks.o
 .text.xTaskCreate
                0x0000000000000000      0x1b8 ./FreeRTOS/tasks.o
 .text.vTaskDelete
                0x0000000000000000       0x98 ./FreeRTOS/tasks.o
 .text.eTaskGetState
                0x0000000000000000       0x68 ./FreeRTOS/tasks.o
 .text.uxTaskPriorityGet
                0x0000000000000000       0x1c ./FreeRTOS/tasks.o
 .text.uxTaskPriorityGetFromISR
                0x0000000000000000       0x28 ./FreeRTOS/tasks.o
 .text.vTaskPrioritySet
                0x0000000000000000       0xb0 ./FreeRTOS/tasks.o
 .text.vTaskResume
                0x0000000000000000       0x70 ./FreeRTOS/tasks.o
 .text.xTaskResumeFromISR
                0x0000000000000000       0x84 ./FreeRTOS/tasks.o
 .text.vTaskStartScheduler
                0x0000000000000000       0x68 ./FreeRTOS/tasks.o
 .text.vTaskEndScheduler
                0x0000000000000000       0x20 ./FreeRTOS/tasks.o
 .text.vTaskSuspendAll
                0x0000000000000000       0x10 ./FreeRTOS/tasks.o
 .text.xTaskGetTickCount
                0x0000000000000000        0xc ./FreeRTOS/tasks.o
 .text.xTaskGetTickCountFromISR
                0x0000000000000000        0xc ./FreeRTOS/tasks.o
 .text.uxTaskGetNumberOfTasks
                0x0000000000000000        0xc ./FreeRTOS/tasks.o
 .text.pcTaskGetName
                0x0000000000000000       0x10 ./FreeRTOS/tasks.o
 .text.xTaskGetIdleTaskHandle
                0x0000000000000000        0xc ./FreeRTOS/tasks.o
 .text.xTaskResumeAll
                0x0000000000000000       0xd0 ./FreeRTOS/tasks.o
 .text.vTaskDelayUntil
                0x0000000000000000       0x58 ./FreeRTOS/tasks.o
 .text.vTaskDelay
                0x0000000000000000       0x30 ./FreeRTOS/tasks.o
 .text.prvIdleTask
                0x0000000000000000       0x54 ./FreeRTOS/tasks.o
 .text.vTaskSuspend
                0x0000000000000000       0x8c ./FreeRTOS/tasks.o
 .text.vTaskPlaceOnEventList
                0x0000000000000000       0x20 ./FreeRTOS/tasks.o
 .text.vTaskPlaceOnUnorderedEventList
                0x0000000000000000       0x28 ./FreeRTOS/tasks.o
 .text.vTaskPlaceOnEventListRestricted
                0x0000000000000000       0x28 ./FreeRTOS/tasks.o
 .text.xTaskRemoveFromEventList
                0x0000000000000000       0x6c ./FreeRTOS/tasks.o
 .text.xTaskRemoveFromUnorderedEventList
                0x0000000000000000       0x58 ./FreeRTOS/tasks.o
 .text.vTaskSetTimeOutState
                0x0000000000000000       0x18 ./FreeRTOS/tasks.o
 .text.xTaskCheckForTimeOut
                0x0000000000000000       0x4c ./FreeRTOS/tasks.o
 .text.vTaskMissedYield
                0x0000000000000000        0xc ./FreeRTOS/tasks.o
 .text.uxTaskGetTaskNumber
                0x0000000000000000        0x6 ./FreeRTOS/tasks.o
 .text.vTaskSetTaskNumber
                0x0000000000000000        0x6 ./FreeRTOS/tasks.o
 .text.vTaskSetThreadLocalStoragePointer
                0x0000000000000000       0x18 ./FreeRTOS/tasks.o
 .text.pvTaskGetThreadLocalStoragePointer
                0x0000000000000000       0x1c ./FreeRTOS/tasks.o
 .text.vTaskGetInfo
                0x0000000000000000       0x80 ./FreeRTOS/tasks.o
 .text.prvListTasksWithinSingleList
                0x0000000000000000       0x5a ./FreeRTOS/tasks.o
 .text.uxTaskGetSystemState
                0x0000000000000000       0xa4 ./FreeRTOS/tasks.o
 .text.xTaskGetCurrentTaskHandle
                0x0000000000000000        0xc ./FreeRTOS/tasks.o
 .text.xTaskGetSchedulerState
                0x0000000000000000       0x20 ./FreeRTOS/tasks.o
 .text.vTaskPriorityInherit
                0x0000000000000000       0x70 ./FreeRTOS/tasks.o
 .text.xTaskPriorityDisinherit
                0x0000000000000000       0x54 ./FreeRTOS/tasks.o
 .text.uxTaskResetEventItemValue
                0x0000000000000000       0x18 ./FreeRTOS/tasks.o
 .text.pvTaskIncrementMutexHeldCount
                0x0000000000000000       0x18 ./FreeRTOS/tasks.o
 .text.ulTaskNotifyTake
                0x0000000000000000       0x64 ./FreeRTOS/tasks.o
 .text.xTaskNotifyWait
                0x0000000000000000       0x8c ./FreeRTOS/tasks.o
 .text.xTaskGenericNotify
                0x0000000000000000       0xa4 ./FreeRTOS/tasks.o
 .text.xTaskGenericNotifyFromISR
                0x0000000000000000       0xc0 ./FreeRTOS/tasks.o
 .text.vTaskNotifyGiveFromISR
                0x0000000000000000       0x98 ./FreeRTOS/tasks.o
 .text.xTaskNotifyStateClear
                0x0000000000000000       0x30 ./FreeRTOS/tasks.o
 .bss.uxCurrentNumberOfTasks
                0x0000000000000000        0x4 ./FreeRTOS/tasks.o
 .bss.uxDeletedTasksWaitingCleanUp
                0x0000000000000000        0x4 ./FreeRTOS/tasks.o
 .bss.uxTaskNumber
                0x0000000000000000        0x4 ./FreeRTOS/tasks.o
 .bss.xDelayedTaskList1
                0x0000000000000000       0x14 ./FreeRTOS/tasks.o
 .bss.xDelayedTaskList2
                0x0000000000000000       0x14 ./FreeRTOS/tasks.o
 .bss.xIdleTaskHandle
                0x0000000000000000        0x4 ./FreeRTOS/tasks.o
 .bss.xPendingReadyList
                0x0000000000000000       0x14 ./FreeRTOS/tasks.o
 .bss.xSchedulerRunning
                0x0000000000000000        0x4 ./FreeRTOS/tasks.o
 .bss.xSuspendedTaskList
                0x0000000000000000       0x14 ./FreeRTOS/tasks.o
 .bss.xTasksWaitingTermination
                0x0000000000000000       0x14 ./FreeRTOS/tasks.o
 .rodata.vTaskStartScheduler.str1.1
                0x0000000000000000        0x5 ./FreeRTOS/tasks.o
 .text          0x0000000000000000        0x0 ./FreeRTOS/timers.o
 .data          0x0000000000000000        0x0 ./FreeRTOS/timers.o
 .bss           0x0000000000000000        0x0 ./FreeRTOS/timers.o
 .text.prvCheckForValidListAndQueue
                0x0000000000000000       0x58 ./FreeRTOS/timers.o
 .text.prvInsertTimerInActiveList
                0x0000000000000000       0x3c ./FreeRTOS/timers.o
 .text.xTimerCreateTimerTask
                0x0000000000000000       0x38 ./FreeRTOS/timers.o
 .text.xTimerCreate
                0x0000000000000000       0x34 ./FreeRTOS/timers.o
 .text.xTimerGenericCommand
                0x0000000000000000       0x44 ./FreeRTOS/timers.o
 .text.prvSwitchTimerLists
                0x0000000000000000       0x68 ./FreeRTOS/timers.o
 .text.prvTimerTask
                0x0000000000000000      0x188 ./FreeRTOS/timers.o
 .text.xTimerGetTimerDaemonTaskHandle
                0x0000000000000000        0xc ./FreeRTOS/timers.o
 .text.xTimerGetPeriod
                0x0000000000000000        0x4 ./FreeRTOS/timers.o
 .text.xTimerGetExpiryTime
                0x0000000000000000        0x4 ./FreeRTOS/timers.o
 .text.pcTimerGetName
                0x0000000000000000        0x4 ./FreeRTOS/timers.o
 .text.xTimerIsTimerActive
                0x0000000000000000       0x18 ./FreeRTOS/timers.o
 .text.pvTimerGetTimerID
                0x0000000000000000       0x12 ./FreeRTOS/timers.o
 .text.vTimerSetTimerID
                0x0000000000000000       0x14 ./FreeRTOS/timers.o
 .bss.pxCurrentTimerList
                0x0000000000000000        0x4 ./FreeRTOS/timers.o
 .bss.pxOverflowTimerList
                0x0000000000000000        0x4 ./FreeRTOS/timers.o
 .bss.xActiveTimerList1
                0x0000000000000000       0x14 ./FreeRTOS/timers.o
 .bss.xActiveTimerList2
                0x0000000000000000       0x14 ./FreeRTOS/timers.o
 .bss.xLastTime.6524
                0x0000000000000000        0x4 ./FreeRTOS/timers.o
 .bss.xTimerQueue
                0x0000000000000000        0x4 ./FreeRTOS/timers.o
 .bss.xTimerTaskHandle
                0x0000000000000000        0x4 ./FreeRTOS/timers.o
 .rodata.prvCheckForValidListAndQueue.str1.1
                0x0000000000000000        0x5 ./FreeRTOS/timers.o
 .rodata.xTimerCreateTimerTask.str1.1
                0x0000000000000000        0x8 ./FreeRTOS/timers.o
 .debug_info    0x0000000000000000     0x1306 ./FreeRTOS/timers.o
 .debug_abbrev  0x0000000000000000      0x2fc ./FreeRTOS/timers.o
 .debug_loc     0x0000000000000000      0x4be ./FreeRTOS/timers.o
 .debug_aranges
                0x0000000000000000       0x88 ./FreeRTOS/timers.o
 .debug_ranges  0x0000000000000000       0xe8 ./FreeRTOS/timers.o
 .debug_line    0x0000000000000000      0x4cd ./FreeRTOS/timers.o
 .debug_str     0x0000000000000000      0xb43 ./FreeRTOS/timers.o
 .comment       0x0000000000000000       0x80 ./FreeRTOS/timers.o
 .debug_frame   0x0000000000000000      0x190 ./FreeRTOS/timers.o
 .ARM.attributes
                0x0000000000000000       0x39 ./FreeRTOS/timers.o
 .text          0x0000000000000000        0x0 ./FreeRTOS/portable/GCC/ARM_CM4F/port.o
 .data          0x0000000000000000        0x0 ./FreeRTOS/portable/GCC/ARM_CM4F/port.o
 .bss           0x0000000000000000        0x0 ./FreeRTOS/portable/GCC/ARM_CM4F/port.o
 .text.prvTaskExitError
                0x0000000000000000       0x12 ./FreeRTOS/portable/GCC/ARM_CM4F/port.o
 .text.prvPortStartFirstTask
                0x0000000000000000       0x20 ./FreeRTOS/portable/GCC/ARM_CM4F/port.o
 .text.vPortEnableVFP
                0x0000000000000000       0x14 ./FreeRTOS/portable/GCC/ARM_CM4F/port.o
 .text.pxPortInitialiseStack
                0x0000000000000000       0x2c ./FreeRTOS/portable/GCC/ARM_CM4F/port.o
 .text.vPortEndScheduler
                0x0000000000000000        0x2 ./FreeRTOS/portable/GCC/ARM_CM4F/port.o
 .text.vPortEnterCritical
                0x0000000000000000       0x20 ./FreeRTOS/portable/GCC/ARM_CM4F/port.o
 .text.vPortExitCritical
                0x0000000000000000       0x14 ./FreeRTOS/portable/GCC/ARM_CM4F/port.o
 .text.vPortSetupTimerInterrupt
                0x0000000000000000       0x14 ./FreeRTOS/portable/GCC/ARM_CM4F/port.o
 .text.xPortStartScheduler
                0x0000000000000000       0x40 ./FreeRTOS/portable/GCC/ARM_CM4F/port.o
 .data.uxCriticalNesting
                0x0000000000000000        0x4 ./FreeRTOS/portable/GCC/ARM_CM4F/port.o
 .text          0x0000000000000000        0x0 ./FreeRTOS/portable/MemMang/heap_2.o
 .data          0x0000000000000000        0x0 ./FreeRTOS/portable/MemMang/heap_2.o
 .bss           0x0000000000000000        0x0 ./FreeRTOS/portable/MemMang/heap_2.o
 .text.pvPortMalloc
                0x0000000000000000       0xb4 ./FreeRTOS/portable/MemMang/heap_2.o
 .text.vPortFree
                0x0000000000000000       0x40 ./FreeRTOS/portable/MemMang/heap_2.o
 .text.xPortGetFreeHeapSize
                0x0000000000000000        0xc ./FreeRTOS/portable/MemMang/heap_2.o
 .text.vPortInitialiseBlocks
                0x0000000000000000        0x2 ./FreeRTOS/portable/MemMang/heap_2.o
 .bss.ucHeap    0x0000000000000000     0x2710 ./FreeRTOS/portable/MemMang/heap_2.o
 .bss.xEnd      0x0000000000000000        0x8 ./FreeRTOS/portable/MemMang/heap_2.o
 .bss.xHeapHasBeenInitialised.6251
                0x0000000000000000        0x4 ./FreeRTOS/portable/MemMang/heap_2.o
 .bss.xStart    0x0000000000000000        0x8 ./FreeRTOS/portable/MemMang/heap_2.o
 .data.xFreeBytesRemaining
                0x0000000000000000        0x4 ./FreeRTOS/portable/MemMang/heap_2.o
 .debug_info    0x0000000000000000      0xb37 ./FreeRTOS/portable/MemMang/heap_2.o
 .debug_abbrev  0x0000000000000000      0x2b7 ./FreeRTOS/portable/MemMang/heap_2.o
 .debug_loc     0x0000000000000000      0x1e4 ./FreeRTOS/portable/MemMang/heap_2.o
 .debug_aranges
                0x0000000000000000       0x38 ./FreeRTOS/portable/MemMang/heap_2.o
 .debug_ranges  0x0000000000000000       0x58 ./FreeRTOS/portable/MemMang/heap_2.o
 .debug_line    0x0000000000000000      0x311 ./FreeRTOS/portable/MemMang/heap_2.o
 .debug_str     0x0000000000000000      0x761 ./FreeRTOS/portable/MemMang/heap_2.o
 .comment       0x0000000000000000       0x80 ./FreeRTOS/portable/MemMang/heap_2.o
 .debug_frame   0x0000000000000000       0x74 ./FreeRTOS/portable/MemMang/heap_2.o
 .ARM.attributes
                0x0000000000000000       0x39 ./FreeRTOS/portable/MemMang/heap_2.o
 .text          0x0000000000000000        0x0 ./drivers/buttons.o
 .data          0x0000000000000000        0x0 ./drivers/buttons.o
 .bss           0x0000000000000000        0x0 ./drivers/buttons.o
 .text.ButtonsPoll
                0x0000000000000000       0x80 ./drivers/buttons.o
 .text.ButtonsInit
                0x0000000000000000       0x6c ./drivers/buttons.o
 .bss.ui8SwitchClockA.5574
                0x0000000000000000        0x1 ./drivers/buttons.o
 .bss.ui8SwitchClockB.5575
                0x0000000000000000        0x1 ./drivers/buttons.o
 .data.g_ui8ButtonStates
                0x0000000000000000        0x1 ./drivers/buttons.o
 .debug_info    0x0000000000000000      0x152 ./drivers/buttons.o
 .debug_abbrev  0x0000000000000000       0x9b ./drivers/buttons.o
 .debug_loc     0x0000000000000000       0x6d ./drivers/buttons.o
 .debug_aranges
                0x0000000000000000       0x28 ./drivers/buttons.o
 .debug_ranges  0x0000000000000000       0x18 ./drivers/buttons.o
 .debug_line    0x0000000000000000      0x17b ./drivers/buttons.o
 .debug_str     0x0000000000000000      0x271 ./drivers/buttons.o
 .comment       0x0000000000000000       0x80 ./drivers/buttons.o
 .debug_frame   0x0000000000000000       0x4c ./drivers/buttons.o
 .ARM.attributes
                0x0000000000000000       0x39 ./drivers/buttons.o
 .text          0x0000000000000000        0x0 ./drivers/rgb.o
 .data          0x0000000000000000        0x0 ./drivers/rgb.o
 .bss           0x0000000000000000        0x0 ./drivers/rgb.o
 .text.RGBEnable
                0x0000000000000000       0xc0 ./drivers/rgb.o
 .text.RGBInit  0x0000000000000000      0x100 ./drivers/rgb.o
 .text.RGBDisable
                0x0000000000000000       0x64 ./drivers/rgb.o
 .text.RGBBlinkIntHandler
                0x0000000000000000       0x3c ./drivers/rgb.o
 .text.RGBColorSet
                0x0000000000000000       0x8c ./drivers/rgb.o
 .text.RGBIntensitySet
                0x0000000000000000       0x14 ./drivers/rgb.o
 .text.RGBSet   0x0000000000000000       0x1e ./drivers/rgb.o
 .text.RGBBlinkRateSet
                0x0000000000000000       0x78 ./drivers/rgb.o
 .text.RGBColorGet
                0x0000000000000000       0x14 ./drivers/rgb.o
 .bss.g_ui32Colors
                0x0000000000000000        0xc ./drivers/rgb.o
 .bss.ulFlags.5738
                0x0000000000000000        0x4 ./drivers/rgb.o
 .data.g_fIntensity
                0x0000000000000000        0x4 ./drivers/rgb.o
 .debug_info    0x0000000000000000      0x269 ./drivers/rgb.o
 .debug_abbrev  0x0000000000000000      0x109 ./drivers/rgb.o
 .debug_loc     0x0000000000000000       0xbc ./drivers/rgb.o
 .debug_aranges
                0x0000000000000000       0x60 ./drivers/rgb.o
 .debug_ranges  0x0000000000000000       0x50 ./drivers/rgb.o
 .debug_line    0x0000000000000000      0x232 ./drivers/rgb.o
 .debug_str     0x0000000000000000      0x2d0 ./drivers/rgb.o
 .comment       0x0000000000000000       0x80 ./drivers/rgb.o
 .debug_frame   0x0000000000000000      0x150 ./drivers/rgb.o
 .ARM.attributes
                0x0000000000000000       0x39 ./drivers/rgb.o
 .text          0x0000000000000000        0x0 /home/kamal/ti/TivaWare_C_Series-2.1.4.178/driverlib/gcc/libdriver.a(sysctl.o)
 .data          0x0000000000000000        0x0 /home/kamal/ti/TivaWare_C_Series-2.1.4.178/driverlib/gcc/libdriver.a(sysctl.o)
 .bss           0x0000000000000000        0x0 /home/kamal/ti/TivaWare_C_Series-2.1.4.178/driverlib/gcc/libdriver.a(sysctl.o)
 .text._SysCtlMemTimingGet
                0x0000000000000000       0x24 /home/kamal/ti/TivaWare_C_Series-2.1.4.178/driverlib/gcc/libdriver.a(sysctl.o)
 .text.SysCtlSRAMSizeGet
                0x0000000000000000       0x10 /home/kamal/ti/TivaWare_C_Series-2.1.4.178/driverlib/gcc/libdriver.a(sysctl.o)
 .text.SysCtlFlashSizeGet
                0x0000000000000000       0x3c /home/kamal/ti/TivaWare_C_Series-2.1.4.178/driverlib/gcc/libdriver.a(sysctl.o)
 .text.SysCtlFlashSectorSizeGet
                0x0000000000000000       0x38 /home/kamal/ti/TivaWare_C_Series-2.1.4.178/driverlib/gcc/libdriver.a(sysctl.o)
 .text.SysCtlPeripheralPresent
                0x0000000000000000       0x26 /home/kamal/ti/TivaWare_C_Series-2.1.4.178/driverlib/gcc/libdriver.a(sysctl.o)
 .text.SysCtlPeripheralReady
                0x0000000000000000       0x26 /home/kamal/ti/TivaWare_C_Series-2.1.4.178/driverlib/gcc/libdriver.a(sysctl.o)
 .text.SysCtlPeripheralPowerOn
                0x0000000000000000       0x22 /home/kamal/ti/TivaWare_C_Series-2.1.4.178/driverlib/gcc/libdriver.a(sysctl.o)
 .text.SysCtlPeripheralPowerOff
                0x0000000000000000       0x22 /home/kamal/ti/TivaWare_C_Series-2.1.4.178/driverlib/gcc/libdriver.a(sysctl.o)
 .text.SysCtlPeripheralReset
                0x0000000000000000       0x3a /home/kamal/ti/TivaWare_C_Series-2.1.4.178/driverlib/gcc/libdriver.a(sysctl.o)
 .text.SysCtlPeripheralEnable
                0x0000000000000000       0x22 /home/kamal/ti/TivaWare_C_Series-2.1.4.178/driverlib/gcc/libdriver.a(sysctl.o)
 .text.SysCtlPeripheralDisable
                0x0000000000000000       0x22 /home/kamal/ti/TivaWare_C_Series-2.1.4.178/driverlib/gcc/libdriver.a(sysctl.o)
 .text.SysCtlPeripheralSleepEnable
                0x0000000000000000       0x22 /home/kamal/ti/TivaWare_C_Series-2.1.4.178/driverlib/gcc/libdriver.a(sysctl.o)
 .text.SysCtlPeripheralSleepDisable
                0x0000000000000000       0x22 /home/kamal/ti/TivaWare_C_Series-2.1.4.178/driverlib/gcc/libdriver.a(sysctl.o)
 .text.SysCtlPeripheralDeepSleepEnable
                0x0000000000000000       0x22 /home/kamal/ti/TivaWare_C_Series-2.1.4.178/driverlib/gcc/libdriver.a(sysctl.o)
 .text.SysCtlPeripheralDeepSleepDisable
                0x0000000000000000       0x22 /home/kamal/ti/TivaWare_C_Series-2.1.4.178/driverlib/gcc/libdriver.a(sysctl.o)
 .text.SysCtlPeripheralClockGating
                0x0000000000000000       0x48 /home/kamal/ti/TivaWare_C_Series-2.1.4.178/driverlib/gcc/libdriver.a(sysctl.o)
 .text.SysCtlIntRegister
                0x0000000000000000       0x14 /home/kamal/ti/TivaWare_C_Series-2.1.4.178/driverlib/gcc/libdriver.a(sysctl.o)
 .text.SysCtlIntUnregister
                0x0000000000000000       0x12 /home/kamal/ti/TivaWare_C_Series-2.1.4.178/driverlib/gcc/libdriver.a(sysctl.o)
 .text.SysCtlIntEnable
                0x0000000000000000       0x10 /home/kamal/ti/TivaWare_C_Series-2.1.4.178/driverlib/gcc/libdriver.a(sysctl.o)
 .text.SysCtlIntDisable
                0x0000000000000000       0x10 /home/kamal/ti/TivaWare_C_Series-2.1.4.178/driverlib/gcc/libdriver.a(sysctl.o)
 .text.SysCtlIntClear
                0x0000000000000000        0xc /home/kamal/ti/TivaWare_C_Series-2.1.4.178/driverlib/gcc/libdriver.a(sysctl.o)
 .text.SysCtlIntStatus
                0x0000000000000000       0x14 /home/kamal/ti/TivaWare_C_Series-2.1.4.178/driverlib/gcc/libdriver.a(sysctl.o)
 .text.SysCtlLDOSleepSet
                0x0000000000000000        0xc /home/kamal/ti/TivaWare_C_Series-2.1.4.178/driverlib/gcc/libdriver.a(sysctl.o)
 .text.SysCtlLDOSleepGet
                0x0000000000000000        0xc /home/kamal/ti/TivaWare_C_Series-2.1.4.178/driverlib/gcc/libdriver.a(sysctl.o)
 .text.SysCtlLDODeepSleepSet
                0x0000000000000000        0xc /home/kamal/ti/TivaWare_C_Series-2.1.4.178/driverlib/gcc/libdriver.a(sysctl.o)
 .text.SysCtlLDODeepSleepGet
                0x0000000000000000        0xc /home/kamal/ti/TivaWare_C_Series-2.1.4.178/driverlib/gcc/libdriver.a(sysctl.o)
 .text.SysCtlSleepPowerSet
                0x0000000000000000        0xc /home/kamal/ti/TivaWare_C_Series-2.1.4.178/driverlib/gcc/libdriver.a(sysctl.o)
 .text.SysCtlDeepSleepPowerSet
                0x0000000000000000        0xc /home/kamal/ti/TivaWare_C_Series-2.1.4.178/driverlib/gcc/libdriver.a(sysctl.o)
 .text.SysCtlReset
                0x0000000000000000       0x10 /home/kamal/ti/TivaWare_C_Series-2.1.4.178/driverlib/gcc/libdriver.a(sysctl.o)
 .text.SysCtlSleep
                0x0000000000000000        0x4 /home/kamal/ti/TivaWare_C_Series-2.1.4.178/driverlib/gcc/libdriver.a(sysctl.o)
 .text.SysCtlDeepSleep
                0x0000000000000000       0x20 /home/kamal/ti/TivaWare_C_Series-2.1.4.178/driverlib/gcc/libdriver.a(sysctl.o)
 .text.SysCtlResetCauseGet
                0x0000000000000000        0xc /home/kamal/ti/TivaWare_C_Series-2.1.4.178/driverlib/gcc/libdriver.a(sysctl.o)
 .text.SysCtlResetCauseClear
                0x0000000000000000       0x10 /home/kamal/ti/TivaWare_C_Series-2.1.4.178/driverlib/gcc/libdriver.a(sysctl.o)
 .text.SysCtlDelay
                0x0000000000000000        0x8 /home/kamal/ti/TivaWare_C_Series-2.1.4.178/driverlib/gcc/libdriver.a(sysctl.o)
 .text.SysCtlMOSCConfigSet
                0x0000000000000000        0xc /home/kamal/ti/TivaWare_C_Series-2.1.4.178/driverlib/gcc/libdriver.a(sysctl.o)
 .text.SysCtlPIOSCCalibrate
                0x0000000000000000       0x48 /home/kamal/ti/TivaWare_C_Series-2.1.4.178/driverlib/gcc/libdriver.a(sysctl.o)
 .text.SysCtlResetBehaviorSet
                0x0000000000000000        0xc /home/kamal/ti/TivaWare_C_Series-2.1.4.178/driverlib/gcc/libdriver.a(sysctl.o)
 .text.SysCtlResetBehaviorGet
                0x0000000000000000        0xc /home/kamal/ti/TivaWare_C_Series-2.1.4.178/driverlib/gcc/libdriver.a(sysctl.o)
 .text.SysCtlClockFreqSet
                0x0000000000000000      0x248 /home/kamal/ti/TivaWare_C_Series-2.1.4.178/driverlib/gcc/libdriver.a(sysctl.o)
 .text.SysCtlClockSet
                0x0000000000000000      0x11c /home/kamal/ti/TivaWare_C_Series-2.1.4.178/driverlib/gcc/libdriver.a(sysctl.o)
 .text.SysCtlClockGet
                0x0000000000000000      0x12c /home/kamal/ti/TivaWare_C_Series-2.1.4.178/driverlib/gcc/libdriver.a(sysctl.o)
 .text.SysCtlDeepSleepClockSet
                0x0000000000000000        0xc /home/kamal/ti/TivaWare_C_Series-2.1.4.178/driverlib/gcc/libdriver.a(sysctl.o)
 .text.SysCtlDeepSleepClockConfigSet
                0x0000000000000000       0x60 /home/kamal/ti/TivaWare_C_Series-2.1.4.178/driverlib/gcc/libdriver.a(sysctl.o)
 .text.SysCtlPWMClockSet
                0x0000000000000000       0x14 /home/kamal/ti/TivaWare_C_Series-2.1.4.178/driverlib/gcc/libdriver.a(sysctl.o)
 .text.SysCtlPWMClockGet
                0x0000000000000000       0x18 /home/kamal/ti/TivaWare_C_Series-2.1.4.178/driverlib/gcc/libdriver.a(sysctl.o)
 .text.SysCtlGPIOAHBEnable
                0x0000000000000000       0x18 /home/kamal/ti/TivaWare_C_Series-2.1.4.178/driverlib/gcc/libdriver.a(sysctl.o)
 .text.SysCtlGPIOAHBDisable
                0x0000000000000000       0x1c /home/kamal/ti/TivaWare_C_Series-2.1.4.178/driverlib/gcc/libdriver.a(sysctl.o)
 .text.SysCtlUSBPLLEnable
                0x0000000000000000       0x10 /home/kamal/ti/TivaWare_C_Series-2.1.4.178/driverlib/gcc/libdriver.a(sysctl.o)
 .text.SysCtlUSBPLLDisable
                0x0000000000000000       0x10 /home/kamal/ti/TivaWare_C_Series-2.1.4.178/driverlib/gcc/libdriver.a(sysctl.o)
 .text.SysCtlVoltageEventConfig
                0x0000000000000000        0xc /home/kamal/ti/TivaWare_C_Series-2.1.4.178/driverlib/gcc/libdriver.a(sysctl.o)
 .text.SysCtlVoltageEventStatus
                0x0000000000000000        0xc /home/kamal/ti/TivaWare_C_Series-2.1.4.178/driverlib/gcc/libdriver.a(sysctl.o)
 .text.SysCtlVoltageEventClear
                0x0000000000000000       0x10 /home/kamal/ti/TivaWare_C_Series-2.1.4.178/driverlib/gcc/libdriver.a(sysctl.o)
 .text.SysCtlVCOGet
                0x0000000000000000       0x78 /home/kamal/ti/TivaWare_C_Series-2.1.4.178/driverlib/gcc/libdriver.a(sysctl.o)
 .text.SysCtlNMIStatus
                0x0000000000000000        0xc /home/kamal/ti/TivaWare_C_Series-2.1.4.178/driverlib/gcc/libdriver.a(sysctl.o)
 .text.SysCtlNMIClear
                0x0000000000000000       0x10 /home/kamal/ti/TivaWare_C_Series-2.1.4.178/driverlib/gcc/libdriver.a(sysctl.o)
 .text.SysCtlClockOutConfig
                0x0000000000000000       0x10 /home/kamal/ti/TivaWare_C_Series-2.1.4.178/driverlib/gcc/libdriver.a(sysctl.o)
 .text.SysCtlAltClkConfig
                0x0000000000000000        0xc /home/kamal/ti/TivaWare_C_Series-2.1.4.178/driverlib/gcc/libdriver.a(sysctl.o)
 .rodata.g_pppui32XTALtoVCO
                0x0000000000000000      0x1b0 /home/kamal/ti/TivaWare_C_Series-2.1.4.178/driverlib/gcc/libdriver.a(sysctl.o)
 .rodata.g_pui32VCOFrequencies
                0x0000000000000000        0x8 /home/kamal/ti/TivaWare_C_Series-2.1.4.178/driverlib/gcc/libdriver.a(sysctl.o)
 .rodata.g_sXTALtoMEMTIM
                0x0000000000000000       0x30 /home/kamal/ti/TivaWare_C_Series-2.1.4.178/driverlib/gcc/libdriver.a(sysctl.o)
 .rodata.g_pui32Xtals
                0x0000000000000000       0x6c /home/kamal/ti/TivaWare_C_Series-2.1.4.178/driverlib/gcc/libdriver.a(sysctl.o)
 .comment       0x0000000000000000       0x71 /home/kamal/ti/TivaWare_C_Series-2.1.4.178/driverlib/gcc/libdriver.a(sysctl.o)
 .ARM.attributes
                0x0000000000000000       0x3b /home/kamal/ti/TivaWare_C_Series-2.1.4.178/driverlib/gcc/libdriver.a(sysctl.o)
 .text          0x0000000000000000        0x0 /home/kamal/ti/TivaWare_C_Series-2.1.4.178/driverlib/gcc/libdriver.a(cpu.o)
 .data          0x0000000000000000        0x0 /home/kamal/ti/TivaWare_C_Series-2.1.4.178/driverlib/gcc/libdriver.a(cpu.o)
 .bss           0x0000000000000000        0x0 /home/kamal/ti/TivaWare_C_Series-2.1.4.178/driverlib/gcc/libdriver.a(cpu.o)
 .text.CPUcpsid
                0x0000000000000000        0x8 /home/kamal/ti/TivaWare_C_Series-2.1.4.178/driverlib/gcc/libdriver.a(cpu.o)
 .text.CPUprimask
                0x0000000000000000        0x6 /home/kamal/ti/TivaWare_C_Series-2.1.4.178/driverlib/gcc/libdriver.a(cpu.o)
 .text.CPUcpsie
                0x0000000000000000        0x8 /home/kamal/ti/TivaWare_C_Series-2.1.4.178/driverlib/gcc/libdriver.a(cpu.o)
 .text.CPUwfi   0x0000000000000000        0x4 /home/kamal/ti/TivaWare_C_Series-2.1.4.178/driverlib/gcc/libdriver.a(cpu.o)
 .text.CPUbasepriSet
                0x0000000000000000        0x6 /home/kamal/ti/TivaWare_C_Series-2.1.4.178/driverlib/gcc/libdriver.a(cpu.o)
 .text.CPUbasepriGet
                0x0000000000000000        0x6 /home/kamal/ti/TivaWare_C_Series-2.1.4.178/driverlib/gcc/libdriver.a(cpu.o)
 .comment       0x0000000000000000       0x71 /home/kamal/ti/TivaWare_C_Series-2.1.4.178/driverlib/gcc/libdriver.a(cpu.o)
 .ARM.attributes
                0x0000000000000000       0x3b /home/kamal/ti/TivaWare_C_Series-2.1.4.178/driverlib/gcc/libdriver.a(cpu.o)
 .text          0x0000000000000000        0x0 /home/kamal/ti/TivaWare_C_Series-2.1.4.178/driverlib/gcc/libdriver.a(interrupt.o)
 .data          0x0000000000000000        0x0 /home/kamal/ti/TivaWare_C_Series-2.1.4.178/driverlib/gcc/libdriver.a(interrupt.o)
 .bss           0x0000000000000000        0x0 /home/kamal/ti/TivaWare_C_Series-2.1.4.178/driverlib/gcc/libdriver.a(interrupt.o)
 .text._IntDefaultHandler
                0x0000000000000000        0x2 /home/kamal/ti/TivaWare_C_Series-2.1.4.178/driverlib/gcc/libdriver.a(interrupt.o)
 .text.IntMasterEnable
                0x0000000000000000        0xe /home/kamal/ti/TivaWare_C_Series-2.1.4.178/driverlib/gcc/libdriver.a(interrupt.o)
 .text.IntMasterDisable
                0x0000000000000000        0xe /home/kamal/ti/TivaWare_C_Series-2.1.4.178/driverlib/gcc/libdriver.a(interrupt.o)
 .text.IntRegister
                0x0000000000000000       0x34 /home/kamal/ti/TivaWare_C_Series-2.1.4.178/driverlib/gcc/libdriver.a(interrupt.o)
 .text.IntUnregister
                0x0000000000000000       0x14 /home/kamal/ti/TivaWare_C_Series-2.1.4.178/driverlib/gcc/libdriver.a(interrupt.o)
 .text.IntPriorityGroupingSet
                0x0000000000000000       0x1c /home/kamal/ti/TivaWare_C_Series-2.1.4.178/driverlib/gcc/libdriver.a(interrupt.o)
 .text.IntPriorityGroupingGet
                0x0000000000000000       0x24 /home/kamal/ti/TivaWare_C_Series-2.1.4.178/driverlib/gcc/libdriver.a(interrupt.o)
 .text.IntPrioritySet
                0x0000000000000000       0x2c /home/kamal/ti/TivaWare_C_Series-2.1.4.178/driverlib/gcc/libdriver.a(interrupt.o)
 .text.IntPriorityGet
                0x0000000000000000       0x1c /home/kamal/ti/TivaWare_C_Series-2.1.4.178/driverlib/gcc/libdriver.a(interrupt.o)
 .text.IntEnable
                0x0000000000000000       0x60 /home/kamal/ti/TivaWare_C_Series-2.1.4.178/driverlib/gcc/libdriver.a(interrupt.o)
 .text.IntDisable
                0x0000000000000000       0x60 /home/kamal/ti/TivaWare_C_Series-2.1.4.178/driverlib/gcc/libdriver.a(interrupt.o)
 .text.IntIsEnabled
                0x0000000000000000       0x64 /home/kamal/ti/TivaWare_C_Series-2.1.4.178/driverlib/gcc/libdriver.a(interrupt.o)
 .text.IntPendSet
                0x0000000000000000       0x50 /home/kamal/ti/TivaWare_C_Series-2.1.4.178/driverlib/gcc/libdriver.a(interrupt.o)
 .text.IntPendClear
                0x0000000000000000       0x40 /home/kamal/ti/TivaWare_C_Series-2.1.4.178/driverlib/gcc/libdriver.a(interrupt.o)
 .text.IntPriorityMaskSet
                0x0000000000000000        0x4 /home/kamal/ti/TivaWare_C_Series-2.1.4.178/driverlib/gcc/libdriver.a(interrupt.o)
 .text.IntPriorityMaskGet
                0x0000000000000000        0x4 /home/kamal/ti/TivaWare_C_Series-2.1.4.178/driverlib/gcc/libdriver.a(interrupt.o)
 .text.IntTrigger
                0x0000000000000000        0xc /home/kamal/ti/TivaWare_C_Series-2.1.4.178/driverlib/gcc/libdriver.a(interrupt.o)
 .rodata.g_pui32Priority
                0x0000000000000000       0x20 /home/kamal/ti/TivaWare_C_Series-2.1.4.178/driverlib/gcc/libdriver.a(interrupt.o)
 .rodata.g_pui32Dii16Regs
                0x0000000000000000       0x14 /home/kamal/ti/TivaWare_C_Series-2.1.4.178/driverlib/gcc/libdriver.a(interrupt.o)
 .rodata.g_pui32PendRegs
                0x0000000000000000       0x14 /home/kamal/ti/TivaWare_C_Series-2.1.4.178/driverlib/gcc/libdriver.a(interrupt.o)
 vtable         0x0000000000000000      0x400 /home/kamal/ti/TivaWare_C_Series-2.1.4.178/driverlib/gcc/libdriver.a(interrupt.o)
 .rodata.g_pui32Regs
                0x0000000000000000       0x9c /home/kamal/ti/TivaWare_C_Series-2.1.4.178/driverlib/gcc/libdriver.a(interrupt.o)
 .rodata.g_pui32EnRegs
                0x0000000000000000       0x14 /home/kamal/ti/TivaWare_C_Series-2.1.4.178/driverlib/gcc/libdriver.a(interrupt.o)
 .rodata.g_pui32UnpendRegs
                0x0000000000000000       0x14 /home/kamal/ti/TivaWare_C_Series-2.1.4.178/driverlib/gcc/libdriver.a(interrupt.o)
 .comment       0x0000000000000000       0x71 /home/kamal/ti/TivaWare_C_Series-2.1.4.178/driverlib/gcc/libdriver.a(interrupt.o)
 .ARM.attributes
                0x0000000000000000       0x3b /home/kamal/ti/TivaWare_C_Series-2.1.4.178/driverlib/gcc/libdriver.a(interrupt.o)
 .text          0x0000000000000000       0x4c /home/kamal/ti/ccsv7/tools/compiler/gcc-arm-none-eabi-6-2017-q1-update/bin/../lib/gcc/arm-none-eabi/6.3.1/thumb/v7e-m/fpv4-sp/hard/libgcc.a(_fixunssfdi.o)
 .data          0x0000000000000000        0x0 /home/kamal/ti/ccsv7/tools/compiler/gcc-arm-none-eabi-6-2017-q1-update/bin/../lib/gcc/arm-none-eabi/6.3.1/thumb/v7e-m/fpv4-sp/hard/libgcc.a(_fixunssfdi.o)
 .bss           0x0000000000000000        0x0 /home/kamal/ti/ccsv7/tools/compiler/gcc-arm-none-eabi-6-2017-q1-update/bin/../lib/gcc/arm-none-eabi/6.3.1/thumb/v7e-m/fpv4-sp/hard/libgcc.a(_fixunssfdi.o)
 .debug_frame   0x0000000000000000       0x2c /home/kamal/ti/ccsv7/tools/compiler/gcc-arm-none-eabi-6-2017-q1-update/bin/../lib/gcc/arm-none-eabi/6.3.1/thumb/v7e-m/fpv4-sp/hard/libgcc.a(_fixunssfdi.o)
 .ARM.attributes
                0x0000000000000000       0x34 /home/kamal/ti/ccsv7/tools/compiler/gcc-arm-none-eabi-6-2017-q1-update/bin/../lib/gcc/arm-none-eabi/6.3.1/thumb/v7e-m/fpv4-sp/hard/libgcc.a(_fixunssfdi.o)
 .text          0x0000000000000000      0x370 /home/kamal/ti/ccsv7/tools/compiler/gcc-arm-none-eabi-6-2017-q1-update/bin/../lib/gcc/arm-none-eabi/6.3.1/thumb/v7e-m/fpv4-sp/hard/libgcc.a(_arm_addsubdf3.o)
 .data          0x0000000000000000        0x0 /home/kamal/ti/ccsv7/tools/compiler/gcc-arm-none-eabi-6-2017-q1-update/bin/../lib/gcc/arm-none-eabi/6.3.1/thumb/v7e-m/fpv4-sp/hard/libgcc.a(_arm_addsubdf3.o)
 .bss           0x0000000000000000        0x0 /home/kamal/ti/ccsv7/tools/compiler/gcc-arm-none-eabi-6-2017-q1-update/bin/../lib/gcc/arm-none-eabi/6.3.1/thumb/v7e-m/fpv4-sp/hard/libgcc.a(_arm_addsubdf3.o)
 .debug_frame   0x0000000000000000       0xac /home/kamal/ti/ccsv7/tools/compiler/gcc-arm-none-eabi-6-2017-q1-update/bin/../lib/gcc/arm-none-eabi/6.3.1/thumb/v7e-m/fpv4-sp/hard/libgcc.a(_arm_addsubdf3.o)
 .ARM.attributes
                0x0000000000000000       0x22 /home/kamal/ti/ccsv7/tools/compiler/gcc-arm-none-eabi-6-2017-q1-update/bin/../lib/gcc/arm-none-eabi/6.3.1/thumb/v7e-m/fpv4-sp/hard/libgcc.a(_arm_addsubdf3.o)
 .text          0x0000000000000000      0x424 /home/kamal/ti/ccsv7/tools/compiler/gcc-arm-none-eabi-6-2017-q1-update/bin/../lib/gcc/arm-none-eabi/6.3.1/thumb/v7e-m/fpv4-sp/hard/libgcc.a(_arm_muldivdf3.o)
 .data          0x0000000000000000        0x0 /home/kamal/ti/ccsv7/tools/compiler/gcc-arm-none-eabi-6-2017-q1-update/bin/../lib/gcc/arm-none-eabi/6.3.1/thumb/v7e-m/fpv4-sp/hard/libgcc.a(_arm_muldivdf3.o)
 .bss           0x0000000000000000        0x0 /home/kamal/ti/ccsv7/tools/compiler/gcc-arm-none-eabi-6-2017-q1-update/bin/../lib/gcc/arm-none-eabi/6.3.1/thumb/v7e-m/fpv4-sp/hard/libgcc.a(_arm_muldivdf3.o)
 .debug_frame   0x0000000000000000       0x50 /home/kamal/ti/ccsv7/tools/compiler/gcc-arm-none-eabi-6-2017-q1-update/bin/../lib/gcc/arm-none-eabi/6.3.1/thumb/v7e-m/fpv4-sp/hard/libgcc.a(_arm_muldivdf3.o)
 .ARM.attributes
                0x0000000000000000       0x22 /home/kamal/ti/ccsv7/tools/compiler/gcc-arm-none-eabi-6-2017-q1-update/bin/../lib/gcc/arm-none-eabi/6.3.1/thumb/v7e-m/fpv4-sp/hard/libgcc.a(_arm_muldivdf3.o)
 .text          0x0000000000000000       0x40 /home/kamal/ti/ccsv7/tools/compiler/gcc-arm-none-eabi-6-2017-q1-update/bin/../lib/gcc/arm-none-eabi/6.3.1/thumb/v7e-m/fpv4-sp/hard/libgcc.a(_arm_fixunsdfsi.o)
 .data          0x0000000000000000        0x0 /home/kamal/ti/ccsv7/tools/compiler/gcc-arm-none-eabi-6-2017-q1-update/bin/../lib/gcc/arm-none-eabi/6.3.1/thumb/v7e-m/fpv4-sp/hard/libgcc.a(_arm_fixunsdfsi.o)
 .bss           0x0000000000000000        0x0 /home/kamal/ti/ccsv7/tools/compiler/gcc-arm-none-eabi-6-2017-q1-update/bin/../lib/gcc/arm-none-eabi/6.3.1/thumb/v7e-m/fpv4-sp/hard/libgcc.a(_arm_fixunsdfsi.o)
 .debug_frame   0x0000000000000000       0x24 /home/kamal/ti/ccsv7/tools/compiler/gcc-arm-none-eabi-6-2017-q1-update/bin/../lib/gcc/arm-none-eabi/6.3.1/thumb/v7e-m/fpv4-sp/hard/libgcc.a(_arm_fixunsdfsi.o)
 .ARM.attributes
                0x0000000000000000       0x22 /home/kamal/ti/ccsv7/tools/compiler/gcc-arm-none-eabi-6-2017-q1-update/bin/../lib/gcc/arm-none-eabi/6.3.1/thumb/v7e-m/fpv4-sp/hard/libgcc.a(_arm_fixunsdfsi.o)
 .text          0x0000000000000000        0x0 /home/kamal/ti/ccsv7/tools/compiler/gcc-arm-none-eabi-6-2017-q1-update/bin/../lib/gcc/arm-none-eabi/6.3.1/../../../../arm-none-eabi/lib/thumb/v7e-m/fpv4-sp/hard/libg.a(lib_a-exit.o)
 .data          0x0000000000000000        0x0 /home/kamal/ti/ccsv7/tools/compiler/gcc-arm-none-eabi-6-2017-q1-update/bin/../lib/gcc/arm-none-eabi/6.3.1/../../../../arm-none-eabi/lib/thumb/v7e-m/fpv4-sp/hard/libg.a(lib_a-exit.o)
 .bss           0x0000000000000000        0x0 /home/kamal/ti/ccsv7/tools/compiler/gcc-arm-none-eabi-6-2017-q1-update/bin/../lib/gcc/arm-none-eabi/6.3.1/../../../../arm-none-eabi/lib/thumb/v7e-m/fpv4-sp/hard/libg.a(lib_a-exit.o)
 .text.exit     0x0000000000000000       0x20 /home/kamal/ti/ccsv7/tools/compiler/gcc-arm-none-eabi-6-2017-q1-update/bin/../lib/gcc/arm-none-eabi/6.3.1/../../../../arm-none-eabi/lib/thumb/v7e-m/fpv4-sp/hard/libg.a(lib_a-exit.o)
 .debug_frame   0x0000000000000000       0x28 /home/kamal/ti/ccsv7/tools/compiler/gcc-arm-none-eabi-6-2017-q1-update/bin/../lib/gcc/arm-none-eabi/6.3.1/../../../../arm-none-eabi/lib/thumb/v7e-m/fpv4-sp/hard/libg.a(lib_a-exit.o)
 .ARM.attributes
                0x0000000000000000       0x34 /home/kamal/ti/ccsv7/tools/compiler/gcc-arm-none-eabi-6-2017-q1-update/bin/../lib/gcc/arm-none-eabi/6.3.1/../../../../arm-none-eabi/lib/thumb/v7e-m/fpv4-sp/hard/libg.a(lib_a-exit.o)
 .text          0x0000000000000000        0x0 /home/kamal/ti/ccsv7/tools/compiler/gcc-arm-none-eabi-6-2017-q1-update/bin/../lib/gcc/arm-none-eabi/6.3.1/../../../../arm-none-eabi/lib/thumb/v7e-m/fpv4-sp/hard/libg.a(lib_a-impure.o)
 .data          0x0000000000000000        0x0 /home/kamal/ti/ccsv7/tools/compiler/gcc-arm-none-eabi-6-2017-q1-update/bin/../lib/gcc/arm-none-eabi/6.3.1/../../../../arm-none-eabi/lib/thumb/v7e-m/fpv4-sp/hard/libg.a(lib_a-impure.o)
 .bss           0x0000000000000000        0x0 /home/kamal/ti/ccsv7/tools/compiler/gcc-arm-none-eabi-6-2017-q1-update/bin/../lib/gcc/arm-none-eabi/6.3.1/../../../../arm-none-eabi/lib/thumb/v7e-m/fpv4-sp/hard/libg.a(lib_a-impure.o)
 .data._impure_ptr
                0x0000000000000000        0x4 /home/kamal/ti/ccsv7/tools/compiler/gcc-arm-none-eabi-6-2017-q1-update/bin/../lib/gcc/arm-none-eabi/6.3.1/../../../../arm-none-eabi/lib/thumb/v7e-m/fpv4-sp/hard/libg.a(lib_a-impure.o)
 .text          0x0000000000000000        0x0 /home/kamal/ti/ccsv7/tools/compiler/gcc-arm-none-eabi-6-2017-q1-update/bin/../lib/gcc/arm-none-eabi/6.3.1/../../../../arm-none-eabi/lib/thumb/v7e-m/fpv4-sp/hard/libg.a(lib_a-init.o)
 .data          0x0000000000000000        0x0 /home/kamal/ti/ccsv7/tools/compiler/gcc-arm-none-eabi-6-2017-q1-update/bin/../lib/gcc/arm-none-eabi/6.3.1/../../../../arm-none-eabi/lib/thumb/v7e-m/fpv4-sp/hard/libg.a(lib_a-init.o)
 .bss           0x0000000000000000        0x0 /home/kamal/ti/ccsv7/tools/compiler/gcc-arm-none-eabi-6-2017-q1-update/bin/../lib/gcc/arm-none-eabi/6.3.1/../../../../arm-none-eabi/lib/thumb/v7e-m/fpv4-sp/hard/libg.a(lib_a-init.o)
 .text.__libc_init_array
                0x0000000000000000       0x50 /home/kamal/ti/ccsv7/tools/compiler/gcc-arm-none-eabi-6-2017-q1-update/bin/../lib/gcc/arm-none-eabi/6.3.1/../../../../arm-none-eabi/lib/thumb/v7e-m/fpv4-sp/hard/libg.a(lib_a-init.o)
 .debug_frame   0x0000000000000000       0x2c /home/kamal/ti/ccsv7/tools/compiler/gcc-arm-none-eabi-6-2017-q1-update/bin/../lib/gcc/arm-none-eabi/6.3.1/../../../../arm-none-eabi/lib/thumb/v7e-m/fpv4-sp/hard/libg.a(lib_a-init.o)
 .ARM.attributes
                0x0000000000000000       0x34 /home/kamal/ti/ccsv7/tools/compiler/gcc-arm-none-eabi-6-2017-q1-update/bin/../lib/gcc/arm-none-eabi/6.3.1/../../../../arm-none-eabi/lib/thumb/v7e-m/fpv4-sp/hard/libg.a(lib_a-init.o)
 .text          0x0000000000000000      0x134 /home/kamal/ti/ccsv7/tools/compiler/gcc-arm-none-eabi-6-2017-q1-update/bin/../lib/gcc/arm-none-eabi/6.3.1/../../../../arm-none-eabi/lib/thumb/v7e-m/fpv4-sp/hard/libg.a(lib_a-memcpy.o)
 .data          0x0000000000000000        0x0 /home/kamal/ti/ccsv7/tools/compiler/gcc-arm-none-eabi-6-2017-q1-update/bin/../lib/gcc/arm-none-eabi/6.3.1/../../../../arm-none-eabi/lib/thumb/v7e-m/fpv4-sp/hard/libg.a(lib_a-memcpy.o)
 .bss           0x0000000000000000        0x0 /home/kamal/ti/ccsv7/tools/compiler/gcc-arm-none-eabi-6-2017-q1-update/bin/../lib/gcc/arm-none-eabi/6.3.1/../../../../arm-none-eabi/lib/thumb/v7e-m/fpv4-sp/hard/libg.a(lib_a-memcpy.o)
 .ARM.attributes
                0x0000000000000000       0x20 /home/kamal/ti/ccsv7/tools/compiler/gcc-arm-none-eabi-6-2017-q1-update/bin/../lib/gcc/arm-none-eabi/6.3.1/../../../../arm-none-eabi/lib/thumb/v7e-m/fpv4-sp/hard/libg.a(lib_a-memcpy.o)
 .text          0x0000000000000000        0x0 /home/kamal/ti/ccsv7/tools/compiler/gcc-arm-none-eabi-6-2017-q1-update/bin/../lib/gcc/arm-none-eabi/6.3.1/../../../../arm-none-eabi/lib/thumb/v7e-m/fpv4-sp/hard/libg.a(lib_a-memset.o)
 .data          0x0000000000000000        0x0 /home/kamal/ti/ccsv7/tools/compiler/gcc-arm-none-eabi-6-2017-q1-update/bin/../lib/gcc/arm-none-eabi/6.3.1/../../../../arm-none-eabi/lib/thumb/v7e-m/fpv4-sp/hard/libg.a(lib_a-memset.o)
 .bss           0x0000000000000000        0x0 /home/kamal/ti/ccsv7/tools/compiler/gcc-arm-none-eabi-6-2017-q1-update/bin/../lib/gcc/arm-none-eabi/6.3.1/../../../../arm-none-eabi/lib/thumb/v7e-m/fpv4-sp/hard/libg.a(lib_a-memset.o)
 .text.memset   0x0000000000000000       0x9c /home/kamal/ti/ccsv7/tools/compiler/gcc-arm-none-eabi-6-2017-q1-update/bin/../lib/gcc/arm-none-eabi/6.3.1/../../../../arm-none-eabi/lib/thumb/v7e-m/fpv4-sp/hard/libg.a(lib_a-memset.o)
 .debug_frame   0x0000000000000000       0x34 /home/kamal/ti/ccsv7/tools/compiler/gcc-arm-none-eabi-6-2017-q1-update/bin/../lib/gcc/arm-none-eabi/6.3.1/../../../../arm-none-eabi/lib/thumb/v7e-m/fpv4-sp/hard/libg.a(lib_a-memset.o)
 .ARM.attributes
                0x0000000000000000       0x34 /home/kamal/ti/ccsv7/tools/compiler/gcc-arm-none-eabi-6-2017-q1-update/bin/../lib/gcc/arm-none-eabi/6.3.1/../../../../arm-none-eabi/lib/thumb/v7e-m/fpv4-sp/hard/libg.a(lib_a-memset.o)
 .text          0x0000000000000000        0x0 /home/kamal/ti/ccsv7/tools/compiler/gcc-arm-none-eabi-6-2017-q1-update/bin/../lib/gcc/arm-none-eabi/6.3.1/../../../../arm-none-eabi/lib/thumb/v7e-m/fpv4-sp/hard/libg.a(lib_a-__call_atexit.o)
 .data          0x0000000000000000        0x0 /home/kamal/ti/ccsv7/tools/compiler/gcc-arm-none-eabi-6-2017-q1-update/bin/../lib/gcc/arm-none-eabi/6.3.1/../../../../arm-none-eabi/lib/thumb/v7e-m/fpv4-sp/hard/libg.a(lib_a-__call_atexit.o)
 .bss           0x0000000000000000        0x0 /home/kamal/ti/ccsv7/tools/compiler/gcc-arm-none-eabi-6-2017-q1-update/bin/../lib/gcc/arm-none-eabi/6.3.1/../../../../arm-none-eabi/lib/thumb/v7e-m/fpv4-sp/hard/libg.a(lib_a-__call_atexit.o)
 .text.__call_exitprocs
                0x0000000000000000       0xe8 /home/kamal/ti/ccsv7/tools/compiler/gcc-arm-none-eabi-6-2017-q1-update/bin/../lib/gcc/arm-none-eabi/6.3.1/../../../../arm-none-eabi/lib/thumb/v7e-m/fpv4-sp/hard/libg.a(lib_a-__call_atexit.o)
 .text          0x0000000000000000        0x0 /home/kamal/ti/ccsv7/tools/compiler/gcc-arm-none-eabi-6-2017-q1-update/bin/../lib/gcc/arm-none-eabi/6.3.1/../../../../arm-none-eabi/lib/thumb/v7e-m/fpv4-sp/hard/libg.a(lib_a-atexit.o)
 .data          0x0000000000000000        0x0 /home/kamal/ti/ccsv7/tools/compiler/gcc-arm-none-eabi-6-2017-q1-update/bin/../lib/gcc/arm-none-eabi/6.3.1/../../../../arm-none-eabi/lib/thumb/v7e-m/fpv4-sp/hard/libg.a(lib_a-atexit.o)
 .bss           0x0000000000000000        0x0 /home/kamal/ti/ccsv7/tools/compiler/gcc-arm-none-eabi-6-2017-q1-update/bin/../lib/gcc/arm-none-eabi/6.3.1/../../../../arm-none-eabi/lib/thumb/v7e-m/fpv4-sp/hard/libg.a(lib_a-atexit.o)
 .text          0x0000000000000000        0x0 /home/kamal/ti/ccsv7/tools/compiler/gcc-arm-none-eabi-6-2017-q1-update/bin/../lib/gcc/arm-none-eabi/6.3.1/../../../../arm-none-eabi/lib/thumb/v7e-m/fpv4-sp/hard/libg.a(lib_a-fini.o)
 .data          0x0000000000000000        0x0 /home/kamal/ti/ccsv7/tools/compiler/gcc-arm-none-eabi-6-2017-q1-update/bin/../lib/gcc/arm-none-eabi/6.3.1/../../../../arm-none-eabi/lib/thumb/v7e-m/fpv4-sp/hard/libg.a(lib_a-fini.o)
 .bss           0x0000000000000000        0x0 /home/kamal/ti/ccsv7/tools/compiler/gcc-arm-none-eabi-6-2017-q1-update/bin/../lib/gcc/arm-none-eabi/6.3.1/../../../../arm-none-eabi/lib/thumb/v7e-m/fpv4-sp/hard/libg.a(lib_a-fini.o)
 .text          0x0000000000000000        0x0 /home/kamal/ti/ccsv7/tools/compiler/gcc-arm-none-eabi-6-2017-q1-update/bin/../lib/gcc/arm-none-eabi/6.3.1/../../../../arm-none-eabi/lib/thumb/v7e-m/fpv4-sp/hard/libg.a(lib_a-lock.o)
 .data          0x0000000000000000        0x0 /home/kamal/ti/ccsv7/tools/compiler/gcc-arm-none-eabi-6-2017-q1-update/bin/../lib/gcc/arm-none-eabi/6.3.1/../../../../arm-none-eabi/lib/thumb/v7e-m/fpv4-sp/hard/libg.a(lib_a-lock.o)
 .bss           0x0000000000000000        0x0 /home/kamal/ti/ccsv7/tools/compiler/gcc-arm-none-eabi-6-2017-q1-update/bin/../lib/gcc/arm-none-eabi/6.3.1/../../../../arm-none-eabi/lib/thumb/v7e-m/fpv4-sp/hard/libg.a(lib_a-lock.o)
 .text.__retarget_lock_init
                0x0000000000000000        0x4 /home/kamal/ti/ccsv7/tools/compiler/gcc-arm-none-eabi-6-2017-q1-update/bin/../lib/gcc/arm-none-eabi/6.3.1/../../../../arm-none-eabi/lib/thumb/v7e-m/fpv4-sp/hard/libg.a(lib_a-lock.o)
 .text.__retarget_lock_init_recursive
                0x0000000000000000        0x4 /home/kamal/ti/ccsv7/tools/compiler/gcc-arm-none-eabi-6-2017-q1-update/bin/../lib/gcc/arm-none-eabi/6.3.1/../../../../arm-none-eabi/lib/thumb/v7e-m/fpv4-sp/hard/libg.a(lib_a-lock.o)
 .text.__retarget_lock_close
                0x0000000000000000        0x4 /home/kamal/ti/ccsv7/tools/compiler/gcc-arm-none-eabi-6-2017-q1-update/bin/../lib/gcc/arm-none-eabi/6.3.1/../../../../arm-none-eabi/lib/thumb/v7e-m/fpv4-sp/hard/libg.a(lib_a-lock.o)
 .text.__retarget_lock_close_recursive
                0x0000000000000000        0x4 /home/kamal/ti/ccsv7/tools/compiler/gcc-arm-none-eabi-6-2017-q1-update/bin/../lib/gcc/arm-none-eabi/6.3.1/../../../../arm-none-eabi/lib/thumb/v7e-m/fpv4-sp/hard/libg.a(lib_a-lock.o)
 .text.__retarget_lock_acquire
                0x0000000000000000        0x4 /home/kamal/ti/ccsv7/tools/compiler/gcc-arm-none-eabi-6-2017-q1-update/bin/../lib/gcc/arm-none-eabi/6.3.1/../../../../arm-none-eabi/lib/thumb/v7e-m/fpv4-sp/hard/libg.a(lib_a-lock.o)
 .text.__retarget_lock_try_acquire
                0x0000000000000000        0x4 /home/kamal/ti/ccsv7/tools/compiler/gcc-arm-none-eabi-6-2017-q1-update/bin/../lib/gcc/arm-none-eabi/6.3.1/../../../../arm-none-eabi/lib/thumb/v7e-m/fpv4-sp/hard/libg.a(lib_a-lock.o)
 .text.__retarget_lock_try_acquire_recursive
                0x0000000000000000        0x4 /home/kamal/ti/ccsv7/tools/compiler/gcc-arm-none-eabi-6-2017-q1-update/bin/../lib/gcc/arm-none-eabi/6.3.1/../../../../arm-none-eabi/lib/thumb/v7e-m/fpv4-sp/hard/libg.a(lib_a-lock.o)
 .text.__retarget_lock_release
                0x0000000000000000        0x4 /home/kamal/ti/ccsv7/tools/compiler/gcc-arm-none-eabi-6-2017-q1-update/bin/../lib/gcc/arm-none-eabi/6.3.1/../../../../arm-none-eabi/lib/thumb/v7e-m/fpv4-sp/hard/libg.a(lib_a-lock.o)
 .text          0x0000000000000000        0x0 /home/kamal/ti/ccsv7/tools/compiler/gcc-arm-none-eabi-6-2017-q1-update/bin/../lib/gcc/arm-none-eabi/6.3.1/../../../../arm-none-eabi/lib/thumb/v7e-m/fpv4-sp/hard/libg.a(lib_a-__atexit.o)
 .data          0x0000000000000000        0x0 /home/kamal/ti/ccsv7/tools/compiler/gcc-arm-none-eabi-6-2017-q1-update/bin/../lib/gcc/arm-none-eabi/6.3.1/../../../../arm-none-eabi/lib/thumb/v7e-m/fpv4-sp/hard/libg.a(lib_a-__atexit.o)
 .bss           0x0000000000000000        0x0 /home/kamal/ti/ccsv7/tools/compiler/gcc-arm-none-eabi-6-2017-q1-update/bin/../lib/gcc/arm-none-eabi/6.3.1/../../../../arm-none-eabi/lib/thumb/v7e-m/fpv4-sp/hard/libg.a(lib_a-__atexit.o)
 .text          0x0000000000000000        0x0 /home/kamal/ti/ccsv7/tools/compiler/gcc-arm-none-eabi-6-2017-q1-update/bin/../lib/gcc/arm-none-eabi/6.3.1/../../../../arm-none-eabi/lib/thumb/v7e-m/fpv4-sp/hard/libnosys.a(_exit.o)
 .data          0x0000000000000000        0x0 /home/kamal/ti/ccsv7/tools/compiler/gcc-arm-none-eabi-6-2017-q1-update/bin/../lib/gcc/arm-none-eabi/6.3.1/../../../../arm-none-eabi/lib/thumb/v7e-m/fpv4-sp/hard/libnosys.a(_exit.o)
 .bss           0x0000000000000000        0x0 /home/kamal/ti/ccsv7/tools/compiler/gcc-arm-none-eabi-6-2017-q1-update/bin/../lib/gcc/arm-none-eabi/6.3.1/../../../../arm-none-eabi/lib/thumb/v7e-m/fpv4-sp/hard/libnosys.a(_exit.o)
 .text._exit    0x0000000000000000        0x4 /home/kamal/ti/ccsv7/tools/compiler/gcc-arm-none-eabi-6-2017-q1-update/bin/../lib/gcc/arm-none-eabi/6.3.1/../../../../arm-none-eabi/lib/thumb/v7e-m/fpv4-sp/hard/libnosys.a(_exit.o)
 .debug_frame   0x0000000000000000       0x20 /home/kamal/ti/ccsv7/tools/compiler/gcc-arm-none-eabi-6-2017-q1-update/bin/../lib/gcc/arm-none-eabi/6.3.1/../../../../arm-none-eabi/lib/thumb/v7e-m/fpv4-sp/hard/libnosys.a(_exit.o)
 .ARM.attributes
                0x0000000000000000       0x34 /home/kamal/ti/ccsv7/tools/compiler/gcc-arm-none-eabi-6-2017-q1-update/bin/../lib/gcc/arm-none-eabi/6.3.1/../../../../arm-none-eabi/lib/thumb/v7e-m/fpv4-sp/hard/libnosys.a(_exit.o)
 .text          0x0000000000000000        0x0 /home/kamal/ti/ccsv7/tools/compiler/gcc-arm-none-eabi-6-2017-q1-update/bin/../lib/gcc/arm-none-eabi/6.3.1/thumb/v7e-m/fpv4-sp/hard/crtend.o
 .data          0x0000000000000000        0x0 /home/kamal/ti/ccsv7/tools/compiler/gcc-arm-none-eabi-6-2017-q1-update/bin/../lib/gcc/arm-none-eabi/6.3.1/thumb/v7e-m/fpv4-sp/hard/crtend.o
 .bss           0x0000000000000000        0x0 /home/kamal/ti/ccsv7/tools/compiler/gcc-arm-none-eabi-6-2017-q1-update/bin/../lib/gcc/arm-none-eabi/6.3.1/thumb/v7e-m/fpv4-sp/hard/crtend.o
 .eh_frame      0x0000000000000000        0x4 /home/kamal/ti/ccsv7/tools/compiler/gcc-arm-none-eabi-6-2017-q1-update/bin/../lib/gcc/arm-none-eabi/6.3.1/thumb/v7e-m/fpv4-sp/hard/crtend.o
 .jcr           0x0000000000000000        0x4 /home/kamal/ti/ccsv7/tools/compiler/gcc-arm-none-eabi-6-2017-q1-update/bin/../lib/gcc/arm-none-eabi/6.3.1/thumb/v7e-m/fpv4-sp/hard/crtend.o
 .ARM.attributes
                0x0000000000000000       0x34 /home/kamal/ti/ccsv7/tools/compiler/gcc-arm-none-eabi-6-2017-q1-update/bin/../lib/gcc/arm-none-eabi/6.3.1/thumb/v7e-m/fpv4-sp/hard/crtend.o
 .text          0x0000000000000000        0x0 /home/kamal/ti/ccsv7/tools/compiler/gcc-arm-none-eabi-6-2017-q1-update/bin/../lib/gcc/arm-none-eabi/6.3.1/thumb/v7e-m/fpv4-sp/hard/crtn.o
 .data          0x0000000000000000        0x0 /home/kamal/ti/ccsv7/tools/compiler/gcc-arm-none-eabi-6-2017-q1-update/bin/../lib/gcc/arm-none-eabi/6.3.1/thumb/v7e-m/fpv4-sp/hard/crtn.o
 .bss           0x0000000000000000        0x0 /home/kamal/ti/ccsv7/tools/compiler/gcc-arm-none-eabi-6-2017-q1-update/bin/../lib/gcc/arm-none-eabi/6.3.1/thumb/v7e-m/fpv4-sp/hard/crtn.o
 .init          0x0000000000000000        0x8 /home/kamal/ti/ccsv7/tools/compiler/gcc-arm-none-eabi-6-2017-q1-update/bin/../lib/gcc/arm-none-eabi/6.3.1/thumb/v7e-m/fpv4-sp/hard/crtn.o
 .fini          0x0000000000000000        0x8 /home/kamal/ti/ccsv7/tools/compiler/gcc-arm-none-eabi-6-2017-q1-update/bin/../lib/gcc/arm-none-eabi/6.3.1/thumb/v7e-m/fpv4-sp/hard/crtn.o
 .ARM.attributes
                0x0000000000000000       0x22 /home/kamal/ti/ccsv7/tools/compiler/gcc-arm-none-eabi-6-2017-q1-update/bin/../lib/gcc/arm-none-eabi/6.3.1/thumb/v7e-m/fpv4-sp/hard/crtn.o

Memory Configuration

Name             Origin             Length             Attributes
FLASH            0x0000000000000000 0x0000000000040000 xr
SRAM             0x0000000020000000 0x0000000000008000 xw
*default*        0x0000000000000000 0xffffffffffffffff

Linker script and memory map

LOAD /home/kamal/ti/ccsv7/tools/compiler/gcc-arm-none-eabi-6-2017-q1-update/bin/../lib/gcc/arm-none-eabi/6.3.1/thumb/v7e-m/fpv4-sp/hard/crti.o
LOAD /home/kamal/ti/ccsv7/tools/compiler/gcc-arm-none-eabi-6-2017-q1-update/bin/../lib/gcc/arm-none-eabi/6.3.1/thumb/v7e-m/fpv4-sp/hard/crtbegin.o
LOAD /home/kamal/ti/ccsv7/tools/compiler/gcc-arm-none-eabi-6-2017-q1-update/bin/../lib/gcc/arm-none-eabi/6.3.1/../../../../arm-none-eabi/lib/thumb/v7e-m/fpv4-sp/hard/crt0.o
LOAD ./tm4c1233h6pm_startup_ccs_gcc.o
LOAD ./FreeRTOS/croutine.o
LOAD ./FreeRTOS/event_groups.o
LOAD ./FreeRTOS/list.o
LOAD ./FreeRTOS/queue.o
LOAD ./FreeRTOS/tasks.o
LOAD ./FreeRTOS/timers.o
LOAD ./FreeRTOS/portable/GCC/ARM_CM4F/port.o
LOAD ./FreeRTOS/portable/MemMang/heap_2.o
LOAD ./drivers/buttons.o
LOAD ./drivers/rgb.o
                0x0000000000000000                PROVIDE (_intvecs_base_address, 0x0)

.intvecs        0x0000000000000000      0x26c
 *(.intvecs)
 .intvecs       0x0000000000000000      0x26c ./tm4c1233h6pm_startup_ccs_gcc.o
                0x0000000000000000                g_pfnVectors
                0x0000000020000000                PROVIDE (_vtable_base_address, 0x20000000)

.vtable
 *(.vtable)

.text           0x0000000000000270      0x460
 CREATE_OBJECT_SYMBOLS
 *(.text)
 .text          0x0000000000000270       0x6c /home/kamal/ti/ccsv7/tools/compiler/gcc-arm-none-eabi-6-2017-q1-update/bin/../lib/gcc/arm-none-eabi/6.3.1/thumb/v7e-m/fpv4-sp/hard/crtbegin.o
 *(.text.*)
 .text.NmiSR    0x00000000000002dc        0x2 ./tm4c1233h6pm_startup_ccs_gcc.o
 .text.FaultISR
                0x00000000000002de        0x2 ./tm4c1233h6pm_startup_ccs_gcc.o
 .text.IntDefaultHandler
                0x00000000000002e0        0x2 ./tm4c1233h6pm_startup_ccs_gcc.o
 *fill*         0x00000000000002e2        0x2 
 .text.ResetISR
                0x00000000000002e4       0x4c ./tm4c1233h6pm_startup_ccs_gcc.o
                0x00000000000002e4                ResetISR
 .text.vListInsertEnd
                0x0000000000000330       0x18 ./FreeRTOS/list.o
                0x0000000000000330                vListInsertEnd
 .text.uxListRemove
                0x0000000000000348       0x20 ./FreeRTOS/list.o
                0x0000000000000348                uxListRemove
 .text.prvResetNextTaskUnblockTime
                0x0000000000000368       0x24 ./FreeRTOS/tasks.o
 .text.xTaskIncrementTick
                0x000000000000038c       0xe8 ./FreeRTOS/tasks.o
                0x000000000000038c                xTaskIncrementTick
 .text.vTaskSwitchContext
                0x0000000000000474       0x64 ./FreeRTOS/tasks.o
                0x0000000000000474                vTaskSwitchContext
 *fill*         0x00000000000004d8        0x8 
 .text.vPortSVCHandler
                0x00000000000004e0       0x24 ./FreeRTOS/portable/GCC/ARM_CM4F/port.o
                0x00000000000004e0                vPortSVCHandler
 *fill*         0x0000000000000504        0xc 
 .text.xPortPendSVHandler
                0x0000000000000510       0x64 ./FreeRTOS/portable/GCC/ARM_CM4F/port.o
                0x0000000000000510                xPortPendSVHandler
 .text.xPortSysTickHandler
                0x0000000000000574       0x2c ./FreeRTOS/portable/GCC/ARM_CM4F/port.o
                0x0000000000000574                xPortSysTickHandler
 .text.startup.register_fini
                0x00000000000005a0       0x14 /home/kamal/ti/ccsv7/tools/compiler/gcc-arm-none-eabi-6-2017-q1-update/bin/../lib/gcc/arm-none-eabi/6.3.1/../../../../arm-none-eabi/lib/thumb/v7e-m/fpv4-sp/hard/libg.a(lib_a-__call_atexit.o)
 .text.atexit   0x00000000000005b4        0xc /home/kamal/ti/ccsv7/tools/compiler/gcc-arm-none-eabi-6-2017-q1-update/bin/../lib/gcc/arm-none-eabi/6.3.1/../../../../arm-none-eabi/lib/thumb/v7e-m/fpv4-sp/hard/libg.a(lib_a-atexit.o)
                0x00000000000005b4                atexit
 .text.__libc_fini_array
                0x00000000000005c0       0x34 /home/kamal/ti/ccsv7/tools/compiler/gcc-arm-none-eabi-6-2017-q1-update/bin/../lib/gcc/arm-none-eabi/6.3.1/../../../../arm-none-eabi/lib/thumb/v7e-m/fpv4-sp/hard/libg.a(lib_a-fini.o)
                0x00000000000005c0                __libc_fini_array
 .text.__retarget_lock_acquire_recursive
                0x00000000000005f4        0x4 /home/kamal/ti/ccsv7/tools/compiler/gcc-arm-none-eabi-6-2017-q1-update/bin/../lib/gcc/arm-none-eabi/6.3.1/../../../../arm-none-eabi/lib/thumb/v7e-m/fpv4-sp/hard/libg.a(lib_a-lock.o)
                0x00000000000005f4                __retarget_lock_acquire_recursive
 .text.__retarget_lock_release_recursive
                0x00000000000005f8        0x4 /home/kamal/ti/ccsv7/tools/compiler/gcc-arm-none-eabi-6-2017-q1-update/bin/../lib/gcc/arm-none-eabi/6.3.1/../../../../arm-none-eabi/lib/thumb/v7e-m/fpv4-sp/hard/libg.a(lib_a-lock.o)
                0x00000000000005f8                __retarget_lock_release_recursive
 .text.__register_exitproc
                0x00000000000005fc       0xc4 /home/kamal/ti/ccsv7/tools/compiler/gcc-arm-none-eabi-6-2017-q1-update/bin/../lib/gcc/arm-none-eabi/6.3.1/../../../../arm-none-eabi/lib/thumb/v7e-m/fpv4-sp/hard/libg.a(lib_a-__atexit.o)
                0x00000000000005fc                __register_exitproc
                0x00000000000006c0                . = ALIGN (0x4)
 *(.ctors)
                0x00000000000006c0                . = ALIGN (0x4)
 *(.dtors)
                0x00000000000006c0                . = ALIGN (0x4)
                0x00000000000006c0                __init_array_start = .
 *(.init_array*)
 .init_array    0x00000000000006c0        0x4 /home/kamal/ti/ccsv7/tools/compiler/gcc-arm-none-eabi-6-2017-q1-update/bin/../lib/gcc/arm-none-eabi/6.3.1/thumb/v7e-m/fpv4-sp/hard/crtbegin.o
 .init_array.00000
                0x00000000000006c4        0x4 /home/kamal/ti/ccsv7/tools/compiler/gcc-arm-none-eabi-6-2017-q1-update/bin/../lib/gcc/arm-none-eabi/6.3.1/../../../../arm-none-eabi/lib/thumb/v7e-m/fpv4-sp/hard/libg.a(lib_a-__call_atexit.o)
                0x00000000000006c8                __init_array_end = .
 *(.init)
 .init          0x00000000000006c8        0x4 /home/kamal/ti/ccsv7/tools/compiler/gcc-arm-none-eabi-6-2017-q1-update/bin/../lib/gcc/arm-none-eabi/6.3.1/thumb/v7e-m/fpv4-sp/hard/crti.o
                0x00000000000006c8                _init
 *(.fini*)
 .fini          0x00000000000006cc        0x4 /home/kamal/ti/ccsv7/tools/compiler/gcc-arm-none-eabi-6-2017-q1-update/bin/../lib/gcc/arm-none-eabi/6.3.1/thumb/v7e-m/fpv4-sp/hard/crti.o
                0x00000000000006cc                _fini
                [!provide]                        PROVIDE (__etext, .)
                [!provide]                        PROVIDE (_etext, .)
                [!provide]                        PROVIDE (etext, .)

.glue_7         0x00000000000006d0        0x0
 .glue_7        0x00000000000006d0        0x0 linker stubs

.glue_7t        0x00000000000006d0        0x0
 .glue_7t       0x00000000000006d0        0x0 linker stubs

.vfp11_veneer   0x00000000000006d0        0x0
 .vfp11_veneer  0x00000000000006d0        0x0 linker stubs

.v4_bx          0x00000000000006d0        0x0
 .v4_bx         0x00000000000006d0        0x0 linker stubs

.iplt           0x00000000000006d0        0x0
 .iplt          0x00000000000006d0        0x0 /home/kamal/ti/ccsv7/tools/compiler/gcc-arm-none-eabi-6-2017-q1-update/bin/../lib/gcc/arm-none-eabi/6.3.1/thumb/v7e-m/fpv4-sp/hard/crtbegin.o

.rodata         0x00000000000006d0        0x4
 *(.rodata)
 *(.rodata*)
 .rodata._global_impure_ptr
                0x00000000000006d0        0x4 /home/kamal/ti/ccsv7/tools/compiler/gcc-arm-none-eabi-6-2017-q1-update/bin/../lib/gcc/arm-none-eabi/6.3.1/../../../../arm-none-eabi/lib/thumb/v7e-m/fpv4-sp/hard/libg.a(lib_a-impure.o)
                0x00000000000006d0                _global_impure_ptr

.eh_frame       0x00000000000006d4        0x0
 .eh_frame      0x00000000000006d4        0x0 /home/kamal/ti/ccsv7/tools/compiler/gcc-arm-none-eabi-6-2017-q1-update/bin/../lib/gcc/arm-none-eabi/6.3.1/thumb/v7e-m/fpv4-sp/hard/crtbegin.o

.rel.dyn        0x00000000000006d4        0x0
 .rel.iplt      0x00000000000006d4        0x0 /home/kamal/ti/ccsv7/tools/compiler/gcc-arm-none-eabi-6-2017-q1-update/bin/../lib/gcc/arm-none-eabi/6.3.1/thumb/v7e-m/fpv4-sp/hard/crtbegin.o

.data           0x0000000020000000      0x42c load address 0x00000000000006d4
                0x00000000000006d4                __data_load__ = LOADADDR (.data)
                0x0000000020000000                __data_start__ = .
 *(.data)
 *(.data*)
 .data.impure_data
                0x0000000020000000      0x428 /home/kamal/ti/ccsv7/tools/compiler/gcc-arm-none-eabi-6-2017-q1-update/bin/../lib/gcc/arm-none-eabi/6.3.1/../../../../arm-none-eabi/lib/thumb/v7e-m/fpv4-sp/hard/libg.a(lib_a-impure.o)
 .data.__atexit_recursive_mutex
                0x0000000020000428        0x4 /home/kamal/ti/ccsv7/tools/compiler/gcc-arm-none-eabi-6-2017-q1-update/bin/../lib/gcc/arm-none-eabi/6.3.1/../../../../arm-none-eabi/lib/thumb/v7e-m/fpv4-sp/hard/libg.a(lib_a-__call_atexit.o)
                0x0000000020000428                __atexit_recursive_mutex
                0x000000002000042c                . = ALIGN (0x4)
                0x000000002000042c                __data_end__ = .

.jcr            0x000000002000042c        0x0 load address 0x0000000000000b00
 .jcr           0x000000002000042c        0x0 /home/kamal/ti/ccsv7/tools/compiler/gcc-arm-none-eabi-6-2017-q1-update/bin/../lib/gcc/arm-none-eabi/6.3.1/thumb/v7e-m/fpv4-sp/hard/crtbegin.o

.igot.plt       0x000000002000042c        0x0 load address 0x0000000000000b00
 .igot.plt      0x000000002000042c        0x0 /home/kamal/ti/ccsv7/tools/compiler/gcc-arm-none-eabi-6-2017-q1-update/bin/../lib/gcc/arm-none-eabi/6.3.1/thumb/v7e-m/fpv4-sp/hard/crtbegin.o

.ARM.exidx      0x0000000000000b00        0x0
                0x0000000000000b00                __exidx_start = .
 *(.ARM.exidx* .gnu.linkonce.armexidx.*)
                0x0000000000000b00                __exidx_end = .

.ARM.extab
 *(.ARM.extab* .gnu.linkonce.armextab.*)

.bss            0x000000002000042c      0x308
                0x000000002000042c                __bss_start__ = .
 *(.shbss)
 *(.bss)
 .bss           0x000000002000042c       0x1c /home/kamal/ti/ccsv7/tools/compiler/gcc-arm-none-eabi-6-2017-q1-update/bin/../lib/gcc/arm-none-eabi/6.3.1/thumb/v7e-m/fpv4-sp/hard/crtbegin.o
 *(.bss.*)
 .bss.pui32Stack
                0x0000000020000448      0x200 ./tm4c1233h6pm_startup_ccs_gcc.o
 .bss.pxCurrentTCB
                0x0000000020000648        0x4 ./FreeRTOS/tasks.o
                0x0000000020000648                pxCurrentTCB
 .bss.pxDelayedTaskList
                0x000000002000064c        0x4 ./FreeRTOS/tasks.o
 .bss.pxOverflowDelayedTaskList
                0x0000000020000650        0x4 ./FreeRTOS/tasks.o
 .bss.pxReadyTasksLists
                0x0000000020000654       0xa0 ./FreeRTOS/tasks.o
 .bss.uxPendedTicks
                0x00000000200006f4        0x4 ./FreeRTOS/tasks.o
 .bss.uxSchedulerSuspended
                0x00000000200006f8        0x4 ./FreeRTOS/tasks.o
 .bss.uxTopReadyPriority
                0x00000000200006fc        0x4 ./FreeRTOS/tasks.o
 .bss.xNextTaskUnblockTime
                0x0000000020000700        0x4 ./FreeRTOS/tasks.o
 .bss.xNumOfOverflows
                0x0000000020000704        0x4 ./FreeRTOS/tasks.o
 .bss.xTickCount
                0x0000000020000708        0x4 ./FreeRTOS/tasks.o
 .bss.xYieldPending
                0x000000002000070c        0x4 ./FreeRTOS/tasks.o
 *(COMMON)
 COMMON         0x0000000020000710       0x21 /home/kamal/ti/ccsv7/tools/compiler/gcc-arm-none-eabi-6-2017-q1-update/bin/../lib/gcc/arm-none-eabi/6.3.1/../../../../arm-none-eabi/lib/thumb/v7e-m/fpv4-sp/hard/libg.a(lib_a-lock.o)
                0x0000000020000710                __lock___atexit_recursive_mutex
                0x0000000020000714                __lock___arc4random_mutex
                0x0000000020000718                __lock___env_recursive_mutex
                0x000000002000071c                __lock___sinit_recursive_mutex
                0x0000000020000720                __lock___malloc_recursive_mutex
                0x0000000020000724                __lock___at_quick_exit_mutex
                0x0000000020000728                __lock___dd_hash_mutex
                0x000000002000072c                __lock___tz_mutex
                0x0000000020000730                __lock___sfp_recursive_mutex
                0x0000000020000734                . = ALIGN (0x4)
 *fill*         0x0000000020000731        0x3 
                0x0000000020000734                __bss_end__ = .

.heap           0x0000000020000734        0x0
                0x0000000020000734                __heap_start__ = .
                0x0000000020000734                end = __heap_start__
                0x0000000020000734                _end = end
                0x0000000020000734                __end = end
 *(.heap)
                0x0000000020000734                __heap_end__ = .
                0x0000000020000734                __HeapLimit = __heap_end__

.stack          0x0000000020000738        0x0
                0x0000000020000738                _stack = .
                0x0000000020000738                __stack = .
 *(.stack)
LOAD /home/kamal/ti/TivaWare_C_Series-2.1.4.178/driverlib/gcc/libdriver.a
START GROUP
LOAD /home/kamal/ti/ccsv7/tools/compiler/gcc-arm-none-eabi-6-2017-q1-update/bin/../lib/gcc/arm-none-eabi/6.3.1/thumb/v7e-m/fpv4-sp/hard/libgcc.a
LOAD /home/kamal/ti/ccsv7/tools/compiler/gcc-arm-none-eabi-6-2017-q1-update/bin/../lib/gcc/arm-none-eabi/6.3.1/../../../../arm-none-eabi/lib/thumb/v7e-m/fpv4-sp/hard/libg.a
LOAD /home/kamal/ti/ccsv7/tools/compiler/gcc-arm-none-eabi-6-2017-q1-update/bin/../lib/gcc/arm-none-eabi/6.3.1/../../../../arm-none-eabi/lib/thumb/v7e-m/fpv4-sp/hard/libc.a
END GROUP
START GROUP
LOAD /home/kamal/ti/ccsv7/tools/compiler/gcc-arm-none-eabi-6-2017-q1-update/bin/../lib/gcc/arm-none-eabi/6.3.1/thumb/v7e-m/fpv4-sp/hard/libgcc.a
LOAD /home/kamal/ti/ccsv7/tools/compiler/gcc-arm-none-eabi-6-2017-q1-update/bin/../lib/gcc/arm-none-eabi/6.3.1/../../../../arm-none-eabi/lib/thumb/v7e-m/fpv4-sp/hard/libc.a
LOAD /home/kamal/ti/ccsv7/tools/compiler/gcc-arm-none-eabi-6-2017-q1-update/bin/../lib/gcc/arm-none-eabi/6.3.1/../../../../arm-none-eabi/lib/thumb/v7e-m/fpv4-sp/hard/libnosys.a
END GROUP
LOAD /home/kamal/ti/ccsv7/tools/compiler/gcc-arm-none-eabi-6-2017-q1-update/bin/../lib/gcc/arm-none-eabi/6.3.1/thumb/v7e-m/fpv4-sp/hard/crtend.o
LOAD /home/kamal/ti/ccsv7/tools/compiler/gcc-arm-none-eabi-6-2017-q1-update/bin/../lib/gcc/arm-none-eabi/6.3.1/thumb/v7e-m/fpv4-sp/hard/crtn.o
OUTPUT(freertos_on_tm4c123.out elf32-littlearm)

.ARM.attributes
                0x0000000000000000       0x30
 .ARM.attributes
                0x0000000000000000       0x22 /home/kamal/ti/ccsv7/tools/compiler/gcc-arm-none-eabi-6-2017-q1-update/bin/../lib/gcc/arm-none-eabi/6.3.1/thumb/v7e-m/fpv4-sp/hard/crti.o
 .ARM.attributes
                0x0000000000000022       0x34 /home/kamal/ti/ccsv7/tools/compiler/gcc-arm-none-eabi-6-2017-q1-update/bin/../lib/gcc/arm-none-eabi/6.3.1/thumb/v7e-m/fpv4-sp/hard/crtbegin.o
 .ARM.attributes
                0x0000000000000056       0x39 ./tm4c1233h6pm_startup_ccs_gcc.o
 .ARM.attributes
                0x000000000000008f       0x39 ./FreeRTOS/list.o
 .ARM.attributes
                0x00000000000000c8       0x39 ./FreeRTOS/tasks.o
 .ARM.attributes
                0x0000000000000101       0x39 ./FreeRTOS/portable/GCC/ARM_CM4F/port.o
 .ARM.attributes
                0x000000000000013a       0x34 /home/kamal/ti/ccsv7/tools/compiler/gcc-arm-none-eabi-6-2017-q1-update/bin/../lib/gcc/arm-none-eabi/6.3.1/../../../../arm-none-eabi/lib/thumb/v7e-m/fpv4-sp/hard/libg.a(lib_a-impure.o)
 .ARM.attributes
                0x000000000000016e       0x34 /home/kamal/ti/ccsv7/tools/compiler/gcc-arm-none-eabi-6-2017-q1-update/bin/../lib/gcc/arm-none-eabi/6.3.1/../../../../arm-none-eabi/lib/thumb/v7e-m/fpv4-sp/hard/libg.a(lib_a-__call_atexit.o)
 .ARM.attributes
                0x00000000000001a2       0x34 /home/kamal/ti/ccsv7/tools/compiler/gcc-arm-none-eabi-6-2017-q1-update/bin/../lib/gcc/arm-none-eabi/6.3.1/../../../../arm-none-eabi/lib/thumb/v7e-m/fpv4-sp/hard/libg.a(lib_a-atexit.o)
 .ARM.attributes
                0x00000000000001d6       0x34 /home/kamal/ti/ccsv7/tools/compiler/gcc-arm-none-eabi-6-2017-q1-update/bin/../lib/gcc/arm-none-eabi/6.3.1/../../../../arm-none-eabi/lib/thumb/v7e-m/fpv4-sp/hard/libg.a(lib_a-fini.o)
 .ARM.attributes
                0x000000000000020a       0x34 /home/kamal/ti/ccsv7/tools/compiler/gcc-arm-none-eabi-6-2017-q1-update/bin/../lib/gcc/arm-none-eabi/6.3.1/../../../../arm-none-eabi/lib/thumb/v7e-m/fpv4-sp/hard/libg.a(lib_a-lock.o)
 .ARM.attributes
                0x000000000000023e       0x34 /home/kamal/ti/ccsv7/tools/compiler/gcc-arm-none-eabi-6-2017-q1-update/bin/../lib/gcc/arm-none-eabi/6.3.1/../../../../arm-none-eabi/lib/thumb/v7e-m/fpv4-sp/hard/libg.a(lib_a-__atexit.o)

.comment        0x0000000000000000       0x7f
 .comment       0x0000000000000000       0x7f ./tm4c1233h6pm_startup_ccs_gcc.o
                                         0x80 (size before relaxing)
 .comment       0x000000000000007f       0x80 ./FreeRTOS/list.o
 .comment       0x000000000000007f       0x80 ./FreeRTOS/tasks.o
 .comment       0x000000000000007f       0x80 ./FreeRTOS/portable/GCC/ARM_CM4F/port.o

.debug_info     0x0000000000000000     0x333c
 .debug_info    0x0000000000000000      0x193 ./tm4c1233h6pm_startup_ccs_gcc.o
 .debug_info    0x0000000000000193      0xade ./FreeRTOS/list.o
 .debug_info    0x0000000000000c71     0x23da ./FreeRTOS/tasks.o
 .debug_info    0x000000000000304b      0x2f1 ./FreeRTOS/portable/GCC/ARM_CM4F/port.o

.debug_abbrev   0x0000000000000000      0x859
 .debug_abbrev  0x0000000000000000       0xd7 ./tm4c1233h6pm_startup_ccs_gcc.o
 .debug_abbrev  0x00000000000000d7      0x210 ./FreeRTOS/list.o
 .debug_abbrev  0x00000000000002e7      0x3f9 ./FreeRTOS/tasks.o
 .debug_abbrev  0x00000000000006e0      0x179 ./FreeRTOS/portable/GCC/ARM_CM4F/port.o

.debug_loc      0x0000000000000000     0x112b
 .debug_loc     0x0000000000000000       0x1e ./tm4c1233h6pm_startup_ccs_gcc.o
 .debug_loc     0x000000000000001e       0x86 ./FreeRTOS/list.o
 .debug_loc     0x00000000000000a4     0x1056 ./FreeRTOS/tasks.o
 .debug_loc     0x00000000000010fa       0x31 ./FreeRTOS/portable/GCC/ARM_CM4F/port.o

.debug_aranges  0x0000000000000000      0x2a8
 .debug_aranges
                0x0000000000000000       0x38 ./tm4c1233h6pm_startup_ccs_gcc.o
 .debug_aranges
                0x0000000000000038       0x40 ./FreeRTOS/list.o
 .debug_aranges
                0x0000000000000078      0x1b8 ./FreeRTOS/tasks.o
 .debug_aranges
                0x0000000000000230       0x78 ./FreeRTOS/portable/GCC/ARM_CM4F/port.o

.debug_ranges   0x0000000000000000      0x358
 .debug_ranges  0x0000000000000000       0x28 ./tm4c1233h6pm_startup_ccs_gcc.o
 .debug_ranges  0x0000000000000028       0x30 ./FreeRTOS/list.o
 .debug_ranges  0x0000000000000058      0x298 ./FreeRTOS/tasks.o
 .debug_ranges  0x00000000000002f0       0x68 ./FreeRTOS/portable/GCC/ARM_CM4F/port.o

.debug_line     0x0000000000000000     0x1289
 .debug_line    0x0000000000000000      0x174 ./tm4c1233h6pm_startup_ccs_gcc.o
 .debug_line    0x0000000000000174      0x34e ./FreeRTOS/list.o
 .debug_line    0x00000000000004c2      0xacf ./FreeRTOS/tasks.o
 .debug_line    0x0000000000000f91      0x2f8 ./FreeRTOS/portable/GCC/ARM_CM4F/port.o

.debug_str      0x0000000000000000     0x15cb
 .debug_str     0x0000000000000000      0x24b ./tm4c1233h6pm_startup_ccs_gcc.o
                                        0x288 (size before relaxing)
 .debug_str     0x000000000000024b      0x51a ./FreeRTOS/list.o
                                        0x716 (size before relaxing)
 .debug_str     0x0000000000000765      0xd3d ./FreeRTOS/tasks.o
                                       0x141f (size before relaxing)
 .debug_str     0x00000000000014a2      0x129 ./FreeRTOS/portable/GCC/ARM_CM4F/port.o
                                        0x39c (size before relaxing)

.debug_frame    0x0000000000000000      0x8b8
 .debug_frame   0x0000000000000000       0x50 ./tm4c1233h6pm_startup_ccs_gcc.o
 .debug_frame   0x0000000000000050       0x6c ./FreeRTOS/list.o
 .debug_frame   0x00000000000000bc      0x588 ./FreeRTOS/tasks.o
 .debug_frame   0x0000000000000644       0xe0 ./FreeRTOS/portable/GCC/ARM_CM4F/port.o
 .debug_frame   0x0000000000000724       0x5c /home/kamal/ti/ccsv7/tools/compiler/gcc-arm-none-eabi-6-2017-q1-update/bin/../lib/gcc/arm-none-eabi/6.3.1/../../../../arm-none-eabi/lib/thumb/v7e-m/fpv4-sp/hard/libg.a(lib_a-__call_atexit.o)
 .debug_frame   0x0000000000000780       0x20 /home/kamal/ti/ccsv7/tools/compiler/gcc-arm-none-eabi-6-2017-q1-update/bin/../lib/gcc/arm-none-eabi/6.3.1/../../../../arm-none-eabi/lib/thumb/v7e-m/fpv4-sp/hard/libg.a(lib_a-atexit.o)
 .debug_frame   0x00000000000007a0       0x34 /home/kamal/ti/ccsv7/tools/compiler/gcc-arm-none-eabi-6-2017-q1-update/bin/../lib/gcc/arm-none-eabi/6.3.1/../../../../arm-none-eabi/lib/thumb/v7e-m/fpv4-sp/hard/libg.a(lib_a-fini.o)
 .debug_frame   0x00000000000007d4       0xb0 /home/kamal/ti/ccsv7/tools/compiler/gcc-arm-none-eabi-6-2017-q1-update/bin/../lib/gcc/arm-none-eabi/6.3.1/../../../../arm-none-eabi/lib/thumb/v7e-m/fpv4-sp/hard/libg.a(lib_a-lock.o)
 .debug_frame   0x0000000000000884       0x34 /home/kamal/ti/ccsv7/tools/compiler/gcc-arm-none-eabi-6-2017-q1-update/bin/../lib/gcc/arm-none-eabi/6.3.1/../../../../arm-none-eabi/lib/thumb/v7e-m/fpv4-sp/hard/libg.a(lib_a-__atexit.o)
