Archive member included to satisfy reference by file (symbol)

/home/kamal/ti/TivaWare_C_Series-2.1.4.178/driverlib/gcc/libdriver.a(sysctl.o)
                              ./drivers/rgb.o (SysCtlClockGet)
/home/kamal/ti/TivaWare_C_Series-2.1.4.178/driverlib/gcc/libdriver.a(uart.o)
                              ./freertos_demo.o (UARTClockSourceSet)
/home/kamal/ti/TivaWare_C_Series-2.1.4.178/driverlib/gcc/libdriver.a(cpu.o)
                              /home/kamal/ti/TivaWare_C_Series-2.1.4.178/driverlib/gcc/libdriver.a(sysctl.o) (CPUwfi)
/home/kamal/ti/TivaWare_C_Series-2.1.4.178/driverlib/gcc/libdriver.a(interrupt.o)
                              /home/kamal/ti/TivaWare_C_Series-2.1.4.178/driverlib/gcc/libdriver.a(sysctl.o) (IntRegister)
/home/kamal/ti/ccsv7/tools/compiler/gcc-arm-none-eabi-6-2017-q1-update/bin/../lib/gcc/arm-none-eabi/6.3.1/thumb/v7e-m/fpv4-sp/hard/libgcc.a(_fixunssfdi.o)
                              ./drivers/rgb.o (__aeabi_f2ulz)
/home/kamal/ti/ccsv7/tools/compiler/gcc-arm-none-eabi-6-2017-q1-update/bin/../lib/gcc/arm-none-eabi/6.3.1/thumb/v7e-m/fpv4-sp/hard/libgcc.a(_arm_addsubdf3.o)
                              /home/kamal/ti/ccsv7/tools/compiler/gcc-arm-none-eabi-6-2017-q1-update/bin/../lib/gcc/arm-none-eabi/6.3.1/thumb/v7e-m/fpv4-sp/hard/libgcc.a(_fixunssfdi.o) (__aeabi_dsub)
/home/kamal/ti/ccsv7/tools/compiler/gcc-arm-none-eabi-6-2017-q1-update/bin/../lib/gcc/arm-none-eabi/6.3.1/thumb/v7e-m/fpv4-sp/hard/libgcc.a(_arm_muldivdf3.o)
                              /home/kamal/ti/ccsv7/tools/compiler/gcc-arm-none-eabi-6-2017-q1-update/bin/../lib/gcc/arm-none-eabi/6.3.1/thumb/v7e-m/fpv4-sp/hard/libgcc.a(_fixunssfdi.o) (__aeabi_dmul)
/home/kamal/ti/ccsv7/tools/compiler/gcc-arm-none-eabi-6-2017-q1-update/bin/../lib/gcc/arm-none-eabi/6.3.1/thumb/v7e-m/fpv4-sp/hard/libgcc.a(_arm_fixunsdfsi.o)
                              /home/kamal/ti/ccsv7/tools/compiler/gcc-arm-none-eabi-6-2017-q1-update/bin/../lib/gcc/arm-none-eabi/6.3.1/thumb/v7e-m/fpv4-sp/hard/libgcc.a(_fixunssfdi.o) (__aeabi_d2uiz)
/home/kamal/ti/ccsv7/tools/compiler/gcc-arm-none-eabi-6-2017-q1-update/bin/../lib/gcc/arm-none-eabi/6.3.1/../../../../arm-none-eabi/lib/thumb/v7e-m/fpv4-sp/hard/libg.a(lib_a-exit.o)
                              /home/kamal/ti/ccsv7/tools/compiler/gcc-arm-none-eabi-6-2017-q1-update/bin/../lib/gcc/arm-none-eabi/6.3.1/../../../../arm-none-eabi/lib/thumb/v7e-m/fpv4-sp/hard/crt0.o (exit)
/home/kamal/ti/ccsv7/tools/compiler/gcc-arm-none-eabi-6-2017-q1-update/bin/../lib/gcc/arm-none-eabi/6.3.1/../../../../arm-none-eabi/lib/thumb/v7e-m/fpv4-sp/hard/libg.a(lib_a-impure.o)
                              /home/kamal/ti/ccsv7/tools/compiler/gcc-arm-none-eabi-6-2017-q1-update/bin/../lib/gcc/arm-none-eabi/6.3.1/../../../../arm-none-eabi/lib/thumb/v7e-m/fpv4-sp/hard/libg.a(lib_a-exit.o) (_global_impure_ptr)
/home/kamal/ti/ccsv7/tools/compiler/gcc-arm-none-eabi-6-2017-q1-update/bin/../lib/gcc/arm-none-eabi/6.3.1/../../../../arm-none-eabi/lib/thumb/v7e-m/fpv4-sp/hard/libg.a(lib_a-init.o)
                              /home/kamal/ti/ccsv7/tools/compiler/gcc-arm-none-eabi-6-2017-q1-update/bin/../lib/gcc/arm-none-eabi/6.3.1/../../../../arm-none-eabi/lib/thumb/v7e-m/fpv4-sp/hard/crt0.o (__libc_init_array)
/home/kamal/ti/ccsv7/tools/compiler/gcc-arm-none-eabi-6-2017-q1-update/bin/../lib/gcc/arm-none-eabi/6.3.1/../../../../arm-none-eabi/lib/thumb/v7e-m/fpv4-sp/hard/libg.a(lib_a-memcpy.o)
                              ./FreeRTOS/queue.o (memcpy)
/home/kamal/ti/ccsv7/tools/compiler/gcc-arm-none-eabi-6-2017-q1-update/bin/../lib/gcc/arm-none-eabi/6.3.1/../../../../arm-none-eabi/lib/thumb/v7e-m/fpv4-sp/hard/libg.a(lib_a-memset.o)
                              /home/kamal/ti/ccsv7/tools/compiler/gcc-arm-none-eabi-6-2017-q1-update/bin/../lib/gcc/arm-none-eabi/6.3.1/../../../../arm-none-eabi/lib/thumb/v7e-m/fpv4-sp/hard/crt0.o (memset)
/home/kamal/ti/ccsv7/tools/compiler/gcc-arm-none-eabi-6-2017-q1-update/bin/../lib/gcc/arm-none-eabi/6.3.1/../../../../arm-none-eabi/lib/thumb/v7e-m/fpv4-sp/hard/libg.a(lib_a-__call_atexit.o)
                              /home/kamal/ti/ccsv7/tools/compiler/gcc-arm-none-eabi-6-2017-q1-update/bin/../lib/gcc/arm-none-eabi/6.3.1/../../../../arm-none-eabi/lib/thumb/v7e-m/fpv4-sp/hard/libg.a(lib_a-exit.o) (__call_exitprocs)
/home/kamal/ti/ccsv7/tools/compiler/gcc-arm-none-eabi-6-2017-q1-update/bin/../lib/gcc/arm-none-eabi/6.3.1/../../../../arm-none-eabi/lib/thumb/v7e-m/fpv4-sp/hard/libg.a(lib_a-atexit.o)
                              /home/kamal/ti/ccsv7/tools/compiler/gcc-arm-none-eabi-6-2017-q1-update/bin/../lib/gcc/arm-none-eabi/6.3.1/../../../../arm-none-eabi/lib/thumb/v7e-m/fpv4-sp/hard/libg.a(lib_a-__call_atexit.o) (atexit)
/home/kamal/ti/ccsv7/tools/compiler/gcc-arm-none-eabi-6-2017-q1-update/bin/../lib/gcc/arm-none-eabi/6.3.1/../../../../arm-none-eabi/lib/thumb/v7e-m/fpv4-sp/hard/libg.a(lib_a-fini.o)
[...]
Memory Configuration

Name             Origin             Length             Attributes
FLASH            0x0000000000000000 0x0000000000040000 xr
SRAM             0x0000000020000000 0x0000000000008000 xw
*default*        0x0000000000000000 0xffffffffffffffff

Linker script and memory map

LOAD /home/kamal/ti/ccsv7/tools/compiler/gcc-arm-none-eabi-6-2017-q1-update/bin/../lib/gcc/arm-none-eabi/6.3.1/thumb/v7e-m/fpv4-sp/hard/crti.o
LOAD /home/kamal/ti/ccsv7/tools/compiler/gcc-arm-none-eabi-6-2017-q1-update/bin/../lib/gcc/arm-none-eabi/6.3.1/thumb/v7e-m/fpv4-sp/hard/crtbegin.o
LOAD /home/kamal/ti/ccsv7/tools/compiler/gcc-arm-none-eabi-6-2017-q1-update/bin/../lib/gcc/arm-none-eabi/6.3.1/../../../../arm-none-eabi/lib/thumb/v7e-m/fpv4-sp/hard/crt0.o
LOAD ./freertos_demo.o
LOAD ./led_task.o
LOAD ./switch_task.o
LOAD ./tm4c1233h6pm_startup_ccs_gcc.o
LOAD ./uartstdio.o
LOAD ./FreeRTOS/croutine.o
LOAD ./FreeRTOS/event_groups.o
LOAD ./FreeRTOS/list.o
LOAD ./FreeRTOS/queue.o
LOAD ./FreeRTOS/tasks.o
LOAD ./FreeRTOS/timers.o
LOAD ./FreeRTOS/portable/GCC/ARM_CM4F/port.o
LOAD ./FreeRTOS/portable/MemMang/heap_2.o
LOAD ./drivers/buttons.o
LOAD ./drivers/rgb.o
                0x0000000000000000                PROVIDE (_intvecs_base_address, 0x0)

.intvecs        0x0000000000000000      0x26c
 *(.intvecs)
 .intvecs       0x0000000000000000      0x26c ./tm4c1233h6pm_startup_ccs_gcc.o
                0x0000000000000000                g_pfnVectors
                0x0000000020000000                PROVIDE (_vtable_base_address, 0x20000000)

.vtable
 *(.vtable)

.text           0x0000000000000270     0x1fac
 CREATE_OBJECT_SYMBOLS
 *(.text)
 .text          0x0000000000000270       0x6c /home/kamal/ti/ccsv7/tools/compiler/gcc-arm-none-eabi-6-2017-q1-update/bin/../lib/gcc/arm-none-eabi/6.3.1/thumb/v7e-m/fpv4-sp/hard/crtbegin.o
 .text          0x00000000000002dc      0x134 /home/kamal/ti/ccsv7/tools/compiler/gcc-arm-none-eabi-6-2017-q1-update/bin/../lib/gcc/arm-none-eabi/6.3.1/../../../../arm-none-eabi/lib/thumb/v7e-m/fpv4-sp/hard/libg.a(lib_a-memcpy.o)
                0x00000000000002dc                memcpy
 *(.text.*)
 .text.vApplicationStackOverflowHook
                0x0000000000000410        0x2 ./freertos_demo.o
                0x0000000000000410                vApplicationStackOverflowHook
 *fill*         0x0000000000000412        0x2 
 .text.ConfigureUART
                0x0000000000000414       0x64 ./freertos_demo.o
                0x0000000000000414                ConfigureUART
 .text.startup.main
                0x0000000000000478       0x48 ./freertos_demo.o
                0x0000000000000478                main
 .text.LEDTask  0x00000000000004c0       0xdc ./led_task.o
 .text.LEDTaskInit
                0x000000000000059c       0x80 ./led_task.o
                0x000000000000059c                LEDTaskInit
 .text.SwitchTask
                0x000000000000061c       0xa8 ./switch_task.o
 .text.SwitchTaskInit
                0x00000000000006c4       0x40 ./switch_task.o
                0x00000000000006c4                SwitchTaskInit
 .text.NmiSR    0x0000000000000704        0x2 ./tm4c1233h6pm_startup_ccs_gcc.o
 .text.FaultISR
                0x0000000000000706        0x2 ./tm4c1233h6pm_startup_ccs_gcc.o
 .text.IntDefaultHandler
                0x0000000000000708        0x2 ./tm4c1233h6pm_startup_ccs_gcc.o
 *fill*         0x000000000000070a        0x2 
 .text.ResetISR
                0x000000000000070c       0x4c ./tm4c1233h6pm_startup_ccs_gcc.o
                0x000000000000070c                ResetISR
 .text.UARTStdioConfig
                0x0000000000000758       0x64 ./uartstdio.o
                0x0000000000000758                UARTStdioConfig
 .text.UARTwrite
                0x00000000000007bc       0x44 ./uartstdio.o
                0x00000000000007bc                UARTwrite
 .text.UARTvprintf
                0x0000000000000800      0x1a8 ./uartstdio.o
                0x0000000000000800                UARTvprintf
 .text.UARTprintf
                0x00000000000009a8       0x1a ./uartstdio.o
                0x00000000000009a8                UARTprintf
 .text.vListInitialise
                0x00000000000009c2       0x16 ./FreeRTOS/list.o
                0x00000000000009c2                vListInitialise
 .text.vListInitialiseItem
                0x00000000000009d8        0x6 ./FreeRTOS/list.o
                0x00000000000009d8                vListInitialiseItem
 .text.vListInsertEnd
                0x00000000000009de       0x18 ./FreeRTOS/list.o
                0x00000000000009de                vListInsertEnd
 .text.vListInsert
                0x00000000000009f6       0x2e ./FreeRTOS/list.o
                0x00000000000009f6                vListInsert
 .text.uxListRemove
                0x0000000000000a24       0x20 ./FreeRTOS/list.o
                0x0000000000000a24                uxListRemove
 .text.prvCopyDataToQueue
                0x0000000000000a44       0x66 ./FreeRTOS/queue.o
 .text.prvCopyDataFromQueue
                0x0000000000000aaa       0x2a ./FreeRTOS/queue.o
 .text.prvUnlockQueue
                0x0000000000000ad4       0x70 ./FreeRTOS/queue.o
 .text.xQueueGenericReset
                0x0000000000000b44       0x6c ./FreeRTOS/queue.o
                0x0000000000000b44                xQueueGenericReset
 .text.xQueueGenericCreate
                0x0000000000000bb0       0x34 ./FreeRTOS/queue.o
                0x0000000000000bb0                xQueueGenericCreate
 .text.xQueueGenericSend
                0x0000000000000be4       0xf4 ./FreeRTOS/queue.o
                0x0000000000000be4                xQueueGenericSend
 .text.xQueueCreateMutex
                0x0000000000000cd8       0x24 ./FreeRTOS/queue.o
                0x0000000000000cd8                xQueueCreateMutex
 .text.xQueueGenericSendFromISR
                0x0000000000000cfc       0x68 ./FreeRTOS/queue.o
                0x0000000000000cfc                xQueueGenericSendFromISR
 .text.xQueueGenericReceive
                0x0000000000000d64      0x134 ./FreeRTOS/queue.o
                0x0000000000000d64                xQueueGenericReceive
 .text.vQueueAddToRegistry
                0x0000000000000e98       0x24 ./FreeRTOS/queue.o
                0x0000000000000e98                vQueueAddToRegistry
 .text.vQueueWaitForMessageRestricted
                0x0000000000000ebc       0x46 ./FreeRTOS/queue.o
                0x0000000000000ebc                vQueueWaitForMessageRestricted
 *fill*         0x0000000000000f02        0x2 
 .text.prvResetNextTaskUnblockTime
                0x0000000000000f04       0x24 ./FreeRTOS/tasks.o
 .text.prvAddCurrentTaskToDelayedList
                0x0000000000000f28       0x74 ./FreeRTOS/tasks.o
 .text.xTaskCreate
                0x0000000000000f9c      0x1b8 ./FreeRTOS/tasks.o
                0x0000000000000f9c                xTaskCreate
 .text.vTaskStartScheduler
                0x0000000000001154       0x68 ./FreeRTOS/tasks.o
                0x0000000000001154                vTaskStartScheduler
 .text.vTaskSuspendAll
                0x00000000000011bc       0x10 ./FreeRTOS/tasks.o
                0x00000000000011bc                vTaskSuspendAll
 .text.xTaskGetTickCount
                0x00000000000011cc        0xc ./FreeRTOS/tasks.o
                0x00000000000011cc                xTaskGetTickCount
 .text.xTaskIncrementTick
                0x00000000000011d8       0xe8 ./FreeRTOS/tasks.o
                0x00000000000011d8                xTaskIncrementTick
 .text.xTaskResumeAll
                0x00000000000012c0       0xd0 ./FreeRTOS/tasks.o
                0x00000000000012c0                xTaskResumeAll
 .text.vTaskDelayUntil
                0x0000000000001390       0x58 ./FreeRTOS/tasks.o
                0x0000000000001390                vTaskDelayUntil
 .text.prvIdleTask
                0x00000000000013e8       0x54 ./FreeRTOS/tasks.o
 .text.vTaskSwitchContext
                0x000000000000143c       0x90 ./FreeRTOS/tasks.o
                0x000000000000143c                vTaskSwitchContext
 .text.vTaskPlaceOnEventList
                0x00000000000014cc       0x20 ./FreeRTOS/tasks.o
                0x00000000000014cc                vTaskPlaceOnEventList
 .text.vTaskPlaceOnEventListRestricted
                0x00000000000014ec       0x28 ./FreeRTOS/tasks.o
                0x00000000000014ec                vTaskPlaceOnEventListRestricted
 .text.xTaskRemoveFromEventList
                0x0000000000001514       0x6c ./FreeRTOS/tasks.o
                0x0000000000001514                xTaskRemoveFromEventList
 .text.vTaskSetTimeOutState
                0x0000000000001580       0x18 ./FreeRTOS/tasks.o
                0x0000000000001580                vTaskSetTimeOutState
 .text.xTaskCheckForTimeOut
                0x0000000000001598       0x4c ./FreeRTOS/tasks.o
                0x0000000000001598                xTaskCheckForTimeOut
 .text.vTaskMissedYield
                0x00000000000015e4        0xc ./FreeRTOS/tasks.o
                0x00000000000015e4                vTaskMissedYield
 .text.xTaskGetSchedulerState
                0x00000000000015f0       0x20 ./FreeRTOS/tasks.o
                0x00000000000015f0                xTaskGetSchedulerState
 .text.vTaskPriorityInherit
                0x0000000000001610       0x70 ./FreeRTOS/tasks.o
                0x0000000000001610                vTaskPriorityInherit
 .text.xTaskPriorityDisinherit
                0x0000000000001680       0x54 ./FreeRTOS/tasks.o
                0x0000000000001680                xTaskPriorityDisinherit
 .text.pvTaskIncrementMutexHeldCount
                0x00000000000016d4       0x18 ./FreeRTOS/tasks.o
                0x00000000000016d4                pvTaskIncrementMutexHeldCount
 .text.prvCheckForValidListAndQueue
                0x00000000000016ec       0x58 ./FreeRTOS/timers.o
 .text.prvInsertTimerInActiveList
                0x0000000000001744       0x3c ./FreeRTOS/timers.o
 .text.xTimerCreateTimerTask
                0x0000000000001780       0x38 ./FreeRTOS/timers.o
                0x0000000000001780                xTimerCreateTimerTask
 .text.xTimerGenericCommand
                0x00000000000017b8       0x44 ./FreeRTOS/timers.o
                0x00000000000017b8                xTimerGenericCommand
 .text.prvSwitchTimerLists
                0x00000000000017fc       0x68 ./FreeRTOS/timers.o
 .text.prvTimerTask
                0x0000000000001864      0x188 ./FreeRTOS/timers.o
 .text.prvTaskExitError
                0x00000000000019ec       0x12 ./FreeRTOS/portable/GCC/ARM_CM4F/port.o
 *fill*         0x00000000000019fe        0x2 
 .text.prvPortStartFirstTask
                0x0000000000001a00       0x20 ./FreeRTOS/portable/GCC/ARM_CM4F/port.o
 .text.vPortEnableVFP
                0x0000000000001a20       0x14 ./FreeRTOS/portable/GCC/ARM_CM4F/port.o
 .text.pxPortInitialiseStack
                0x0000000000001a34       0x2c ./FreeRTOS/portable/GCC/ARM_CM4F/port.o
                0x0000000000001a34                pxPortInitialiseStack
 .text.vPortSVCHandler
                0x0000000000001a60       0x24 ./FreeRTOS/portable/GCC/ARM_CM4F/port.o
                0x0000000000001a60                vPortSVCHandler
 .text.vPortEnterCritical
                0x0000000000001a84       0x20 ./FreeRTOS/portable/GCC/ARM_CM4F/port.o
                0x0000000000001a84                vPortEnterCritical
 .text.vPortExitCritical
                0x0000000000001aa4       0x14 ./FreeRTOS/portable/GCC/ARM_CM4F/port.o
                0x0000000000001aa4                vPortExitCritical
 *fill*         0x0000000000001ab8        0x8 
 .text.xPortPendSVHandler
                0x0000000000001ac0       0x64 ./FreeRTOS/portable/GCC/ARM_CM4F/port.o
                0x0000000000001ac0                xPortPendSVHandler
 .text.xPortSysTickHandler
                0x0000000000001b24       0x2c ./FreeRTOS/portable/GCC/ARM_CM4F/port.o
                0x0000000000001b24                xPortSysTickHandler
 .text.vPortSetupTimerInterrupt
                0x0000000000001b50       0x14 ./FreeRTOS/portable/GCC/ARM_CM4F/port.o
                0x0000000000001b50                vPortSetupTimerInterrupt
 .text.xPortStartScheduler
                0x0000000000001b64       0x40 ./FreeRTOS/portable/GCC/ARM_CM4F/port.o
                0x0000000000001b64                xPortStartScheduler
 .text.pvPortMalloc
                0x0000000000001ba4       0xb4 ./FreeRTOS/portable/MemMang/heap_2.o
                0x0000000000001ba4                pvPortMalloc
 .text.vPortFree
                0x0000000000001c58       0x40 ./FreeRTOS/portable/MemMang/heap_2.o
                0x0000000000001c58                vPortFree
 .text.ButtonsPoll
                0x0000000000001c98       0x80 ./drivers/buttons.o
                0x0000000000001c98                ButtonsPoll
 .text.ButtonsInit
                0x0000000000001d18       0x6c ./drivers/buttons.o
                0x0000000000001d18                ButtonsInit
 .text.RGBEnable
                0x0000000000001d84       0xc0 ./drivers/rgb.o
                0x0000000000001d84                RGBEnable
 .text.RGBInit  0x0000000000001e44      0x100 ./drivers/rgb.o
                0x0000000000001e44                RGBInit
 .text.RGBDisable
                0x0000000000001f44       0x64 ./drivers/rgb.o
                0x0000000000001f44                RGBDisable
 .text.RGBColorSet
                0x0000000000001fa8       0x8c ./drivers/rgb.o
                0x0000000000001fa8                RGBColorSet
 .text.RGBIntensitySet
                0x0000000000002034       0x14 ./drivers/rgb.o
                0x0000000000002034                RGBIntensitySet
 .text.UARTClockSourceSet
                0x0000000000002048        0x6 /home/kamal/ti/TivaWare_C_Series-2.1.4.178/driverlib/gcc/libdriver.a(uart.o)
                0x0000000000002048                UARTClockSourceSet
 *fill*         0x000000000000204e        0x2 
 .text.memset   0x0000000000002050       0x9c /home/kamal/ti/ccsv7/tools/compiler/gcc-arm-none-eabi-6-2017-q1-update/bin/../lib/gcc/arm-none-eabi/6.3.1/../../../../arm-none-eabi/lib/thumb/v7e-m/fpv4-sp/hard/libg.a(lib_a-memset.o)
                0x0000000000002050                memset
 .text.startup.register_fini
                0x00000000000020ec       0x14 /home/kamal/ti/ccsv7/tools/compiler/gcc-arm-none-eabi-6-2017-q1-update/bin/../lib/gcc/arm-none-eabi/6.3.1/../../../../arm-none-eabi/lib/thumb/v7e-m/fpv4-sp/hard/libg.a(lib_a-__call_atexit.o)
 .text.atexit   0x0000000000002100        0xc /home/kamal/ti/ccsv7/tools/compiler/gcc-arm-none-eabi-6-2017-q1-update/bin/../lib/gcc/arm-none-eabi/6.3.1/../../../../arm-none-eabi/lib/thumb/v7e-m/fpv4-sp/hard/libg.a(lib_a-atexit.o)
                0x0000000000002100                atexit
 .text.__libc_fini_array
                0x000000000000210c       0x34 /home/kamal/ti/ccsv7/tools/compiler/gcc-arm-none-eabi-6-2017-q1-update/bin/../lib/gcc/arm-none-eabi/6.3.1/../../../../arm-none-eabi/lib/thumb/v7e-m/fpv4-sp/hard/libg.a(lib_a-fini.o)
                0x000000000000210c                __libc_fini_array
 .text.__retarget_lock_acquire_recursive
                0x0000000000002140        0x4 /home/kamal/ti/ccsv7/tools/compiler/gcc-arm-none-eabi-6-2017-q1-update/bin/../lib/gcc/arm-none-eabi/6.3.1/../../../../arm-none-eabi/lib/thumb/v7e-m/fpv4-sp/hard/libg.a(lib_a-lock.o)
                0x0000000000002140                __retarget_lock_acquire_recursive
 .text.__retarget_lock_release_recursive
                0x0000000000002144        0x4 /home/kamal/ti/ccsv7/tools/compiler/gcc-arm-none-eabi-6-2017-q1-update/bin/../lib/gcc/arm-none-eabi/6.3.1/../../../../arm-none-eabi/lib/thumb/v7e-m/fpv4-sp/hard/libg.a(lib_a-lock.o)
                0x0000000000002144                __retarget_lock_release_recursive
 .text.__register_exitproc
                0x0000000000002148       0xc4 /home/kamal/ti/ccsv7/tools/compiler/gcc-arm-none-eabi-6-2017-q1-update/bin/../lib/gcc/arm-none-eabi/6.3.1/../../../../arm-none-eabi/lib/thumb/v7e-m/fpv4-sp/hard/libg.a(lib_a-__atexit.o)
                0x0000000000002148                __register_exitproc
                0x000000000000220c                . = ALIGN (0x4)
 *(.ctors)
                0x000000000000220c                . = ALIGN (0x4)
 *(.dtors)
                0x000000000000220c                . = ALIGN (0x4)
                0x000000000000220c                __init_array_start = .
 *(.init_array*)
 .init_array    0x000000000000220c        0x4 /home/kamal/ti/ccsv7/tools/compiler/gcc-arm-none-eabi-6-2017-q1-update/bin/../lib/gcc/arm-none-eabi/6.3.1/thumb/v7e-m/fpv4-sp/hard/crtbegin.o
 .init_array.00000
                0x0000000000002210        0x4 /home/kamal/ti/ccsv7/tools/compiler/gcc-arm-none-eabi-6-2017-q1-update/bin/../lib/gcc/arm-none-eabi/6.3.1/../../../../arm-none-eabi/lib/thumb/v7e-m/fpv4-sp/hard/libg.a(lib_a-__call_atexit.o)
                0x0000000000002214                __init_array_end = .
 *(.init)
 .init          0x0000000000002214        0x4 /home/kamal/ti/ccsv7/tools/compiler/gcc-arm-none-eabi-6-2017-q1-update/bin/../lib/gcc/arm-none-eabi/6.3.1/thumb/v7e-m/fpv4-sp/hard/crti.o
                0x0000000000002214                _init
 *(.fini*)
 .fini          0x0000000000002218        0x4 /home/kamal/ti/ccsv7/tools/compiler/gcc-arm-none-eabi-6-2017-q1-update/bin/../lib/gcc/arm-none-eabi/6.3.1/thumb/v7e-m/fpv4-sp/hard/crti.o
                0x0000000000002218                _fini
                [!provide]                        PROVIDE (__etext, .)
                [!provide]                        PROVIDE (_etext, .)
                [!provide]                        PROVIDE (etext, .)

.glue_7         0x000000000000221c        0x0
 .glue_7        0x000000000000221c        0x0 linker stubs

.glue_7t        0x000000000000221c        0x0
 .glue_7t       0x000000000000221c        0x0 linker stubs

.vfp11_veneer   0x000000000000221c        0x0
 .vfp11_veneer  0x000000000000221c        0x0 linker stubs

.v4_bx          0x000000000000221c        0x0
 .v4_bx         0x000000000000221c        0x0 linker stubs

.iplt           0x000000000000221c        0x0
 .iplt          0x000000000000221c        0x0 /home/kamal/ti/ccsv7/tools/compiler/gcc-arm-none-eabi-6-2017-q1-update/bin/../lib/gcc/arm-none-eabi/6.3.1/thumb/v7e-m/fpv4-sp/hard/crtbegin.o

.rodata         0x000000000000221c      0x120
 *(.rodata)
 *(.rodata*)
 .rodata.main.str1.1
                0x000000000000221c       0x2f ./freertos_demo.o
 .rodata.LEDTask.str1.1
                0x000000000000224b       0x22 ./led_task.o
                                         0x41 (size before relaxing)
 .rodata.LEDTaskInit.str1.1
                0x000000000000226d       0x24 ./led_task.o
 .rodata.SwitchTask.str1.1
                0x0000000000002291       0x5b ./switch_task.o
 .rodata.SwitchTaskInit.str1.1
                0x00000000000022ec        0x7 ./switch_task.o
 .rodata.UARTvprintf.str1.1
                0x00000000000022f3       0x19 ./uartstdio.o
 .rodata.g_ui32UARTBase
                0x000000000000230c        0xc ./uartstdio.o
 .rodata.g_ui32UARTPeriph
                0x0000000000002318        0xc ./uartstdio.o
 .rodata.vTaskStartScheduler.str1.1
                0x0000000000002324        0x5 ./FreeRTOS/tasks.o
 .rodata.prvCheckForValidListAndQueue.str1.1
                0x0000000000002329        0x5 ./FreeRTOS/timers.o
 .rodata.xTimerCreateTimerTask.str1.1
                0x000000000000232e        0x8 ./FreeRTOS/timers.o
 *fill*         0x0000000000002336        0x2 
 .rodata._global_impure_ptr
                0x0000000000002338        0x4 /home/kamal/ti/ccsv7/tools/compiler/gcc-arm-none-eabi-6-2017-q1-update/bin/../lib/gcc/arm-none-eabi/6.3.1/../../../../arm-none-eabi/lib/thumb/v7e-m/fpv4-sp/hard/libg.a(lib_a-impure.o)
                0x0000000000002338                _global_impure_ptr

.eh_frame       0x000000000000233c        0x0
 .eh_frame      0x000000000000233c        0x0 /home/kamal/ti/ccsv7/tools/compiler/gcc-arm-none-eabi-6-2017-q1-update/bin/../lib/gcc/arm-none-eabi/6.3.1/thumb/v7e-m/fpv4-sp/hard/crtbegin.o

.rel.dyn        0x000000000000233c        0x0
 .rel.iplt      0x000000000000233c        0x0 /home/kamal/ti/ccsv7/tools/compiler/gcc-arm-none-eabi-6-2017-q1-update/bin/../lib/gcc/arm-none-eabi/6.3.1/thumb/v7e-m/fpv4-sp/hard/crtbegin.o

.data           0x0000000020000000      0x43c load address 0x000000000000233c
                0x000000000000233c                __data_load__ = LOADADDR (.data)
                0x0000000020000000                __data_start__ = .
 *(.data)
 *(.data*)
 .data.uxCriticalNesting
                0x0000000020000000        0x4 ./FreeRTOS/portable/GCC/ARM_CM4F/port.o
 .data.xFreeBytesRemaining
                0x0000000020000004        0x4 ./FreeRTOS/portable/MemMang/heap_2.o
 .data.g_ui8ButtonStates
                0x0000000020000008        0x1 ./drivers/buttons.o
 *fill*         0x0000000020000009        0x3 
 .data.g_fIntensity
                0x000000002000000c        0x4 ./drivers/rgb.o
 .data.impure_data
                0x0000000020000010      0x428 /home/kamal/ti/ccsv7/tools/compiler/gcc-arm-none-eabi-6-2017-q1-update/bin/../lib/gcc/arm-none-eabi/6.3.1/../../../../arm-none-eabi/lib/thumb/v7e-m/fpv4-sp/hard/libg.a(lib_a-impure.o)
 .data.__atexit_recursive_mutex
                0x0000000020000438        0x4 /home/kamal/ti/ccsv7/tools/compiler/gcc-arm-none-eabi-6-2017-q1-update/bin/../lib/gcc/arm-none-eabi/6.3.1/../../../../arm-none-eabi/lib/thumb/v7e-m/fpv4-sp/hard/libg.a(lib_a-__call_atexit.o)
                0x0000000020000438                __atexit_recursive_mutex
                0x000000002000043c                . = ALIGN (0x4)
                0x000000002000043c                __data_end__ = .

.jcr            0x000000002000043c        0x0 load address 0x0000000000002778
 .jcr           0x000000002000043c        0x0 /home/kamal/ti/ccsv7/tools/compiler/gcc-arm-none-eabi-6-2017-q1-update/bin/../lib/gcc/arm-none-eabi/6.3.1/thumb/v7e-m/fpv4-sp/hard/crtbegin.o

.igot.plt       0x000000002000043c        0x0 load address 0x0000000000002778
 .igot.plt      0x000000002000043c        0x0 /home/kamal/ti/ccsv7/tools/compiler/gcc-arm-none-eabi-6-2017-q1-update/bin/../lib/gcc/arm-none-eabi/6.3.1/thumb/v7e-m/fpv4-sp/hard/crtbegin.o

.ARM.exidx      0x0000000000002778        0x0
                0x0000000000002778                __exidx_start = .
 *(.ARM.exidx* .gnu.linkonce.armexidx.*)
                0x0000000000002778                __exidx_end = .

.ARM.extab
 *(.ARM.extab* .gnu.linkonce.armextab.*)

.bss            0x000000002000043c     0x2b34
                0x000000002000043c                __bss_start__ = .
 *(.shbss)
 *(.bss)
 .bss           0x000000002000043c       0x1c /home/kamal/ti/ccsv7/tools/compiler/gcc-arm-none-eabi-6-2017-q1-update/bin/../lib/gcc/arm-none-eabi/6.3.1/thumb/v7e-m/fpv4-sp/hard/crtbegin.o
 *(.bss.*)
 .bss.g_pui32Colors
                0x0000000020000458        0xc ./led_task.o
 .bss.g_ui8ColorsIndx
                0x0000000020000464        0x1 ./led_task.o
 *fill*         0x0000000020000465        0x3 
 .bss.pui32Stack
                0x0000000020000468      0x200 ./tm4c1233h6pm_startup_ccs_gcc.o
 .bss.g_ui32Base
                0x0000000020000668        0x4 ./uartstdio.o
 .bss.pxCurrentTCB
                0x000000002000066c        0x4 ./FreeRTOS/tasks.o
                0x000000002000066c                pxCurrentTCB
 .bss.pxDelayedTaskList
                0x0000000020000670        0x4 ./FreeRTOS/tasks.o
 .bss.pxOverflowDelayedTaskList
                0x0000000020000674        0x4 ./FreeRTOS/tasks.o
 .bss.pxReadyTasksLists
                0x0000000020000678       0xa0 ./FreeRTOS/tasks.o
 .bss.uxCurrentNumberOfTasks
                0x0000000020000718        0x4 ./FreeRTOS/tasks.o
 .bss.uxDeletedTasksWaitingCleanUp
                0x000000002000071c        0x4 ./FreeRTOS/tasks.o
 .bss.uxPendedTicks
                0x0000000020000720        0x4 ./FreeRTOS/tasks.o
 .bss.uxSchedulerSuspended
                0x0000000020000724        0x4 ./FreeRTOS/tasks.o
 .bss.uxTaskNumber
                0x0000000020000728        0x4 ./FreeRTOS/tasks.o
 .bss.uxTopReadyPriority
                0x000000002000072c        0x4 ./FreeRTOS/tasks.o
 .bss.xDelayedTaskList1
                0x0000000020000730       0x14 ./FreeRTOS/tasks.o
 .bss.xDelayedTaskList2
                0x0000000020000744       0x14 ./FreeRTOS/tasks.o
 .bss.xIdleTaskHandle
                0x0000000020000758        0x4 ./FreeRTOS/tasks.o
 .bss.xNextTaskUnblockTime
                0x000000002000075c        0x4 ./FreeRTOS/tasks.o
 .bss.xNumOfOverflows
                0x0000000020000760        0x4 ./FreeRTOS/tasks.o
 .bss.xPendingReadyList
                0x0000000020000764       0x14 ./FreeRTOS/tasks.o
 .bss.xSchedulerRunning
                0x0000000020000778        0x4 ./FreeRTOS/tasks.o
 .bss.xSuspendedTaskList
                0x000000002000077c       0x14 ./FreeRTOS/tasks.o
 .bss.xTasksWaitingTermination
                0x0000000020000790       0x14 ./FreeRTOS/tasks.o
 .bss.xTickCount
                0x00000000200007a4        0x4 ./FreeRTOS/tasks.o
 .bss.xYieldPending
                0x00000000200007a8        0x4 ./FreeRTOS/tasks.o
 .bss.pxCurrentTimerList
                0x00000000200007ac        0x4 ./FreeRTOS/timers.o
 .bss.pxOverflowTimerList
                0x00000000200007b0        0x4 ./FreeRTOS/timers.o
 .bss.xActiveTimerList1
                0x00000000200007b4       0x14 ./FreeRTOS/timers.o
 .bss.xActiveTimerList2
                0x00000000200007c8       0x14 ./FreeRTOS/timers.o
 .bss.xLastTime.6524
                0x00000000200007dc        0x4 ./FreeRTOS/timers.o
 .bss.xTimerQueue
                0x00000000200007e0        0x4 ./FreeRTOS/timers.o
 .bss.xTimerTaskHandle
                0x00000000200007e4        0x4 ./FreeRTOS/timers.o
 .bss.ucHeap    0x00000000200007e8     0x2710 ./FreeRTOS/portable/MemMang/heap_2.o
 .bss.xEnd      0x0000000020002ef8        0x8 ./FreeRTOS/portable/MemMang/heap_2.o
 .bss.xHeapHasBeenInitialised.6251
                0x0000000020002f00        0x4 ./FreeRTOS/portable/MemMang/heap_2.o
 .bss.xStart    0x0000000020002f04        0x8 ./FreeRTOS/portable/MemMang/heap_2.o
 .bss.ui8SwitchClockA.5574
                0x0000000020002f0c        0x1 ./drivers/buttons.o
 .bss.ui8SwitchClockB.5575
                0x0000000020002f0d        0x1 ./drivers/buttons.o
 *fill*         0x0000000020002f0e        0x2 
 .bss.g_ui32Colors
                0x0000000020002f10        0xc ./drivers/rgb.o
 *(COMMON)
 COMMON         0x0000000020002f1c        0x4 ./freertos_demo.o
                0x0000000020002f1c                g_pUARTSemaphore
 COMMON         0x0000000020002f20        0x4 ./led_task.o
                0x0000000020002f20                g_pLEDQueue
 COMMON         0x0000000020002f24       0x28 ./FreeRTOS/queue.o
                0x0000000020002f24                xQueueRegistry
 COMMON         0x0000000020002f4c       0x21 /home/kamal/ti/ccsv7/tools/compiler/gcc-arm-none-eabi-6-2017-q1-update/bin/../lib/gcc/arm-none-eabi/6.3.1/../../../../arm-none-eabi/lib/thumb/v7e-m/fpv4-sp/hard/libg.a(lib_a-lock.o)
                0x0000000020002f4c                __lock___atexit_recursive_mutex
                0x0000000020002f50                __lock___arc4random_mutex
                0x0000000020002f54                __lock___env_recursive_mutex
                0x0000000020002f58                __lock___sinit_recursive_mutex
                0x0000000020002f5c                __lock___malloc_recursive_mutex
                0x0000000020002f60                __lock___at_quick_exit_mutex
                0x0000000020002f64                __lock___dd_hash_mutex
                0x0000000020002f68                __lock___tz_mutex
                0x0000000020002f6c                __lock___sfp_recursive_mutex
                0x0000000020002f70                . = ALIGN (0x4)
 *fill*         0x0000000020002f6d        0x3 
                0x0000000020002f70                __bss_end__ = .

.heap           0x0000000020002f70        0x0
                0x0000000020002f70                __heap_start__ = .
                0x0000000020002f70                end = __heap_start__
                0x0000000020002f70                _end = end
                0x0000000020002f70                __end = end
 *(.heap)
                0x0000000020002f70                __heap_end__ = .
                0x0000000020002f70                __HeapLimit = __heap_end__

.stack          0x0000000020002f70        0x0
                0x0000000020002f70                _stack = .
                0x0000000020002f70                __stack = .
 *(.stack)
LOAD /home/kamal/ti/TivaWare_C_Series-2.1.4.178/driverlib/gcc/libdriver.a
START GROUP
LOAD /home/kamal/ti/ccsv7/tools/compiler/gcc-arm-none-eabi-6-2017-q1-update/bin/../lib/gcc/arm-none-eabi/6.3.1/thumb/v7e-m/fpv4-sp/hard/libgcc.a
LOAD /home/kamal/ti/ccsv7/tools/compiler/gcc-arm-none-eabi-6-2017-q1-update/bin/../lib/gcc/arm-none-eabi/6.3.1/../../../../arm-none-eabi/lib/thumb/v7e-m/fpv4-sp/hard/libg.a
LOAD /home/kamal/ti/ccsv7/tools/compiler/gcc-arm-none-eabi-6-2017-q1-update/bin/../lib/gcc/arm-none-eabi/6.3.1/../../../../arm-none-eabi/lib/thumb/v7e-m/fpv4-sp/hard/libc.a
END GROUP
START GROUP
LOAD /home/kamal/ti/ccsv7/tools/compiler/gcc-arm-none-eabi-6-2017-q1-update/bin/../lib/gcc/arm-none-eabi/6.3.1/thumb/v7e-m/fpv4-sp/hard/libgcc.a
LOAD /home/kamal/ti/ccsv7/tools/compiler/gcc-arm-none-eabi-6-2017-q1-update/bin/../lib/gcc/arm-none-eabi/6.3.1/../../../../arm-none-eabi/lib/thumb/v7e-m/fpv4-sp/hard/libc.a
LOAD /home/kamal/ti/ccsv7/tools/compiler/gcc-arm-none-eabi-6-2017-q1-update/bin/../lib/gcc/arm-none-eabi/6.3.1/../../../../arm-none-eabi/lib/thumb/v7e-m/fpv4-sp/hard/libnosys.a
END GROUP
LOAD /home/kamal/ti/ccsv7/tools/compiler/gcc-arm-none-eabi-6-2017-q1-update/bin/../lib/gcc/arm-none-eabi/6.3.1/thumb/v7e-m/fpv4-sp/hard/crtend.o
LOAD /home/kamal/ti/ccsv7/tools/compiler/gcc-arm-none-eabi-6-2017-q1-update/bin/../lib/gcc/arm-none-eabi/6.3.1/thumb/v7e-m/fpv4-sp/hard/crtn.o
OUTPUT(freertos_on_tm4c123.out elf32-littlearm)

.ARM.attributes
                0x0000000000000000       0x30
 .ARM.attributes
                0x0000000000000000       0x22 /home/kamal/ti/ccsv7/tools/compiler/gcc-arm-none-eabi-6-2017-q1-update/bin/../lib/gcc/arm-none-eabi/6.3.1/thumb/v7e-m/fpv4-sp/hard/crti.o
 .ARM.attributes
                0x0000000000000022       0x34 /home/kamal/ti/ccsv7/tools/compiler/gcc-arm-none-eabi-6-2017-q1-update/bin/../lib/gcc/arm-none-eabi/6.3.1/thumb/v7e-m/fpv4-sp/hard/crtbegin.o
 .ARM.attributes
                0x0000000000000056       0x39 ./freertos_demo.o
 .ARM.attributes
                0x000000000000008f       0x39 ./led_task.o
 .ARM.attributes
                0x00000000000000c8       0x39 ./switch_task.o
 .ARM.attributes
                0x0000000000000101       0x39 ./tm4c1233h6pm_startup_ccs_gcc.o
 .ARM.attributes
                0x000000000000013a       0x39 ./uartstdio.o
 .ARM.attributes
                0x0000000000000173       0x39 ./FreeRTOS/list.o
 .ARM.attributes
                0x00000000000001ac       0x39 ./FreeRTOS/queue.o
 .ARM.attributes
                0x00000000000001e5       0x39 ./FreeRTOS/tasks.o
 .ARM.attributes
                0x000000000000021e       0x39 ./FreeRTOS/timers.o
 .ARM.attributes
                0x0000000000000257       0x39 ./FreeRTOS/portable/GCC/ARM_CM4F/port.o
 .ARM.attributes
                0x0000000000000290       0x39 ./FreeRTOS/portable/MemMang/heap_2.o
 .ARM.attributes
                0x00000000000002c9       0x39 ./drivers/buttons.o
 .ARM.attributes
                0x0000000000000302       0x39 ./drivers/rgb.o
 .ARM.attributes
                0x000000000000033b       0x3b /home/kamal/ti/TivaWare_C_Series-2.1.4.178/driverlib/gcc/libdriver.a(uart.o)
 .ARM.attributes
                0x0000000000000376       0x34 /home/kamal/ti/ccsv7/tools/compiler/gcc-arm-none-eabi-6-2017-q1-update/bin/../lib/gcc/arm-none-eabi/6.3.1/../../../../arm-none-eabi/lib/thumb/v7e-m/fpv4-sp/hard/libg.a(lib_a-impure.o)
 .ARM.attributes
                0x00000000000003aa       0x20 /home/kamal/ti/ccsv7/tools/compiler/gcc-arm-none-eabi-6-2017-q1-update/bin/../lib/gcc/arm-none-eabi/6.3.1/../../../../arm-none-eabi/lib/thumb/v7e-m/fpv4-sp/hard/libg.a(lib_a-memcpy.o)
 .ARM.attributes
                0x00000000000003ca       0x34 /home/kamal/ti/ccsv7/tools/compiler/gcc-arm-none-eabi-6-2017-q1-update/bin/../lib/gcc/arm-none-eabi/6.3.1/../../../../arm-none-eabi/lib/thumb/v7e-m/fpv4-sp/hard/libg.a(lib_a-memset.o)
 .ARM.attributes
                0x00000000000003fe       0x34 /home/kamal/ti/ccsv7/tools/compiler/gcc-arm-none-eabi-6-2017-q1-update/bin/../lib/gcc/arm-none-eabi/6.3.1/../../../../arm-none-eabi/lib/thumb/v7e-m/fpv4-sp/hard/libg.a(lib_a-__call_atexit.o)
 .ARM.attributes
                0x0000000000000432       0x34 /home/kamal/ti/ccsv7/tools/compiler/gcc-arm-none-eabi-6-2017-q1-update/bin/../lib/gcc/arm-none-eabi/6.3.1/../../../../arm-none-eabi/lib/thumb/v7e-m/fpv4-sp/hard/libg.a(lib_a-atexit.o)
 .ARM.attributes
                0x0000000000000466       0x34 /home/kamal/ti/ccsv7/tools/compiler/gcc-arm-none-eabi-6-2017-q1-update/bin/../lib/gcc/arm-none-eabi/6.3.1/../../../../arm-none-eabi/lib/thumb/v7e-m/fpv4-sp/hard/libg.a(lib_a-fini.o)
 .ARM.attributes
                0x000000000000049a       0x34 /home/kamal/ti/ccsv7/tools/compiler/gcc-arm-none-eabi-6-2017-q1-update/bin/../lib/gcc/arm-none-eabi/6.3.1/../../../../arm-none-eabi/lib/thumb/v7e-m/fpv4-sp/hard/libg.a(lib_a-lock.o)
 .ARM.attributes
                0x00000000000004ce       0x34 /home/kamal/ti/ccsv7/tools/compiler/gcc-arm-none-eabi-6-2017-q1-update/bin/../lib/gcc/arm-none-eabi/6.3.1/../../../../arm-none-eabi/lib/thumb/v7e-m/fpv4-sp/hard/libg.a(lib_a-__atexit.o)

.comment        0x0000000000000000       0xef
 .comment       0x0000000000000000       0x7f ./freertos_demo.o
                                         0x80 (size before relaxing)
 .comment       0x000000000000007f       0x80 ./led_task.o
 .comment       0x000000000000007f       0x80 ./switch_task.o
 .comment       0x000000000000007f       0x80 ./tm4c1233h6pm_startup_ccs_gcc.o
 .comment       0x000000000000007f       0x80 ./uartstdio.o
 .comment       0x000000000000007f       0x80 ./FreeRTOS/list.o
 .comment       0x000000000000007f       0x80 ./FreeRTOS/queue.o
 .comment       0x000000000000007f       0x80 ./FreeRTOS/tasks.o
 .comment       0x000000000000007f       0x80 ./FreeRTOS/timers.o
 .comment       0x000000000000007f       0x80 ./FreeRTOS/portable/GCC/ARM_CM4F/port.o
 .comment       0x000000000000007f       0x80 ./FreeRTOS/portable/MemMang/heap_2.o
 .comment       0x000000000000007f       0x80 ./drivers/buttons.o
 .comment       0x000000000000007f       0x80 ./drivers/rgb.o
 .comment       0x000000000000007f       0x70 /home/kamal/ti/TivaWare_C_Series-2.1.4.178/driverlib/gcc/libdriver.a(uart.o)
                                         0x71 (size before relaxing)

.debug_info     0x0000000000000000     0x75f7
 .debug_info    0x0000000000000000      0x14a ./freertos_demo.o
 .debug_info    0x000000000000014a      0x19b ./led_task.o
 .debug_info    0x00000000000002e5      0x17f ./switch_task.o
 .debug_info    0x0000000000000464      0x193 ./tm4c1233h6pm_startup_ccs_gcc.o
 .debug_info    0x00000000000005f7      0x394 ./uartstdio.o
 .debug_info    0x000000000000098b      0xade ./FreeRTOS/list.o
 .debug_info    0x0000000000001469     0x1881 ./FreeRTOS/queue.o
 .debug_info    0x0000000000002cea     0x2424 ./FreeRTOS/tasks.o
 .debug_info    0x000000000000510e     0x1306 ./FreeRTOS/timers.o
 .debug_info    0x0000000000006414      0x2f1 ./FreeRTOS/portable/GCC/ARM_CM4F/port.o
 .debug_info    0x0000000000006705      0xb37 ./FreeRTOS/portable/MemMang/heap_2.o
 .debug_info    0x000000000000723c      0x152 ./drivers/buttons.o
 .debug_info    0x000000000000738e      0x269 ./drivers/rgb.o

.debug_abbrev   0x0000000000000000     0x164d
 .debug_abbrev  0x0000000000000000       0xaa ./freertos_demo.o
 .debug_abbrev  0x00000000000000aa       0xc9 ./led_task.o
 .debug_abbrev  0x0000000000000173       0xb5 ./switch_task.o
 .debug_abbrev  0x0000000000000228       0xd7 ./tm4c1233h6pm_startup_ccs_gcc.o
 .debug_abbrev  0x00000000000002ff      0x14f ./uartstdio.o
 .debug_abbrev  0x000000000000044e      0x210 ./FreeRTOS/list.o
 .debug_abbrev  0x000000000000065e      0x31d ./FreeRTOS/queue.o
 .debug_abbrev  0x000000000000097b      0x402 ./FreeRTOS/tasks.o
 .debug_abbrev  0x0000000000000d7d      0x2fc ./FreeRTOS/timers.o
 .debug_abbrev  0x0000000000001079      0x179 ./FreeRTOS/portable/GCC/ARM_CM4F/port.o
 .debug_abbrev  0x00000000000011f2      0x2b7 ./FreeRTOS/portable/MemMang/heap_2.o
 .debug_abbrev  0x00000000000014a9       0x9b ./drivers/buttons.o
 .debug_abbrev  0x0000000000001544      0x109 ./drivers/rgb.o

.debug_aranges  0x0000000000000000      0x5b0
 .debug_aranges
                0x0000000000000000       0x30 ./freertos_demo.o
 .debug_aranges
                0x0000000000000030       0x28 ./led_task.o
 .debug_aranges
                0x0000000000000058       0x28 ./switch_task.o
 .debug_aranges
                0x0000000000000080       0x38 ./tm4c1233h6pm_startup_ccs_gcc.o
 .debug_aranges
                0x00000000000000b8       0x48 ./uartstdio.o
 .debug_aranges
                0x0000000000000100       0x40 ./FreeRTOS/list.o
 .debug_aranges
                0x0000000000000140       0xf8 ./FreeRTOS/queue.o
 .debug_aranges
                0x0000000000000238      0x1b8 ./FreeRTOS/tasks.o
 .debug_aranges
                0x00000000000003f0       0x88 ./FreeRTOS/timers.o
 .debug_aranges
                0x0000000000000478       0x78 ./FreeRTOS/portable/GCC/ARM_CM4F/port.o
 .debug_aranges
                0x00000000000004f0       0x38 ./FreeRTOS/portable/MemMang/heap_2.o
 .debug_aranges
                0x0000000000000528       0x28 ./drivers/buttons.o
 .debug_aranges
                0x0000000000000550       0x60 ./drivers/rgb.o

.debug_ranges   0x0000000000000000      0x750
 .debug_ranges  0x0000000000000000       0x20 ./freertos_demo.o
 .debug_ranges  0x0000000000000020       0x18 ./led_task.o
 .debug_ranges  0x0000000000000038       0x18 ./switch_task.o
 .debug_ranges  0x0000000000000050       0x28 ./tm4c1233h6pm_startup_ccs_gcc.o
 .debug_ranges  0x0000000000000078       0x38 ./uartstdio.o
 .debug_ranges  0x00000000000000b0       0x30 ./FreeRTOS/list.o
 .debug_ranges  0x00000000000000e0      0x1c8 ./FreeRTOS/queue.o
 .debug_ranges  0x00000000000002a8      0x298 ./FreeRTOS/tasks.o
 .debug_ranges  0x0000000000000540       0xe8 ./FreeRTOS/timers.o
 .debug_ranges  0x0000000000000628       0x68 ./FreeRTOS/portable/GCC/ARM_CM4F/port.o
 .debug_ranges  0x0000000000000690       0x58 ./FreeRTOS/portable/MemMang/heap_2.o
 .debug_ranges  0x00000000000006e8       0x18 ./drivers/buttons.o
 .debug_ranges  0x0000000000000700       0x50 ./drivers/rgb.o

.debug_line     0x0000000000000000     0x2e6e
 .debug_line    0x0000000000000000      0x1c3 ./freertos_demo.o
 .debug_line    0x00000000000001c3      0x23c ./led_task.o
 .debug_line    0x00000000000003ff      0x223 ./switch_task.o
 .debug_line    0x0000000000000622      0x174 ./tm4c1233h6pm_startup_ccs_gcc.o
 .debug_line    0x0000000000000796      0x311 ./uartstdio.o
 .debug_line    0x0000000000000aa7      0x34e ./FreeRTOS/list.o
 .debug_line    0x0000000000000df5      0x727 ./FreeRTOS/queue.o
 .debug_line    0x000000000000151c      0xacf ./FreeRTOS/tasks.o
 .debug_line    0x0000000000001feb      0x4cd ./FreeRTOS/timers.o
 .debug_line    0x00000000000024b8      0x2f8 ./FreeRTOS/portable/GCC/ARM_CM4F/port.o
 .debug_line    0x00000000000027b0      0x311 ./FreeRTOS/portable/MemMang/heap_2.o
 .debug_line    0x0000000000002ac1      0x17b ./drivers/buttons.o
 .debug_line    0x0000000000002c3c      0x232 ./drivers/rgb.o

.debug_str      0x0000000000000000     0x2448
 .debug_str     0x0000000000000000      0x23a ./freertos_demo.o
                                        0x284 (size before relaxing)
 .debug_str     0x000000000000023a       0x90 ./led_task.o
                                        0x2c6 (size before relaxing)
 .debug_str     0x00000000000002ca       0x78 ./switch_task.o
                                        0x2d4 (size before relaxing)
 .debug_str     0x0000000000000342       0xbb ./tm4c1233h6pm_startup_ccs_gcc.o
                                        0x288 (size before relaxing)
 .debug_str     0x00000000000003fd      0x152 ./uartstdio.o
                                        0x344 (size before relaxing)
 .debug_str     0x000000000000054f      0x4f7 ./FreeRTOS/list.o
                                        0x716 (size before relaxing)
 .debug_str     0x0000000000000a46      0x5af ./FreeRTOS/queue.o
                                        0xc97 (size before relaxing)
 .debug_str     0x0000000000000ff5      0xc3e ./FreeRTOS/tasks.o
                                       0x1435 (size before relaxing)
 .debug_str     0x0000000000001c33      0x423 ./FreeRTOS/timers.o
                                        0xb43 (size before relaxing)
 .debug_str     0x0000000000002056      0x129 ./FreeRTOS/portable/GCC/ARM_CM4F/port.o
                                        0x39c (size before relaxing)
 .debug_str     0x000000000000217f      0x151 ./FreeRTOS/portable/MemMang/heap_2.o
                                        0x761 (size before relaxing)
 .debug_str     0x00000000000022d0       0x89 ./drivers/buttons.o
                                        0x271 (size before relaxing)
 .debug_str     0x0000000000002359       0xef ./drivers/rgb.o
                                        0x2d0 (size before relaxing)

.debug_frame    0x0000000000000000     0x1174
 .debug_frame   0x0000000000000000       0x54 ./freertos_demo.o
 .debug_frame   0x0000000000000054       0x4c ./led_task.o
 .debug_frame   0x00000000000000a0       0x48 ./switch_task.o
 .debug_frame   0x00000000000000e8       0x50 ./tm4c1233h6pm_startup_ccs_gcc.o
 .debug_frame   0x0000000000000138       0xfc ./uartstdio.o
 .debug_frame   0x0000000000000234       0x6c ./FreeRTOS/list.o
 .debug_frame   0x00000000000002a0      0x300 ./FreeRTOS/queue.o
 .debug_frame   0x00000000000005a0      0x58c ./FreeRTOS/tasks.o
 .debug_frame   0x0000000000000b2c      0x190 ./FreeRTOS/timers.o
 .debug_frame   0x0000000000000cbc       0xe0 ./FreeRTOS/portable/GCC/ARM_CM4F/port.o
 .debug_frame   0x0000000000000d9c       0x74 ./FreeRTOS/portable/MemMang/heap_2.o
 .debug_frame   0x0000000000000e10       0x4c ./drivers/buttons.o
 .debug_frame   0x0000000000000e5c      0x150 ./drivers/rgb.o
 .debug_frame   0x0000000000000fac       0x34 /home/kamal/ti/ccsv7/tools/compiler/gcc-arm-none-eabi-6-2017-q1-update/bin/../lib/gcc/arm-none-eabi/6.3.1/../../../../arm-none-eabi/lib/thumb/v7e-m/fpv4-sp/hard/libg.a(lib_a-memset.o)
 .debug_frame   0x0000000000000fe0       0x5c /home/kamal/ti/ccsv7/tools/compiler/gcc-arm-none-eabi-6-2017-q1-update/bin/../lib/gcc/arm-none-eabi/6.3.1/../../../../arm-none-eabi/lib/thumb/v7e-m/fpv4-sp/hard/libg.a(lib_a-__call_atexit.o)
 .debug_frame   0x000000000000103c       0x20 /home/kamal/ti/ccsv7/tools/compiler/gcc-arm-none-eabi-6-2017-q1-update/bin/../lib/gcc/arm-none-eabi/6.3.1/../../../../arm-none-eabi/lib/thumb/v7e-m/fpv4-sp/hard/libg.a(lib_a-atexit.o)
 .debug_frame   0x000000000000105c       0x34 /home/kamal/ti/ccsv7/tools/compiler/gcc-arm-none-eabi-6-2017-q1-update/bin/../lib/gcc/arm-none-eabi/6.3.1/../../../../arm-none-eabi/lib/thumb/v7e-m/fpv4-sp/hard/libg.a(lib_a-fini.o)
 .debug_frame   0x0000000000001090       0xb0 /home/kamal/ti/ccsv7/tools/compiler/gcc-arm-none-eabi-6-2017-q1-update/bin/../lib/gcc/arm-none-eabi/6.3.1/../../../../arm-none-eabi/lib/thumb/v7e-m/fpv4-sp/hard/libg.a(lib_a-lock.o)
 .debug_frame   0x0000000000001140       0x34 /home/kamal/ti/ccsv7/tools/compiler/gcc-arm-none-eabi-6-2017-q1-update/bin/../lib/gcc/arm-none-eabi/6.3.1/../../../../arm-none-eabi/lib/thumb/v7e-m/fpv4-sp/hard/libg.a(lib_a-__atexit.o)

.debug_loc      0x0000000000000000     0x284f
 .debug_loc     0x0000000000000000       0x26 ./led_task.o
 .debug_loc     0x0000000000000026       0x65 ./switch_task.o
 .debug_loc     0x000000000000008b       0x1e ./tm4c1233h6pm_startup_ccs_gcc.o
 .debug_loc     0x00000000000000a9      0x3ac ./uartstdio.o
 .debug_loc     0x0000000000000455       0x86 ./FreeRTOS/list.o
 .debug_loc     0x00000000000004db      0xb0f ./FreeRTOS/queue.o
 .debug_loc     0x0000000000000fea     0x1069 ./FreeRTOS/tasks.o
 .debug_loc     0x0000000000002053      0x4be ./FreeRTOS/timers.o
 .debug_loc     0x0000000000002511       0x31 ./FreeRTOS/portable/GCC/ARM_CM4F/port.o
 .debug_loc     0x0000000000002542      0x1e4 ./FreeRTOS/portable/MemMang/heap_2.o
 .debug_loc     0x0000000000002726       0x6d ./drivers/buttons.o
 .debug_loc     0x0000000000002793       0xbc ./drivers/rgb.o
