******************************************************************************
                  TI ARM Linker Unix v16.9.6                   
******************************************************************************
>> Linked Mon Jun 25 15:45:56 2018

OUTPUT FILE NAME:   <IISC_Lab.out>
ENTRY POINT SYMBOL: "_c_int00"  address: 00003231


MEMORY CONFIGURATION

         name            origin    length      used     unused   attr    fill
----------------------  --------  ---------  --------  --------  ----  --------
  FLASH                 00000000   00040000  000034fa  0003cb06  R  X
  SRAM                  20000000   00008000  00000400  00007c00  RW X


SEGMENT ALLOCATION MAP

run origin  load origin   length   init length attrs members
----------  ----------- ---------- ----------- ----- -------
00000000    00000000    00003500   00003500    r-x
  00000000    00000000    0000026c   0000026c    r-- .intvecs
  0000026c    0000026c    000031de   000031de    r-x .text
  0000344c    0000344c    00000018   00000018    r-- .const
  00003468    00003468    00000098   00000098    r-- .cinit
20000000    20000000    00000400   00000000    rw-
  20000000    20000000    00000200   00000000    rw- .stack
  20000200    20000200    000001e0   00000000    rw- .data
  200003e0    200003e0    00000020   00000000    rw- .bss


SECTION ALLOCATION MAP

 output                                  attributes/
section   page    origin      length       input sections
--------  ----  ----------  ----------   ----------------
.intvecs   0    00000000    0000026c     
                  00000000    0000026c     tm4c123gh6pm_startup_ccs.obj (.intvecs)

.text      0    0000026c    000031de     
                  0000026c    00000cfc     selfNavigation.obj (.text)
                  00000f68    00000694     encoders.obj (.text)
                  000015fc    000004fc     Ultrasonic.obj (.text)
                  00001af8    00000440     motors.obj (.text)
                  00001f38    000003a8     odometry.obj (.text)
                  000022e0    00000320     PCA9685.obj (.text)
                  00002600    00000270     UartSerial.obj (.text)
                  00002870    00000210     WiFi_Comm.obj (.text)
                  00002a80    000001b6     rtsv7M4_T_le_v4SPD16_eabi.lib : fd_add_t2.obj (.text)
                  00002c36    00000136                                   : fd_div_t2.obj (.text)
                  00002d6c    000000fc                                   : fd_mul_t2.obj (.text)
                  00002e68    000000e4     KinModel.obj (.text)
                  00002f4c    0000009c     rtsv7M4_T_le_v4SPD16_eabi.lib : memcpy_t2.obj (.text)
                  00002fe8    00000086                                   : fd_cmp_t2.obj (.text:__aeabi_cdrcmple)
                  0000306e    0000007a                                   : memset_t2.obj (.text)
                  000030e8    00000070                                   : autoinit.obj (.text)
                  00003158    0000006e                                   : fd_tos_t2.obj (.text)
                  000031c6    00000068                                   : copy_decompress_lzss.obj (.text:decompress:lzss)
                  0000322e    00000002                                   : mpu_init.obj (.text)
                  00003230    00000054                                   : boot.obj (.text)
                  00003284    00000054                                   : exit.obj (.text)
                  000032d8    0000004c                                   : cpy_tbl.obj (.text)
                  00003324    00000048                                   : fd_toi_t2.obj (.text)
                  0000336c    00000038                                   : fs_tod_t2.obj (.text)
                  000033a4    0000002e                                   : i_tofd_t2.obj (.text)
                  000033d2    00000020                                   : u_tofd_t2.obj (.text)
                  000033f2    00000002                                   : startup.obj (.text)
                  000033f4    00000018                                   : args_main.obj (.text)
                  0000340c    00000014                                   : _lock.obj (.text)
                  00003420    0000000e                                   : copy_decompress_none.obj (.text:decompress:none)
                  0000342e    0000000c                                   : copy_zero_init.obj (.text:decompress:ZI)
                  0000343a    0000000c     tm4c123gh6pm_startup_ccs.obj (.text)
                  00003446    00000004     rtsv7M4_T_le_v4SPD16_eabi.lib : pre_init.obj (.text)

.const     0    0000344c    00000018     
                  0000344c    0000000c     selfNavigation.obj (.const:$P$T0$1)
                  00003458    0000000c     odometry.obj (.const)

.cinit     0    00003468    00000098     
                  00003468    0000006f     (.cinit..data.load) [load image, compression = lzss]
                  000034d7    00000001     --HOLE-- [fill = 0]
                  000034d8    0000000c     (__TI_handler_table)
                  000034e4    00000004     --HOLE-- [fill = 0]
                  000034e8    00000008     (.cinit..bss.load) [load image, compression = zero_init]
                  000034f0    00000010     (__TI_cinit_table)

.init_array 
*          0    00000000    00000000     UNINITIALIZED

.data      0    20000200    000001e0     UNINITIALIZED
                  20000200    00000054     selfNavigation.obj (.data:room)
                  20000254    0000003a     selfNavigation.obj (.data)
                  2000028e    00000002     --HOLE--
                  20000290    00000030     KinModel.obj (.data:J)
                  200002c0    00000010     odometry.obj (.data:D)
                  200002d0    00000010     odometry.obj (.data:Kd)
                  200002e0    00000010     odometry.obj (.data:Kp)
                  200002f0    00000010     odometry.obj (.data:P)
                  20000300    00000010     odometry.obj (.data:PID)
                  20000310    00000010     odometry.obj (.data:desired_velocity)
                  20000320    00000010     selfNavigation.obj (.data:distance)
                  20000330    00000010     encoders.obj (.data:encoder_value)
                  20000340    00000010     encoders.obj (.data:lastEncoded)
                  20000350    00000010     odometry.obj (.data:last_velocity_error)
                  20000360    00000010     odometry.obj (.data:velocity)
                  20000370    00000010     odometry.obj (.data:velocity_error)
                  20000380    00000010     KinModel.obj (.data:w)
                  20000390    0000000c     rtsv7M4_T_le_v4SPD16_eabi.lib : exit.obj (.data:$O1$$)
                  2000039c    0000000c     KinModel.obj (.data:V)
                  200003a8    0000000c     selfNavigation.obj (.data:destination)
                  200003b4    0000000c     odometry.obj (.data:position)
                  200003c0    0000000c     selfNavigation.obj (.data:present)
                  200003cc    00000008     rtsv7M4_T_le_v4SPD16_eabi.lib : _lock.obj (.data:$O1$$)
                  200003d4    00000008     Ultrasonic.obj (.data)
                  200003dc    00000004     rtsv7M4_T_le_v4SPD16_eabi.lib : stkdepth_vars.obj (.data)

.bss       0    200003e0    00000020     UNINITIALIZED
                  200003e0    00000010     (.common:echo_end)
                  200003f0    00000010     (.common:echo_start)

.stack     0    20000000    00000200     UNINITIALIZED
                  20000000    00000200     --HOLE--

MODULE SUMMARY

       Module                         code    ro data   rw data
       ------                         ----    -------   -------
    ./
       selfNavigation.obj             3324    12        182    
       encoders.obj                   1684    0         64     
       Ultrasonic.obj                 1276    0         8      
       odometry.obj                   936     12        156    
       motors.obj                     1088    0         0      
       PCA9685.obj                    800     0         0      
       tm4c123gh6pm_startup_ccs.obj   12      620       0      
       UartSerial.obj                 624     0         0      
       WiFi_Comm.obj                  528     0         0      
       KinModel.obj                   228     0         76     
    +--+------------------------------+-------+---------+---------+
       Total:                         10500   644       486    
                                                               
    /home/kamal/ti/ccsv7/tools/compiler/ti-cgt-arm_16.9.6.LTS/lib/rtsv7M4_T_le_v4SPD16_eabi.lib
       fd_add_t2.obj                  438     0         0      
       fd_div_t2.obj                  310     0         0      
       fd_mul_t2.obj                  252     0         0      
       memcpy_t2.obj                  156     0         0      
       fd_cmp_t2.obj                  134     0         0      
       memset_t2.obj                  122     0         0      
       autoinit.obj                   112     0         0      
       fd_tos_t2.obj                  110     0         0      
       copy_decompress_lzss.obj       104     0         0      
       exit.obj                       84      0         12     
       boot.obj                       84      0         0      
       cpy_tbl.obj                    76      0         0      
       fd_toi_t2.obj                  72      0         0      
       fs_tod_t2.obj                  56      0         0      
       i_tofd_t2.obj                  46      0         0      
       u_tofd_t2.obj                  32      0         0      
       _lock.obj                      20      0         8      
       args_main.obj                  24      0         0      
       copy_decompress_none.obj       14      0         0      
       copy_zero_init.obj             12      0         0      
       pre_init.obj                   4       0         0      
       stkdepth_vars.obj              0       0         4      
       mpu_init.obj                   2       0         0      
       startup.obj                    2       0         0      
    +--+------------------------------+-------+---------+---------+
       Total:                         2266    0         24     
                                                               
       Stack:                         0       0         512    
       Linker Generated:              0       147       0      
    +--+------------------------------+-------+---------+---------+
       Grand Total:                   12766   791       1022   


LINKER GENERATED COPY TABLES

__TI_cinit_table @ 000034f0 records: 2, size/record: 8, table size: 16
	.data: load addr=00003468, load size=0000006f bytes, run addr=20000200, run size=000001e0 bytes, compression=lzss
	.bss: load addr=000034e8, load size=00000008 bytes, run addr=200003e0, run size=00000020 bytes, compression=zero_init


LINKER GENERATED HANDLER TABLE

__TI_handler_table @ 000034d8 records: 3, size/record: 4, table size: 12
	index: 0, handler: __TI_decompress_lzss
	index: 1, handler: __TI_decompress_none
	index: 2, handler: __TI_zero_init


GLOBAL SYMBOLS: SORTED ALPHABETICALLY BY Name 

address   name                           
-------   ----                           
00003285  C$$EXIT                        
200002c0  D                              
00000f53  DisableInterrupts              
00000f57  EnableInterrupts               
00000f69  GPIOPortC_Handler              
000010c5  GPIOPortD_Handler              
00001015  GPIOPortE_Handler              
00001235  GPIOPortF_Handler              
000023eb  I2CwriteByte                   
20000290  J                              
00003458  K                              
200002d0  Kd                             
200002e0  Kp                             
0000345c  N                              
200002f0  P                              
000024a5  PCA9685_analogWrite            
00002421  PCA9685_digitalWrite           
20000300  PID                            
0000343b  ResetISR                       
UNDEFED   SHT$$INIT_ARRAY$$Base          
UNDEFED   SHT$$INIT_ARRAY$$Limit         
000026d5  SerialAvailable                
00002601  SerialPrintInt                 
00001f39  TIMER0_TA_Handler              
00001677  TIMER1_TA_Handler              
00001697  TIMER2_TA_Handler              
000029b1  UART1_Init                     
000026c1  UART_InChar                    
00002783  UART_Init                      
000026e7  UART_OutChar                   
000028fb  UIPrintInt                     
000028af  UI_InChar                      
00002979  UI_OutChar                     
000028c3  UI_SerialAvailable             
000028d5  UI_print_line                  
00002871  UI_read_line                   
000018bf  Ultrasonic_Init                
2000039c  V                              
00000411  WaitForMsg                     
20000200  __STACK_END                    
00000200  __STACK_SIZE                   
20000200  __STACK_TOP                    
000034f0  __TI_CINIT_Base                
00003500  __TI_CINIT_Limit               
000034d8  __TI_Handler_Table_Base        
000034e4  __TI_Handler_Table_Limit       
000030e9  __TI_auto_init                 
20000390  __TI_cleanup_ptr               
000031c7  __TI_decompress_lzss           
00003421  __TI_decompress_none           
20000394  __TI_dtors_ptr                 
20000398  __TI_enable_exit_profile_output
ffffffff  __TI_pprof_out_hndl            
ffffffff  __TI_prof_data_size            
ffffffff  __TI_prof_data_start           
00000000  __TI_static_base__             
0000342f  __TI_zero_init                 
00002fe9  __aeabi_cdrcmple               
00003159  __aeabi_d2f                    
00003325  __aeabi_d2iz                   
00002a8b  __aeabi_dadd                   
00002c37  __aeabi_ddiv                   
00002d6d  __aeabi_dmul                   
00002a81  __aeabi_dsub                   
0000336d  __aeabi_f2d                    
000033a5  __aeabi_i2d                    
0000306f  __aeabi_memclr                 
0000306f  __aeabi_memclr4                
0000306f  __aeabi_memclr8                
00002f4d  __aeabi_memcpy                 
00002f4d  __aeabi_memcpy4                
00002f4d  __aeabi_memcpy8                
00003071  __aeabi_memset                 
00003071  __aeabi_memset4                
00003071  __aeabi_memset8                
000033d3  __aeabi_ui2d                   
ffffffff  __binit__                      
ffffffff  __c_args__                     
0000322f  __mpu_init                     
20000000  __stack                        
000033f5  _args_main                     
00003231  _c_int00                       
200003cc  _lock                          
0000341b  _nop                           
00003413  _register_lock                 
0000340d  _register_unlock               
000033f3  _system_post_cinit             
00003447  _system_pre_init               
200003d0  _unlock                        
00003289  abort                          
ffffffff  binit                          
20000280  change_corridor                
000032d9  copy_in                        
000006a5  correct_orientation            
00000369  correction_range_check         
200003d4  count                          
00003460  d                              
00000f11  delayMs                        
00001885  delayUs                        
20000310  desired_velocity               
2000028d  dest_corridor                  
20000288  dest_room                      
200003a8  destination                    
000004c5  det_dis_dir                    
20000258  dir                            
20000254  dis                            
20000268  dis_D                          
20000264  dis_I                          
20000274  dis_Kd                         
20000270  dis_Ki                         
2000026c  dis_Kp                         
20000260  dis_P                          
2000025c  dis_PID                        
20000320  distance                       
200003e0  echo_end                       
200003f0  echo_start                     
00001703  echo_state                     
20000330  encoder_value                  
00003291  exit                           
00000000  g_pfnVectors                   
00002561  init_I2C1                      
000024f7  init_PCA9685                   
00001305  init_encoders                  
00001c8f  init_motors                    
000021bf  init_timer0A                   
0000193d  init_timer1A                   
000019d1  init_timer2A                   
0000261d  itoa                           
20000340  lastEncoded                    
20000350  last_velocity_error            
2000027c  limit_H                        
20000278  limit_L                        
0000026d  main                           
200003dc  main_func_sp                   
00002f4d  memcpy                         
00003077  memset                         
000015fd  micros                         
200003d8  micros_overflow                
00001615  millis                         
00001b69  motor                          
00001af9  motors                         
00000a39  move                           
200003b4  position                       
200003c0  present                        
2000028c  present_corridor               
20000284  present_room                   
00002767  printString                    
00002995  printString_UI                 
00002741  print_line                     
00001767  read_distance                  
00002703  read_line                      
20000200  room                           
000022e1  setRWMode                      
0000240b  setSlaveAddress                
00000467  set_dest_corridor              
00001b4f  set_motor                      
00002e69  set_velocity                   
0000219f  sign                           
00002917  update_UI                      
20000360  velocity                       
20000370  velocity_error                 
20000380  w                              
00002315  waitAndErrorCheck              
0000236b  wireRead                       
0000233d  wireSend                       


GLOBAL SYMBOLS: SORTED BY Symbol Address 

address   name                           
-------   ----                           
00000000  __TI_static_base__             
00000000  g_pfnVectors                   
00000200  __STACK_SIZE                   
0000026d  main                           
00000369  correction_range_check         
00000411  WaitForMsg                     
00000467  set_dest_corridor              
000004c5  det_dis_dir                    
000006a5  correct_orientation            
00000a39  move                           
00000f11  delayMs                        
00000f53  DisableInterrupts              
00000f57  EnableInterrupts               
00000f69  GPIOPortC_Handler              
00001015  GPIOPortE_Handler              
000010c5  GPIOPortD_Handler              
00001235  GPIOPortF_Handler              
00001305  init_encoders                  
000015fd  micros                         
00001615  millis                         
00001677  TIMER1_TA_Handler              
00001697  TIMER2_TA_Handler              
00001703  echo_state                     
00001767  read_distance                  
00001885  delayUs                        
000018bf  Ultrasonic_Init                
0000193d  init_timer1A                   
000019d1  init_timer2A                   
00001af9  motors                         
00001b4f  set_motor                      
00001b69  motor                          
00001c8f  init_motors                    
00001f39  TIMER0_TA_Handler              
0000219f  sign                           
000021bf  init_timer0A                   
000022e1  setRWMode                      
00002315  waitAndErrorCheck              
0000233d  wireSend                       
0000236b  wireRead                       
000023eb  I2CwriteByte                   
0000240b  setSlaveAddress                
00002421  PCA9685_digitalWrite           
000024a5  PCA9685_analogWrite            
000024f7  init_PCA9685                   
00002561  init_I2C1                      
00002601  SerialPrintInt                 
0000261d  itoa                           
000026c1  UART_InChar                    
000026d5  SerialAvailable                
000026e7  UART_OutChar                   
00002703  read_line                      
00002741  print_line                     
00002767  printString                    
00002783  UART_Init                      
00002871  UI_read_line                   
000028af  UI_InChar                      
000028c3  UI_SerialAvailable             
000028d5  UI_print_line                  
000028fb  UIPrintInt                     
00002917  update_UI                      
00002979  UI_OutChar                     
00002995  printString_UI                 
000029b1  UART1_Init                     
00002a81  __aeabi_dsub                   
00002a8b  __aeabi_dadd                   
00002c37  __aeabi_ddiv                   
00002d6d  __aeabi_dmul                   
00002e69  set_velocity                   
00002f4d  __aeabi_memcpy                 
00002f4d  __aeabi_memcpy4                
00002f4d  __aeabi_memcpy8                
00002f4d  memcpy                         
00002fe9  __aeabi_cdrcmple               
0000306f  __aeabi_memclr                 
0000306f  __aeabi_memclr4                
0000306f  __aeabi_memclr8                
00003071  __aeabi_memset                 
00003071  __aeabi_memset4                
00003071  __aeabi_memset8                
00003077  memset                         
000030e9  __TI_auto_init                 
00003159  __aeabi_d2f                    
000031c7  __TI_decompress_lzss           
0000322f  __mpu_init                     
00003231  _c_int00                       
00003285  C$$EXIT                        
00003289  abort                          
00003291  exit                           
000032d9  copy_in                        
00003325  __aeabi_d2iz                   
0000336d  __aeabi_f2d                    
000033a5  __aeabi_i2d                    
000033d3  __aeabi_ui2d                   
000033f3  _system_post_cinit             
000033f5  _args_main                     
0000340d  _register_unlock               
00003413  _register_lock                 
0000341b  _nop                           
00003421  __TI_decompress_none           
0000342f  __TI_zero_init                 
0000343b  ResetISR                       
00003447  _system_pre_init               
00003458  K                              
0000345c  N                              
00003460  d                              
000034d8  __TI_Handler_Table_Base        
000034e4  __TI_Handler_Table_Limit       
000034f0  __TI_CINIT_Base                
00003500  __TI_CINIT_Limit               
20000000  __stack                        
20000200  __STACK_END                    
20000200  __STACK_TOP                    
20000200  room                           
20000254  dis                            
20000258  dir                            
2000025c  dis_PID                        
20000260  dis_P                          
20000264  dis_I                          
20000268  dis_D                          
2000026c  dis_Kp                         
20000270  dis_Ki                         
20000274  dis_Kd                         
20000278  limit_L                        
2000027c  limit_H                        
20000280  change_corridor                
20000284  present_room                   
20000288  dest_room                      
2000028c  present_corridor               
2000028d  dest_corridor                  
20000290  J                              
200002c0  D                              
200002d0  Kd                             
200002e0  Kp                             
200002f0  P                              
20000300  PID                            
20000310  desired_velocity               
20000320  distance                       
20000330  encoder_value                  
20000340  lastEncoded                    
20000350  last_velocity_error            
20000360  velocity                       
20000370  velocity_error                 
20000380  w                              
20000390  __TI_cleanup_ptr               
20000394  __TI_dtors_ptr                 
20000398  __TI_enable_exit_profile_output
2000039c  V                              
200003a8  destination                    
200003b4  position                       
200003c0  present                        
200003cc  _lock                          
200003d0  _unlock                        
200003d4  count                          
200003d8  micros_overflow                
200003dc  main_func_sp                   
200003e0  echo_end                       
200003f0  echo_start                     
ffffffff  __TI_pprof_out_hndl            
ffffffff  __TI_prof_data_size            
ffffffff  __TI_prof_data_start           
ffffffff  __binit__                      
ffffffff  __c_args__                     
ffffffff  binit                          
UNDEFED   SHT$$INIT_ARRAY$$Base          
UNDEFED   SHT$$INIT_ARRAY$$Limit         

[165 symbols]
