******************************************************************************
                  TI ARM Linker Unix v16.9.6                   
******************************************************************************
>> Linked Wed Jun 27 23:22:10 2018

OUTPUT FILE NAME:   <IISC_Lab.out>
ENTRY POINT SYMBOL: "_c_int00"  address: 00004659


MEMORY CONFIGURATION

         name            origin    length      used     unused   attr    fill
----------------------  --------  ---------  --------  --------  ----  --------
  FLASH                 00000000   00040000  00004a1a  0003b5e6  R  X
  SRAM                  20000000   00008000  0000058c  00007a74  RW X


SEGMENT ALLOCATION MAP

run origin  load origin   length   init length attrs members
----------  ----------- ---------- ----------- ----- -------
00000000    00000000    00004a20   00004a20    r-x
  00000000    00000000    0000026c   0000026c    r-- .intvecs
  0000026c    0000026c    000045be   000045be    r-x .text
  00004830    00004830    000000b0   000000b0    r-- .const
  000048e0    000048e0    00000140   00000140    r-- .cinit
20000000    20000000    0000058c   00000000    rw-
  20000000    20000000    00000354   00000000    rw- .data
  20000354    20000354    00000200   00000000    rw- .stack
  20000554    20000554    00000038   00000000    rw- .bss


SECTION ALLOCATION MAP

 output                                  attributes/
section   page    origin      length       input sections
--------  ----  ----------  ----------   ----------------
.intvecs   0    00000000    0000026c     
                  00000000    0000026c     tm4c123gh6pm_startup_ccs.obj (.intvecs)

.text      0    0000026c    000045be     
                  0000026c    000016d8     selfNavigation.obj (.text)
                  00001944    00000694     encoders.obj (.text)
                  00001fd8    0000059c     MPU9250_YawCalc.obj (.text)
                  00002574    0000057c     Ultrasonic.obj (.text)
                  00002af0    00000478     motors.obj (.text)
                  00002f68    00000348     PCA9685.obj (.text)
                  000032b0    000002ec     rtsv7M4_T_le_v4SPD16_eabi.lib : s_atan.obj (.text)
                  0000359c    000002c0     odometry.obj (.text)
                  0000385c    00000270     UartSerial.obj (.text)
                  00003acc    000001f0     WiFi_Comm.obj (.text)
                  00003cbc    000001ec     rtsv7M4_T_le_v4SPD16_eabi.lib : e_atan2.obj (.text)
                  00003ea8    000001b6                                   : fd_add_t2.obj (.text)
                  0000405e    00000136                                   : fd_div_t2.obj (.text)
                  00004194    000000fc                                   : fd_mul_t2.obj (.text)
                  00004290    000000e4     KinModel.obj (.text)
                  00004374    0000009c     rtsv7M4_T_le_v4SPD16_eabi.lib : memcpy_t2.obj (.text)
                  00004410    00000086                                   : fd_cmp_t2.obj (.text:__aeabi_cdrcmple)
                  00004496    0000007a                                   : memset_t2.obj (.text)
                  00004510    00000070                                   : autoinit.obj (.text)
                  00004580    0000006e                                   : fd_tos_t2.obj (.text)
                  000045ee    00000068                                   : copy_decompress_lzss.obj (.text:decompress:lzss)
                  00004656    00000002                                   : mpu_init.obj (.text)
                  00004658    00000054                                   : boot.obj (.text)
                  000046ac    00000054                                   : exit.obj (.text)
                  00004700    0000004c                                   : cpy_tbl.obj (.text)
                  0000474c    00000038                                   : fs_tod_t2.obj (.text)
                  00004784    0000002e                                   : i_tofd_t2.obj (.text)
                  000047b2    00000020                                   : u_tofd_t2.obj (.text)
                  000047d2    00000002                                   : startup.obj (.text)
                  000047d4    00000018                                   : args_main.obj (.text)
                  000047ec    00000014                                   : _lock.obj (.text)
                  00004800    0000000e                                   : copy_decompress_none.obj (.text:decompress:none)
                  0000480e    0000000c                                   : copy_zero_init.obj (.text:decompress:ZI)
                  0000481a    0000000c     tm4c123gh6pm_startup_ccs.obj (.text)
                  00004826    00000004     rtsv7M4_T_le_v4SPD16_eabi.lib : pre_init.obj (.text)

.const     0    00004830    000000b0     
                  00004830    00000098     rtsv7M4_T_le_v4SPD16_eabi.lib : s_atan.obj (.const:$O1$$)
                  000048c8    0000000c     selfNavigation.obj (.const:$P$T0$1)
                  000048d4    0000000c     odometry.obj (.const)

.cinit     0    000048e0    00000140     
                  000048e0    0000011b     (.cinit..data.load) [load image, compression = lzss]
                  000049fb    00000001     --HOLE-- [fill = 0]
                  000049fc    0000000c     (__TI_handler_table)
                  00004a08    00000008     (.cinit..bss.load) [load image, compression = zero_init]
                  00004a10    00000010     (__TI_cinit_table)

.init_array 
*          0    00000000    00000000     UNINITIALIZED

.data      0    20000000    00000354     UNINITIALIZED
                  20000000    00000204     selfNavigation.obj (.data:room)
                  20000204    0000003d     selfNavigation.obj (.data)
                  20000241    00000003     --HOLE--
                  20000244    00000030     KinModel.obj (.data:J)
                  20000274    00000030     selfNavigation.obj (.data:common_corner)
                  200002a4    00000029     MPU9250_YawCalc.obj (.data)
                  200002cd    00000003     --HOLE--
                  200002d0    00000010     selfNavigation.obj (.data:distance)
                  200002e0    00000010     encoders.obj (.data:encoder_value)
                  200002f0    00000010     encoders.obj (.data:lastEncoded)
                  20000300    00000010     KinModel.obj (.data:w)
                  20000310    0000000c     rtsv7M4_T_le_v4SPD16_eabi.lib : exit.obj (.data:$O1$$)
                  2000031c    0000000c     KinModel.obj (.data:V)
                  20000328    0000000c     odometry.obj (.data:position)
                  20000334    0000000c     selfNavigation.obj (.data:present)
                  20000340    00000008     rtsv7M4_T_le_v4SPD16_eabi.lib : _lock.obj (.data:$O1$$)
                  20000348    00000008     Ultrasonic.obj (.data)
                  20000350    00000004     rtsv7M4_T_le_v4SPD16_eabi.lib : stkdepth_vars.obj (.data)

.bss       0    20000554    00000038     UNINITIALIZED
                  20000554    00000018     (.common:decisions)
                  2000056c    00000010     (.common:echo_end)
                  2000057c    00000010     (.common:echo_start)

.stack     0    20000354    00000200     UNINITIALIZED
                  20000354    00000200     --HOLE--

MODULE SUMMARY

       Module                         code    ro data   rw data
       ------                         ----    -------   -------
    ./
       selfNavigation.obj             5848    12        677    
       encoders.obj                   1684    0         64     
       MPU9250_YawCalc.obj            1436    0         41     
       Ultrasonic.obj                 1404    0         8      
       motors.obj                     1144    0         0      
       PCA9685.obj                    840     0         0      
       odometry.obj                   704     12        12     
       tm4c123gh6pm_startup_ccs.obj   12      620       0      
       UartSerial.obj                 624     0         0      
       WiFi_Comm.obj                  496     0         0      
       KinModel.obj                   228     0         76     
    +--+------------------------------+-------+---------+---------+
       Total:                         14420   644       878    
                                                               
    /home/kamal/ti/ccsv7/tools/compiler/ti-cgt-arm_16.9.6.LTS/lib/rtsv7M4_T_le_v4SPD16_eabi.lib
       s_atan.obj                     748     152       0      
       e_atan2.obj                    492     0         0      
       fd_add_t2.obj                  438     0         0      
       fd_div_t2.obj                  310     0         0      
       fd_mul_t2.obj                  252     0         0      
       memcpy_t2.obj                  156     0         0      
       fd_cmp_t2.obj                  134     0         0      
       memset_t2.obj                  122     0         0      
       autoinit.obj                   112     0         0      
       fd_tos_t2.obj                  110     0         0      
       copy_decompress_lzss.obj       104     0         0      
       exit.obj                       84      0         12     
       boot.obj                       84      0         0      
       cpy_tbl.obj                    76      0         0      
       fs_tod_t2.obj                  56      0         0      
       i_tofd_t2.obj                  46      0         0      
       u_tofd_t2.obj                  32      0         0      
       _lock.obj                      20      0         8      
       args_main.obj                  24      0         0      
       copy_decompress_none.obj       14      0         0      
       copy_zero_init.obj             12      0         0      
       pre_init.obj                   4       0         0      
       stkdepth_vars.obj              0       0         4      
       mpu_init.obj                   2       0         0      
       startup.obj                    2       0         0      
    +--+------------------------------+-------+---------+---------+
       Total:                         3434    152       24     
                                                               
       Stack:                         0       0         512    
       Linker Generated:              0       319       0      
    +--+------------------------------+-------+---------+---------+
       Grand Total:                   17854   1115      1414   


LINKER GENERATED COPY TABLES

__TI_cinit_table @ 00004a10 records: 2, size/record: 8, table size: 16
	.data: load addr=000048e0, load size=0000011b bytes, run addr=20000000, run size=00000354 bytes, compression=lzss
	.bss: load addr=00004a08, load size=00000008 bytes, run addr=20000554, run size=00000038 bytes, compression=zero_init


LINKER GENERATED HANDLER TABLE

__TI_handler_table @ 000049fc records: 3, size/record: 4, table size: 12
	index: 0, handler: __TI_decompress_lzss
	index: 1, handler: __TI_decompress_none
	index: 2, handler: __TI_zero_init


GLOBAL SYMBOLS: SORTED ALPHABETICALLY BY Name 

address   name                           
-------   ----                           
000046ad  C$$EXIT                        
00001925  DisableInterrupts              
00001929  EnableInterrupts               
00001945  GPIOPortC_Handler              
00001aa1  GPIOPortD_Handler              
000019f1  GPIOPortE_Handler              
00001c11  GPIOPortF_Handler              
00003093  I2CwriteByte                   
0000235b  I2CwriteByte_I2C0              
20000244  J                              
000048d4  K                              
20000228  Kp                             
000048d8  N                              
0000314d  PCA9685_analogWrite            
000030c9  PCA9685_digitalWrite           
0000481b  ResetISR                       
UNDEFED   SHT$$INIT_ARRAY$$Base          
UNDEFED   SHT$$INIT_ARRAY$$Limit         
00003931  SerialAvailable                
0000385d  SerialPrintInt                 
0000359d  TIMER0_TA_Handler              
00001fd9  TIMER0_TB_Handler              
000025ef  TIMER1_TA_Handler              
0000267b  TIMER2_TA_Handler              
00003bf7  UART1_Init                     
0000391d  UART_InChar                    
000039df  UART_Init                      
00003943  UART_OutChar                   
00003b57  UIPrintInt                     
00003b0b  UI_InChar                      
00003bbf  UI_OutChar                     
00003b1f  UI_SerialAvailable             
00003b31  UI_print_line                  
00003acd  UI_read_line                   
000028b5  Ultrasonic_Init                
2000031c  V                              
00000f63  WaitForMsg                     
20000554  __STACK_END                    
00000200  __STACK_SIZE                   
20000554  __STACK_TOP                    
00004a10  __TI_CINIT_Base                
00004a20  __TI_CINIT_Limit               
000049fc  __TI_Handler_Table_Base        
00004a08  __TI_Handler_Table_Limit       
00004511  __TI_auto_init                 
20000310  __TI_cleanup_ptr               
000045ef  __TI_decompress_lzss           
00004801  __TI_decompress_none           
20000314  __TI_dtors_ptr                 
20000318  __TI_enable_exit_profile_output
ffffffff  __TI_pprof_out_hndl            
ffffffff  __TI_prof_data_size            
ffffffff  __TI_prof_data_start           
00000000  __TI_static_base__             
0000480f  __TI_zero_init                 
00004411  __aeabi_cdrcmple               
00004581  __aeabi_d2f                    
00003eb3  __aeabi_dadd                   
0000405f  __aeabi_ddiv                   
00004195  __aeabi_dmul                   
00003ea9  __aeabi_dsub                   
0000474d  __aeabi_f2d                    
00004785  __aeabi_i2d                    
00004497  __aeabi_memclr                 
00004497  __aeabi_memclr4                
00004497  __aeabi_memclr8                
00004375  __aeabi_memcpy                 
00004375  __aeabi_memcpy4                
00004375  __aeabi_memcpy8                
00004499  __aeabi_memset                 
00004499  __aeabi_memset4                
00004499  __aeabi_memset8                
000047b3  __aeabi_ui2d                   
ffffffff  __binit__                      
ffffffff  __c_args__                     
00004657  __mpu_init                     
20000354  __stack                        
000047d5  _args_main                     
00004659  _c_int00                       
20000340  _lock                          
000047fb  _nop                           
000047f3  _register_lock                 
000047ed  _register_unlock               
000047d3  _system_post_cinit             
00004827  _system_pre_init               
20000344  _unlock                        
000046b1  abort                          
000032b1  atan                           
00003cbd  atan2                          
00003cbd  atan2l                         
000032b1  atanl                          
ffffffff  binit                          
00002b55  brake                          
00000375  buzz                           
200002b4  cal_gx                         
200002c8  cal_yaw                        
200002a9  calib                          
20000234  change_corridor                
20000274  common_corner                  
00004701  copy_in                        
00001105  correct_orientation            
00001049  correct_yaw                    
00000397  correction_range_check         
20000348  count                          
200002ac  count_g                        
200002b0  count_yaw                      
000048dc  d                              
200002a8  debug                          
20000240  decision_count                 
20000554  decisions                      
000018e3  delayMs                        
00002871  delayUs                        
2000023c  dest_room                      
0000043f  det_common_corner              
000004b5  det_common_corners             
00000fb1  det_corridor                   
20000208  dir                            
20000204  dis                            
20000218  dis_D                          
20000214  dis_I                          
20000224  dis_Kd                         
20000220  dis_Ki                         
2000021c  dis_Kp                         
20000210  dis_P                          
2000020c  dis_PID                        
200002d0  distance                       
200002b8  dt                             
2000056c  echo_end                       
2000057c  echo_start                     
000026e7  echo_state                     
200002e0  encoder_value                  
000046b9  exit                           
200002cc  flag                           
00000000  g_pfnVectors                   
200002bc  gyro_yaw                       
0000245d  init_I2C0                      
00003209  init_I2C1                      
00002175  init_MPU9250                   
0000319f  init_PCA9685                   
00001ce1  init_encoders                  
00002cc3  init_motors                    
0000375f  init_timer0A                   
000023b5  init_timer0B                   
00002935  init_timer1A                   
000029c5  init_timer2A                   
00003879  itoa                           
200002f0  lastEncoded                    
200002a4  last_t                         
20000230  limit_H                        
2000022c  limit_L                        
200002c0  mag_yaw                        
0000026d  main                           
20000350  main_func_sp                   
000006ed  make_decision_array            
00004375  memcpy                         
0000449f  memset                         
00002575  micros                         
2000034c  micros_overflow                
0000258d  millis                         
00002b9d  motor                          
00002af1  motors                         
00001475  move                           
00002b79  no_brake                       
20000235  obstacle                       
0000141d  obstacle_avoidance             
20000328  position                       
20000334  present                        
20000238  present_room                   
000039c3  printString                    
00003bdb  printString_UI                 
0000399d  print_line                     
0000274b  read_distance                  
0000395f  read_line                      
20000000  room                           
00002f69  setRWMode                      
0000221d  setRWMode_I2C0                 
000030b3  setSlaveAddress                
00002381  setSlaveAddress_I2C0           
00002b47  set_motor                      
00004291  set_velocity                   
0000373f  sign                           
0000260f  ultrasonic                     
00003b73  update_UI                      
20000300  w                              
00002f9d  waitAndErrorCheck              
00002251  waitAndErrorCheck_I2C0         
00002ff3  wireRead                       
00002279  wireRead_I2C0                  
00002fc5  wireSend                       
0000232d  wireSend_I2C0                  
200002c4  yaw                            
200002aa  yaw_calib                      


GLOBAL SYMBOLS: SORTED BY Symbol Address 

address   name                           
-------   ----                           
00000000  __TI_static_base__             
00000000  g_pfnVectors                   
00000200  __STACK_SIZE                   
0000026d  main                           
00000375  buzz                           
00000397  correction_range_check         
0000043f  det_common_corner              
000004b5  det_common_corners             
000006ed  make_decision_array            
00000f63  WaitForMsg                     
00000fb1  det_corridor                   
00001049  correct_yaw                    
00001105  correct_orientation            
0000141d  obstacle_avoidance             
00001475  move                           
000018e3  delayMs                        
00001925  DisableInterrupts              
00001929  EnableInterrupts               
00001945  GPIOPortC_Handler              
000019f1  GPIOPortE_Handler              
00001aa1  GPIOPortD_Handler              
00001c11  GPIOPortF_Handler              
00001ce1  init_encoders                  
00001fd9  TIMER0_TB_Handler              
00002175  init_MPU9250                   
0000221d  setRWMode_I2C0                 
00002251  waitAndErrorCheck_I2C0         
00002279  wireRead_I2C0                  
0000232d  wireSend_I2C0                  
0000235b  I2CwriteByte_I2C0              
00002381  setSlaveAddress_I2C0           
000023b5  init_timer0B                   
0000245d  init_I2C0                      
00002575  micros                         
0000258d  millis                         
000025ef  TIMER1_TA_Handler              
0000260f  ultrasonic                     
0000267b  TIMER2_TA_Handler              
000026e7  echo_state                     
0000274b  read_distance                  
00002871  delayUs                        
000028b5  Ultrasonic_Init                
00002935  init_timer1A                   
000029c5  init_timer2A                   
00002af1  motors                         
00002b47  set_motor                      
00002b55  brake                          
00002b79  no_brake                       
00002b9d  motor                          
00002cc3  init_motors                    
00002f69  setRWMode                      
00002f9d  waitAndErrorCheck              
00002fc5  wireSend                       
00002ff3  wireRead                       
00003093  I2CwriteByte                   
000030b3  setSlaveAddress                
000030c9  PCA9685_digitalWrite           
0000314d  PCA9685_analogWrite            
0000319f  init_PCA9685                   
00003209  init_I2C1                      
000032b1  atan                           
000032b1  atanl                          
0000359d  TIMER0_TA_Handler              
0000373f  sign                           
0000375f  init_timer0A                   
0000385d  SerialPrintInt                 
00003879  itoa                           
0000391d  UART_InChar                    
00003931  SerialAvailable                
00003943  UART_OutChar                   
0000395f  read_line                      
0000399d  print_line                     
000039c3  printString                    
000039df  UART_Init                      
00003acd  UI_read_line                   
00003b0b  UI_InChar                      
00003b1f  UI_SerialAvailable             
00003b31  UI_print_line                  
00003b57  UIPrintInt                     
00003b73  update_UI                      
00003bbf  UI_OutChar                     
00003bdb  printString_UI                 
00003bf7  UART1_Init                     
00003cbd  atan2                          
00003cbd  atan2l                         
00003ea9  __aeabi_dsub                   
00003eb3  __aeabi_dadd                   
0000405f  __aeabi_ddiv                   
00004195  __aeabi_dmul                   
00004291  set_velocity                   
00004375  __aeabi_memcpy                 
00004375  __aeabi_memcpy4                
00004375  __aeabi_memcpy8                
00004375  memcpy                         
00004411  __aeabi_cdrcmple               
00004497  __aeabi_memclr                 
00004497  __aeabi_memclr4                
00004497  __aeabi_memclr8                
00004499  __aeabi_memset                 
00004499  __aeabi_memset4                
00004499  __aeabi_memset8                
0000449f  memset                         
00004511  __TI_auto_init                 
00004581  __aeabi_d2f                    
000045ef  __TI_decompress_lzss           
00004657  __mpu_init                     
00004659  _c_int00                       
000046ad  C$$EXIT                        
000046b1  abort                          
000046b9  exit                           
00004701  copy_in                        
0000474d  __aeabi_f2d                    
00004785  __aeabi_i2d                    
000047b3  __aeabi_ui2d                   
000047d3  _system_post_cinit             
000047d5  _args_main                     
000047ed  _register_unlock               
000047f3  _register_lock                 
000047fb  _nop                           
00004801  __TI_decompress_none           
0000480f  __TI_zero_init                 
0000481b  ResetISR                       
00004827  _system_pre_init               
000048d4  K                              
000048d8  N                              
000048dc  d                              
000049fc  __TI_Handler_Table_Base        
00004a08  __TI_Handler_Table_Limit       
00004a10  __TI_CINIT_Base                
00004a20  __TI_CINIT_Limit               
20000000  room                           
20000204  dis                            
20000208  dir                            
2000020c  dis_PID                        
20000210  dis_P                          
20000214  dis_I                          
20000218  dis_D                          
2000021c  dis_Kp                         
20000220  dis_Ki                         
20000224  dis_Kd                         
20000228  Kp                             
2000022c  limit_L                        
20000230  limit_H                        
20000234  change_corridor                
20000235  obstacle                       
20000238  present_room                   
2000023c  dest_room                      
20000240  decision_count                 
20000244  J                              
20000274  common_corner                  
200002a4  last_t                         
200002a8  debug                          
200002a9  calib                          
200002aa  yaw_calib                      
200002ac  count_g                        
200002b0  count_yaw                      
200002b4  cal_gx                         
200002b8  dt                             
200002bc  gyro_yaw                       
200002c0  mag_yaw                        
200002c4  yaw                            
200002c8  cal_yaw                        
200002cc  flag                           
200002d0  distance                       
200002e0  encoder_value                  
200002f0  lastEncoded                    
20000300  w                              
20000310  __TI_cleanup_ptr               
20000314  __TI_dtors_ptr                 
20000318  __TI_enable_exit_profile_output
2000031c  V                              
20000328  position                       
20000334  present                        
20000340  _lock                          
20000344  _unlock                        
20000348  count                          
2000034c  micros_overflow                
20000350  main_func_sp                   
20000354  __stack                        
20000554  __STACK_END                    
20000554  __STACK_TOP                    
20000554  decisions                      
2000056c  echo_end                       
2000057c  echo_start                     
ffffffff  __TI_pprof_out_hndl            
ffffffff  __TI_prof_data_size            
ffffffff  __TI_prof_data_start           
ffffffff  __binit__                      
ffffffff  __c_args__                     
ffffffff  binit                          
UNDEFED   SHT$$INIT_ARRAY$$Base          
UNDEFED   SHT$$INIT_ARRAY$$Limit         

[192 symbols]
