******************************************************************************
                  TI ARM Linker Unix v16.9.6                   
******************************************************************************
>> Linked Sun Jun 24 17:43:31 2018

OUTPUT FILE NAME:   <IISC_Lab.out>
ENTRY POINT SYMBOL: "_c_int00"  address: 00002f41


MEMORY CONFIGURATION

         name            origin    length      used     unused   attr    fill
----------------------  --------  ---------  --------  --------  ----  --------
  FLASH                 00000000   00040000  000031ba  0003ce46  R  X
  SRAM                  20000000   00008000  000003bc  00007c44  RW X


SEGMENT ALLOCATION MAP

run origin  load origin   length   init length attrs members
----------  ----------- ---------- ----------- ----- -------
00000000    00000000    000031c0   000031c0    r-x
  00000000    00000000    0000026c   0000026c    r-- .intvecs
  0000026c    0000026c    00002ea6   00002ea6    r-x .text
  00003114    00003114    00000018   00000018    r-- .const
  00003130    00003130    00000090   00000090    r-- .cinit
20000000    20000000    000003bc   00000000    rw-
  20000000    20000000    00000200   00000000    rw- .stack
  20000200    20000200    0000019c   00000000    rw- .data
  2000039c    2000039c    00000020   00000000    rw- .bss


SECTION ALLOCATION MAP

 output                                  attributes/
section   page    origin      length       input sections
--------  ----  ----------  ----------   ----------------
.intvecs   0    00000000    0000026c     
                  00000000    0000026c     tm4c123gh6pm_startup_ccs.obj (.intvecs)

.text      0    0000026c    00002ea6     
                  0000026c    00000a8c     selfNavigation.obj (.text)
                  00000cf8    00000694     encoders.obj (.text)
                  0000138c    000004fc     Ultrasonic.obj (.text)
                  00001888    00000440     motors.obj (.text)
                  00001cc8    0000039c     odometry.obj (.text)
                  00002064    00000320     PCA9685.obj (.text)
                  00002384    00000270     UartSerial.obj (.text)
                  000025f4    000001b6     rtsv7M4_T_le_v4SPD16_eabi.lib : fd_add_t2.obj (.text)
                  000027aa    00000002                                   : mpu_init.obj (.text)
                  000027ac    00000198     WiFi_Comm.obj (.text)
                  00002944    00000136     rtsv7M4_T_le_v4SPD16_eabi.lib : fd_div_t2.obj (.text)
                  00002a7a    000000fc                                   : fd_mul_t2.obj (.text)
                  00002b76    00000002                                   : startup.obj (.text)
                  00002b78    000000e4     KinModel.obj (.text)
                  00002c5c    0000009c     rtsv7M4_T_le_v4SPD16_eabi.lib : memcpy_t2.obj (.text)
                  00002cf8    00000086                                   : fd_cmp_t2.obj (.text:__aeabi_cdrcmple)
                  00002d7e    0000007a                                   : memset_t2.obj (.text)
                  00002df8    00000070                                   : autoinit.obj (.text)
                  00002e68    0000006e                                   : fd_tos_t2.obj (.text)
                  00002ed6    00000068                                   : copy_decompress_lzss.obj (.text:decompress:lzss)
                  00002f3e    00000002     --HOLE-- [fill = 0]
                  00002f40    00000054                                   : boot.obj (.text)
                  00002f94    00000054                                   : exit.obj (.text)
                  00002fe8    0000004c                                   : cpy_tbl.obj (.text)
                  00003034    00000038                                   : fs_tod_t2.obj (.text)
                  0000306c    0000002e                                   : i_tofd_t2.obj (.text)
                  0000309a    00000020                                   : u_tofd_t2.obj (.text)
                  000030ba    00000002     --HOLE-- [fill = 0]
                  000030bc    00000018                                   : args_main.obj (.text)
                  000030d4    00000014                                   : _lock.obj (.text)
                  000030e8    0000000e                                   : copy_decompress_none.obj (.text:decompress:none)
                  000030f6    0000000c                                   : copy_zero_init.obj (.text:decompress:ZI)
                  00003102    0000000c     tm4c123gh6pm_startup_ccs.obj (.text)
                  0000310e    00000004     rtsv7M4_T_le_v4SPD16_eabi.lib : pre_init.obj (.text)

.const     0    00003114    00000018     
                  00003114    0000000c     selfNavigation.obj (.const:$P$T0$1)
                  00003120    0000000c     odometry.obj (.const)

.cinit     0    00003130    00000090     
                  00003130    0000006c     (.cinit..data.load) [load image, compression = lzss]
                  0000319c    0000000c     (__TI_handler_table)
                  000031a8    00000008     (.cinit..bss.load) [load image, compression = zero_init]
                  000031b0    00000010     (__TI_cinit_table)

.init_array 
*          0    00000000    00000000     UNINITIALIZED

.data      0    20000200    0000019c     UNINITIALIZED
                  20000200    00000030     KinModel.obj (.data:J)
                  20000230    0000002c     selfNavigation.obj (.data)
                  2000025c    00000028     selfNavigation.obj (.data:room)
                  20000284    00000010     odometry.obj (.data:D)
                  20000294    00000010     odometry.obj (.data:Kd)
                  200002a4    00000010     odometry.obj (.data:Kp)
                  200002b4    00000010     odometry.obj (.data:P)
                  200002c4    00000010     odometry.obj (.data:PID)
                  200002d4    00000010     odometry.obj (.data:desired_velocity)
                  200002e4    00000010     selfNavigation.obj (.data:distance)
                  200002f4    00000010     encoders.obj (.data:encoder_value)
                  20000304    00000010     encoders.obj (.data:lastEncoded)
                  20000314    00000010     odometry.obj (.data:last_velocity_error)
                  20000324    00000010     odometry.obj (.data:velocity)
                  20000334    00000010     odometry.obj (.data:velocity_error)
                  20000344    00000010     KinModel.obj (.data:w)
                  20000354    0000000c     rtsv7M4_T_le_v4SPD16_eabi.lib : exit.obj (.data:$O1$$)
                  20000360    0000000c     KinModel.obj (.data:V)
                  2000036c    0000000c     odometry.obj (.data:position)
                  20000378    00000008     rtsv7M4_T_le_v4SPD16_eabi.lib : _lock.obj (.data:$O1$$)
                  20000380    00000008     Ultrasonic.obj (.data)
                  20000388    00000008     selfNavigation.obj (.data:destination)
                  20000390    00000008     selfNavigation.obj (.data:present)
                  20000398    00000004     rtsv7M4_T_le_v4SPD16_eabi.lib : stkdepth_vars.obj (.data)

.bss       0    2000039c    00000020     UNINITIALIZED
                  2000039c    00000010     (.common:echo_end)
                  200003ac    00000010     (.common:echo_start)

.stack     0    20000000    00000200     UNINITIALIZED
                  20000000    00000200     --HOLE--

MODULE SUMMARY

       Module                         code    ro data   rw data
       ------                         ----    -------   -------
    ./
       selfNavigation.obj             2700    12        116    
       encoders.obj                   1684    0         64     
       Ultrasonic.obj                 1276    0         8      
       odometry.obj                   924     12        156    
       motors.obj                     1088    0         0      
       PCA9685.obj                    800     0         0      
       tm4c123gh6pm_startup_ccs.obj   12      620       0      
       UartSerial.obj                 624     0         0      
       WiFi_Comm.obj                  408     0         0      
       KinModel.obj                   228     0         76     
    +--+------------------------------+-------+---------+---------+
       Total:                         9744    644       420    
                                                               
    /home/kamal/ti/ccsv7/tools/compiler/ti-cgt-arm_16.9.6.LTS/lib/rtsv7M4_T_le_v4SPD16_eabi.lib
       fd_add_t2.obj                  438     0         0      
       fd_div_t2.obj                  310     0         0      
       fd_mul_t2.obj                  252     0         0      
       memcpy_t2.obj                  156     0         0      
       fd_cmp_t2.obj                  134     0         0      
       memset_t2.obj                  122     0         0      
       autoinit.obj                   112     0         0      
       fd_tos_t2.obj                  110     0         0      
       copy_decompress_lzss.obj       104     0         0      
       exit.obj                       84      0         12     
       boot.obj                       84      0         0      
       cpy_tbl.obj                    76      0         0      
       fs_tod_t2.obj                  56      0         0      
       i_tofd_t2.obj                  46      0         0      
       u_tofd_t2.obj                  32      0         0      
       _lock.obj                      20      0         8      
       args_main.obj                  24      0         0      
       copy_decompress_none.obj       14      0         0      
       copy_zero_init.obj             12      0         0      
       pre_init.obj                   4       0         0      
       stkdepth_vars.obj              0       0         4      
       mpu_init.obj                   2       0         0      
       startup.obj                    2       0         0      
    +--+------------------------------+-------+---------+---------+
       Total:                         2194    0         24     
                                                               
       Stack:                         0       0         512    
       Linker Generated:              0       144       0      
    +--+------------------------------+-------+---------+---------+
       Grand Total:                   11938   788       956    


LINKER GENERATED COPY TABLES

__TI_cinit_table @ 000031b0 records: 2, size/record: 8, table size: 16
	.data: load addr=00003130, load size=0000006c bytes, run addr=20000200, run size=0000019c bytes, compression=lzss
	.bss: load addr=000031a8, load size=00000008 bytes, run addr=2000039c, run size=00000020 bytes, compression=zero_init


LINKER GENERATED HANDLER TABLE

__TI_handler_table @ 0000319c records: 3, size/record: 4, table size: 12
	index: 0, handler: __TI_decompress_lzss
	index: 1, handler: __TI_decompress_none
	index: 2, handler: __TI_zero_init


GLOBAL SYMBOLS: SORTED ALPHABETICALLY BY Name 

address   name                           
-------   ----                           
00002f95  C$$EXIT                        
20000284  D                              
00000ce5  DisableInterrupts              
00000ce9  EnableInterrupts               
00000cf9  GPIOPortC_Handler              
00000e55  GPIOPortD_Handler              
00000da5  GPIOPortE_Handler              
00000fc5  GPIOPortF_Handler              
0000216f  I2CwriteByte                   
20000200  J                              
00003120  K                              
20000294  Kd                             
200002a4  Kp                             
00003124  N                              
200002b4  P                              
00002229  PCA9685_analogWrite            
000021a5  PCA9685_digitalWrite           
200002c4  PID                            
00003103  ResetISR                       
UNDEFED   SHT$$INIT_ARRAY$$Base          
UNDEFED   SHT$$INIT_ARRAY$$Limit         
00002459  SerialAvailable                
00002385  SerialPrintInt                 
00001cc9  TIMER0_TA_Handler              
00001407  TIMER1_TA_Handler              
00001427  TIMER2_TA_Handler              
0000288d  UART1_Init                     
00002445  UART_InChar                    
00002507  UART_Init                      
0000246b  UART_OutChar                   
00002837  UIPrintInt                     
000027eb  UI_InChar                      
00002855  UI_OutChar                     
000027ff  UI_SerialAvailable             
00002811  UI_print_line                  
000027ad  UI_read_line                   
0000164f  Ultrasonic_Init                
20000360  V                              
0000038b  WaitForMsg                     
20000200  __STACK_END                    
00000200  __STACK_SIZE                   
20000200  __STACK_TOP                    
000031b0  __TI_CINIT_Base                
000031c0  __TI_CINIT_Limit               
0000319c  __TI_Handler_Table_Base        
000031a8  __TI_Handler_Table_Limit       
00002df9  __TI_auto_init                 
20000354  __TI_cleanup_ptr               
00002ed7  __TI_decompress_lzss           
000030e9  __TI_decompress_none           
20000358  __TI_dtors_ptr                 
2000035c  __TI_enable_exit_profile_output
ffffffff  __TI_pprof_out_hndl            
ffffffff  __TI_prof_data_size            
ffffffff  __TI_prof_data_start           
00000000  __TI_static_base__             
000030f7  __TI_zero_init                 
00002cf9  __aeabi_cdrcmple               
00002e69  __aeabi_d2f                    
000025ff  __aeabi_dadd                   
00002945  __aeabi_ddiv                   
00002a7b  __aeabi_dmul                   
000025f5  __aeabi_dsub                   
00003035  __aeabi_f2d                    
0000306d  __aeabi_i2d                    
00002d7f  __aeabi_memclr                 
00002d7f  __aeabi_memclr4                
00002d7f  __aeabi_memclr8                
00002c5d  __aeabi_memcpy                 
00002c5d  __aeabi_memcpy4                
00002c5d  __aeabi_memcpy8                
00002d81  __aeabi_memset                 
00002d81  __aeabi_memset4                
00002d81  __aeabi_memset8                
0000309b  __aeabi_ui2d                   
ffffffff  __binit__                      
ffffffff  __c_args__                     
000027ab  __mpu_init                     
20000000  __stack                        
000030bd  _args_main                     
00002f41  _c_int00                       
20000378  _lock                          
000030e3  _nop                           
000030db  _register_lock                 
000030d5  _register_unlock               
00002b77  _system_post_cinit             
0000310f  _system_pre_init               
2000037c  _unlock                        
00002f99  abort                          
ffffffff  binit                          
00002fe9  copy_in                        
00000461  correct_orientation            
00000357  correction_range_check         
20000380  count                          
00003128  d                              
00000c97  delayMs                        
00001615  delayUs                        
200002d4  desired_velocity               
20000258  dest_room                      
20000388  destination                    
000003dd  det_dis_dir                    
20000234  dir                            
20000230  dis                            
20000244  dis_D                          
20000240  dis_I                          
20000250  dis_Kd                         
2000024c  dis_Ki                         
20000248  dis_Kp                         
2000023c  dis_P                          
20000238  dis_PID                        
200002e4  distance                       
2000039c  echo_end                       
200003ac  echo_start                     
00001493  echo_state                     
200002f4  encoder_value                  
00002fa1  exit                           
00000000  g_pfnVectors                   
000022e5  init_I2C1                      
0000227b  init_PCA9685                   
00001095  init_encoders                  
00001a1f  init_motors                    
00001f47  init_timer0A                   
000016cd  init_timer1A                   
00001761  init_timer2A                   
000023a1  itoa                           
20000304  lastEncoded                    
20000314  last_velocity_error            
0000026d  main                           
20000398  main_func_sp                   
00002c5d  memcpy                         
00002d87  memset                         
0000138d  micros                         
20000384  micros_overflow                
000013a5  millis                         
000018f9  motor                          
00001889  motors                         
000007f1  move                           
2000036c  position                       
20000390  present                        
20000254  present_room                   
000024eb  printString                    
00002871  printString_UI                 
000024c5  print_line                     
000014f7  read_distance                  
00002487  read_line                      
2000025c  room                           
00002065  setRWMode                      
0000218f  setSlaveAddress                
000018df  set_motor                      
00002b79  set_velocity                   
00001f27  sign                           
00002853  update_UI                      
20000324  velocity                       
20000334  velocity_error                 
20000344  w                              
00002099  waitAndErrorCheck              
000020ef  wireRead                       
000020c1  wireSend                       


GLOBAL SYMBOLS: SORTED BY Symbol Address 

address   name                           
-------   ----                           
00000000  __TI_static_base__             
00000000  g_pfnVectors                   
00000200  __STACK_SIZE                   
0000026d  main                           
00000357  correction_range_check         
0000038b  WaitForMsg                     
000003dd  det_dis_dir                    
00000461  correct_orientation            
000007f1  move                           
00000c97  delayMs                        
00000ce5  DisableInterrupts              
00000ce9  EnableInterrupts               
00000cf9  GPIOPortC_Handler              
00000da5  GPIOPortE_Handler              
00000e55  GPIOPortD_Handler              
00000fc5  GPIOPortF_Handler              
00001095  init_encoders                  
0000138d  micros                         
000013a5  millis                         
00001407  TIMER1_TA_Handler              
00001427  TIMER2_TA_Handler              
00001493  echo_state                     
000014f7  read_distance                  
00001615  delayUs                        
0000164f  Ultrasonic_Init                
000016cd  init_timer1A                   
00001761  init_timer2A                   
00001889  motors                         
000018df  set_motor                      
000018f9  motor                          
00001a1f  init_motors                    
00001cc9  TIMER0_TA_Handler              
00001f27  sign                           
00001f47  init_timer0A                   
00002065  setRWMode                      
00002099  waitAndErrorCheck              
000020c1  wireSend                       
000020ef  wireRead                       
0000216f  I2CwriteByte                   
0000218f  setSlaveAddress                
000021a5  PCA9685_digitalWrite           
00002229  PCA9685_analogWrite            
0000227b  init_PCA9685                   
000022e5  init_I2C1                      
00002385  SerialPrintInt                 
000023a1  itoa                           
00002445  UART_InChar                    
00002459  SerialAvailable                
0000246b  UART_OutChar                   
00002487  read_line                      
000024c5  print_line                     
000024eb  printString                    
00002507  UART_Init                      
000025f5  __aeabi_dsub                   
000025ff  __aeabi_dadd                   
000027ab  __mpu_init                     
000027ad  UI_read_line                   
000027eb  UI_InChar                      
000027ff  UI_SerialAvailable             
00002811  UI_print_line                  
00002837  UIPrintInt                     
00002853  update_UI                      
00002855  UI_OutChar                     
00002871  printString_UI                 
0000288d  UART1_Init                     
00002945  __aeabi_ddiv                   
00002a7b  __aeabi_dmul                   
00002b77  _system_post_cinit             
00002b79  set_velocity                   
00002c5d  __aeabi_memcpy                 
00002c5d  __aeabi_memcpy4                
00002c5d  __aeabi_memcpy8                
00002c5d  memcpy                         
00002cf9  __aeabi_cdrcmple               
00002d7f  __aeabi_memclr                 
00002d7f  __aeabi_memclr4                
00002d7f  __aeabi_memclr8                
00002d81  __aeabi_memset                 
00002d81  __aeabi_memset4                
00002d81  __aeabi_memset8                
00002d87  memset                         
00002df9  __TI_auto_init                 
00002e69  __aeabi_d2f                    
00002ed7  __TI_decompress_lzss           
00002f41  _c_int00                       
00002f95  C$$EXIT                        
00002f99  abort                          
00002fa1  exit                           
00002fe9  copy_in                        
00003035  __aeabi_f2d                    
0000306d  __aeabi_i2d                    
0000309b  __aeabi_ui2d                   
000030bd  _args_main                     
000030d5  _register_unlock               
000030db  _register_lock                 
000030e3  _nop                           
000030e9  __TI_decompress_none           
000030f7  __TI_zero_init                 
00003103  ResetISR                       
0000310f  _system_pre_init               
00003120  K                              
00003124  N                              
00003128  d                              
0000319c  __TI_Handler_Table_Base        
000031a8  __TI_Handler_Table_Limit       
000031b0  __TI_CINIT_Base                
000031c0  __TI_CINIT_Limit               
20000000  __stack                        
20000200  J                              
20000200  __STACK_END                    
20000200  __STACK_TOP                    
20000230  dis                            
20000234  dir                            
20000238  dis_PID                        
2000023c  dis_P                          
20000240  dis_I                          
20000244  dis_D                          
20000248  dis_Kp                         
2000024c  dis_Ki                         
20000250  dis_Kd                         
20000254  present_room                   
20000258  dest_room                      
2000025c  room                           
20000284  D                              
20000294  Kd                             
200002a4  Kp                             
200002b4  P                              
200002c4  PID                            
200002d4  desired_velocity               
200002e4  distance                       
200002f4  encoder_value                  
20000304  lastEncoded                    
20000314  last_velocity_error            
20000324  velocity                       
20000334  velocity_error                 
20000344  w                              
20000354  __TI_cleanup_ptr               
20000358  __TI_dtors_ptr                 
2000035c  __TI_enable_exit_profile_output
20000360  V                              
2000036c  position                       
20000378  _lock                          
2000037c  _unlock                        
20000380  count                          
20000384  micros_overflow                
20000388  destination                    
20000390  present                        
20000398  main_func_sp                   
2000039c  echo_end                       
200003ac  echo_start                     
ffffffff  __TI_pprof_out_hndl            
ffffffff  __TI_prof_data_size            
ffffffff  __TI_prof_data_start           
ffffffff  __binit__                      
ffffffff  __c_args__                     
ffffffff  binit                          
UNDEFED   SHT$$INIT_ARRAY$$Base          
UNDEFED   SHT$$INIT_ARRAY$$Limit         

[158 symbols]
