******************************************************************************
                  TI ARM Linker Unix v16.9.6                   
******************************************************************************
>> Linked Fri Jun 22 18:02:26 2018

OUTPUT FILE NAME:   <SelfBalancing.out>
ENTRY POINT SYMBOL: "_c_int00"  address: 00001d31


MEMORY CONFIGURATION

         name            origin    length      used     unused   attr    fill
----------------------  --------  ---------  --------  --------  ----  --------
  FLASH                 00000000   00040000  00001f3a  0003e0c6  R  X
  SRAM                  20000000   00008000  00000268  00007d98  RW X


SEGMENT ALLOCATION MAP

run origin  load origin   length   init length attrs members
----------  ----------- ---------- ----------- ----- -------
00000000    00000000    00001f40   00001f40    r-x
  00000000    00000000    0000026c   0000026c    r-- .intvecs
  0000026c    0000026c    00001c76   00001c76    r-x .text
  00001ee8    00001ee8    00000058   00000058    r-- .cinit
20000000    20000000    00000268   00000000    rw-
  20000000    20000000    00000200   00000000    rw- .stack
  20000200    20000200    00000064   00000000    rw- .data
  20000264    20000264    00000004   00000000    rw- .bss


SECTION ALLOCATION MAP

 output                                  attributes/
section   page    origin      length       input sections
--------  ----  ----------  ----------   ----------------
.intvecs   0    00000000    0000026c     
                  00000000    0000026c     tm4c123gh6pm_startup_ccs.obj (.intvecs)

.text      0    0000026c    00001c76     
                  0000026c    00000938     MPU9250.obj (.text)
                  00000ba4    000003e4     rtsv7M4_T_le_v4SPD16_eabi.lib : e_asin.obj (.text)
                  00000f88    00000270     UartSerial.obj (.text)
                  000011f8    00000204     motors.obj (.text)
                  000013fc    000001b6     rtsv7M4_T_le_v4SPD16_eabi.lib : fd_add_t2.obj (.text)
                  000015b2    00000002                                   : mpu_init.obj (.text)
                  000015b4    00000170                                   : e_sqrt.obj (.text)
                  00001724    00000136                                   : fd_div_t2.obj (.text)
                  0000185a    000000fc                                   : fd_mul_t2.obj (.text)
                  00001956    00000002                                   : startup.obj (.text)
                  00001958    000000f4     SelfBalancing.obj (.text)
                  00001a4c    0000009c     rtsv7M4_T_le_v4SPD16_eabi.lib : memcpy_t2.obj (.text)
                  00001ae8    00000086                                   : fd_cmp_t2.obj (.text:__aeabi_cdrcmple)
                  00001b6e    0000007a                                   : memset_t2.obj (.text)
                  00001be8    00000070                                   : autoinit.obj (.text)
                  00001c58    0000006e                                   : fd_tos_t2.obj (.text)
                  00001cc6    00000068                                   : copy_decompress_lzss.obj (.text:decompress:lzss)
                  00001d2e    00000002     --HOLE-- [fill = 0]
                  00001d30    00000054                                   : boot.obj (.text)
                  00001d84    00000054                                   : exit.obj (.text)
                  00001dd8    0000004c                                   : cpy_tbl.obj (.text)
                  00001e24    00000038                                   : fs_tod_t2.obj (.text)
                  00001e5c    0000002e                                   : i_tofd_t2.obj (.text)
                  00001e8a    00000002     --HOLE-- [fill = 0]
                  00001e8c    00000018                                   : args_main.obj (.text)
                  00001ea4    00000014                                   : _lock.obj (.text)
                  00001eb8    0000000e                                   : copy_decompress_none.obj (.text:decompress:none)
                  00001ec6    0000000c                                   : copy_zero_init.obj (.text:decompress:ZI)
                  00001ed2    0000000c     tm4c123gh6pm_startup_ccs.obj (.text)
                  00001ede    00000004     rtsv7M4_T_le_v4SPD16_eabi.lib : pre_init.obj (.text)

.cinit     0    00001ee8    00000058     
                  00001ee8    0000002e     (.cinit..data.load) [load image, compression = lzss]
                  00001f16    00000002     --HOLE-- [fill = 0]
                  00001f18    0000000c     (__TI_handler_table)
                  00001f24    00000004     --HOLE-- [fill = 0]
                  00001f28    00000008     (.cinit..bss.load) [load image, compression = zero_init]
                  00001f30    00000010     (__TI_cinit_table)

.init_array 
*          0    00000000    00000000     UNINITIALIZED

.data      0    20000200    00000064     UNINITIALIZED
                  20000200    00000048     MPU9250.obj (.data)
                  20000248    0000000c     rtsv7M4_T_le_v4SPD16_eabi.lib : exit.obj (.data:$O1$$)
                  20000254    00000008                                   : _lock.obj (.data:$O1$$)
                  2000025c    00000004                                   : errno.obj (.data)
                  20000260    00000004                                   : stkdepth_vars.obj (.data)

.bss       0    20000264    00000004     UNINITIALIZED
                  20000264    00000004     (.common:pitch)

.stack     0    20000000    00000200     UNINITIALIZED
                  20000000    00000200     --HOLE--

MODULE SUMMARY

       Module                         code   ro data   rw data
       ------                         ----   -------   -------
    ./
       MPU9250.obj                    2360   0         76     
       tm4c123gh6pm_startup_ccs.obj   12     620       0      
       UartSerial.obj                 624    0         0      
       motors.obj                     516    0         0      
       SelfBalancing.obj              244    0         0      
    +--+------------------------------+------+---------+---------+
       Total:                         3756   620       76     
                                                              
    /home/kamal/ti/ccsv7/tools/compiler/ti-cgt-arm_16.9.6.LTS/lib/rtsv7M4_T_le_v4SPD16_eabi.lib
       e_asin.obj                     996    0         0      
       fd_add_t2.obj                  438    0         0      
       e_sqrt.obj                     368    0         0      
       fd_div_t2.obj                  310    0         0      
       fd_mul_t2.obj                  252    0         0      
       memcpy_t2.obj                  156    0         0      
       fd_cmp_t2.obj                  134    0         0      
       memset_t2.obj                  122    0         0      
       autoinit.obj                   112    0         0      
       fd_tos_t2.obj                  110    0         0      
       copy_decompress_lzss.obj       104    0         0      
       exit.obj                       84     0         12     
       boot.obj                       84     0         0      
       cpy_tbl.obj                    76     0         0      
       fs_tod_t2.obj                  56     0         0      
       i_tofd_t2.obj                  46     0         0      
       _lock.obj                      20     0         8      
       args_main.obj                  24     0         0      
       copy_decompress_none.obj       14     0         0      
       copy_zero_init.obj             12     0         0      
       errno.obj                      0      0         4      
       pre_init.obj                   4      0         0      
       stkdepth_vars.obj              0      0         4      
       mpu_init.obj                   2      0         0      
       startup.obj                    2      0         0      
    +--+------------------------------+------+---------+---------+
       Total:                         3526   0         28     
                                                              
       Stack:                         0      0         512    
       Linker Generated:              0      82        0      
    +--+------------------------------+------+---------+---------+
       Grand Total:                   7282   702       616    


LINKER GENERATED COPY TABLES

__TI_cinit_table @ 00001f30 records: 2, size/record: 8, table size: 16
	.data: load addr=00001ee8, load size=0000002e bytes, run addr=20000200, run size=00000064 bytes, compression=lzss
	.bss: load addr=00001f28, load size=00000008 bytes, run addr=20000264, run size=00000004 bytes, compression=zero_init


LINKER GENERATED HANDLER TABLE

__TI_handler_table @ 00001f18 records: 3, size/record: 4, table size: 12
	index: 0, handler: __TI_decompress_lzss
	index: 1, handler: __TI_decompress_none
	index: 2, handler: __TI_zero_init


GLOBAL SYMBOLS: SORTED ALPHABETICALLY BY Name 

address   name                           
-------   ----                           
00001d85  C$$EXIT                        
20000234  D                              
00001a33  DisableInterrupts              
00001a37  EnableInterrupts               
0000086d  I2CwriteByte                   
2000022c  Kd                             
20000228  Kp                             
20000230  P                              
20000238  PID                            
00001ed3  ResetISR                       
UNDEFED   SHT$$INIT_ARRAY$$Base          
UNDEFED   SHT$$INIT_ARRAY$$Limit         
0000105d  SerialAvailable                
00000f89  SerialPrintInt                 
0000026d  TIMER0_TA_Handler              
00001049  UART_InChar                    
0000110b  UART_Init                      
0000106f  UART_OutChar                   
20000200  __STACK_END                    
00000200  __STACK_SIZE                   
20000200  __STACK_TOP                    
00001f30  __TI_CINIT_Base                
00001f40  __TI_CINIT_Limit               
00001f18  __TI_Handler_Table_Base        
00001f24  __TI_Handler_Table_Limit       
00001be9  __TI_auto_init                 
20000248  __TI_cleanup_ptr               
00001cc7  __TI_decompress_lzss           
00001eb9  __TI_decompress_none           
2000024c  __TI_dtors_ptr                 
20000250  __TI_enable_exit_profile_output
ffffffff  __TI_pprof_out_hndl            
ffffffff  __TI_prof_data_size            
ffffffff  __TI_prof_data_start           
00000000  __TI_static_base__             
00001ec7  __TI_zero_init                 
00001ae9  __aeabi_cdrcmple               
00001c59  __aeabi_d2f                    
00001407  __aeabi_dadd                   
00001725  __aeabi_ddiv                   
0000185b  __aeabi_dmul                   
000013fd  __aeabi_dsub                   
00001e25  __aeabi_f2d                    
00001e5d  __aeabi_i2d                    
00001b6f  __aeabi_memclr                 
00001b6f  __aeabi_memclr4                
00001b6f  __aeabi_memclr8                
00001a4d  __aeabi_memcpy                 
00001a4d  __aeabi_memcpy4                
00001a4d  __aeabi_memcpy8                
00001b71  __aeabi_memset                 
00001b71  __aeabi_memset4                
00001b71  __aeabi_memset8                
ffffffff  __binit__                      
ffffffff  __c_args__                     
000015b3  __mpu_init                     
20000000  __stack                        
00001e8d  _args_main                     
00001d31  _c_int00                       
20000254  _lock                          
00001eb3  _nop                           
00001eab  _register_lock                 
00001ea5  _register_unlock               
00001957  _system_post_cinit             
00001edf  _system_pre_init               
20000258  _unlock                        
20000214  a                              
00001d89  abort                          
2000021c  accel_pitch                    
00000ba5  asin                           
00000ba5  asinl                          
ffffffff  binit                          
20000208  cal_gx                         
2000020c  cal_gy                         
20000210  cal_gz                         
20000221  calib                          
00001dd9  copy_in                        
20000224  count                          
20000220  debug                          
000019e9  delayMs                        
20000200  dt                             
2000025c  errno                          
20000240  error                          
00001d91  exit                           
00000000  g_pfnVectors                   
20000218  gyro_pitch                     
00000a7d  init_I2C0                      
000009d1  init_MPU9250                   
000012bd  init_motors                    
00000925  init_timer0A                   
000008a3  init_timer1A                   
00000fa5  itoa                           
2000023c  last_error                     
00001959  main                           
20000260  main_func_sp                   
00001a4d  memcpy                         
00001b77  memset                         
000011f9  motor                          
20000204  mres                           
20000264  pitch                          
000010ef  printString                    
000010c9  print_line                     
0000108b  read_line                      
00000709  setRWMode                      
0000088d  setSlaveAddress                
20000244  set_point                      
000015b5  sqrt                           
000015b5  sqrtl                          
00000745  waitAndErrorCheck              
00000789  wireRead                       
00000831  wireSend                       


GLOBAL SYMBOLS: SORTED BY Symbol Address 

address   name                           
-------   ----                           
00000000  __TI_static_base__             
00000000  g_pfnVectors                   
00000200  __STACK_SIZE                   
0000026d  TIMER0_TA_Handler              
00000709  setRWMode                      
00000745  waitAndErrorCheck              
00000789  wireRead                       
00000831  wireSend                       
0000086d  I2CwriteByte                   
0000088d  setSlaveAddress                
000008a3  init_timer1A                   
00000925  init_timer0A                   
000009d1  init_MPU9250                   
00000a7d  init_I2C0                      
00000ba5  asin                           
00000ba5  asinl                          
00000f89  SerialPrintInt                 
00000fa5  itoa                           
00001049  UART_InChar                    
0000105d  SerialAvailable                
0000106f  UART_OutChar                   
0000108b  read_line                      
000010c9  print_line                     
000010ef  printString                    
0000110b  UART_Init                      
000011f9  motor                          
000012bd  init_motors                    
000013fd  __aeabi_dsub                   
00001407  __aeabi_dadd                   
000015b3  __mpu_init                     
000015b5  sqrt                           
000015b5  sqrtl                          
00001725  __aeabi_ddiv                   
0000185b  __aeabi_dmul                   
00001957  _system_post_cinit             
00001959  main                           
000019e9  delayMs                        
00001a33  DisableInterrupts              
00001a37  EnableInterrupts               
00001a4d  __aeabi_memcpy                 
00001a4d  __aeabi_memcpy4                
00001a4d  __aeabi_memcpy8                
00001a4d  memcpy                         
00001ae9  __aeabi_cdrcmple               
00001b6f  __aeabi_memclr                 
00001b6f  __aeabi_memclr4                
00001b6f  __aeabi_memclr8                
00001b71  __aeabi_memset                 
00001b71  __aeabi_memset4                
00001b71  __aeabi_memset8                
00001b77  memset                         
00001be9  __TI_auto_init                 
00001c59  __aeabi_d2f                    
00001cc7  __TI_decompress_lzss           
00001d31  _c_int00                       
00001d85  C$$EXIT                        
00001d89  abort                          
00001d91  exit                           
00001dd9  copy_in                        
00001e25  __aeabi_f2d                    
00001e5d  __aeabi_i2d                    
00001e8d  _args_main                     
00001ea5  _register_unlock               
00001eab  _register_lock                 
00001eb3  _nop                           
00001eb9  __TI_decompress_none           
00001ec7  __TI_zero_init                 
00001ed3  ResetISR                       
00001edf  _system_pre_init               
00001f18  __TI_Handler_Table_Base        
00001f24  __TI_Handler_Table_Limit       
00001f30  __TI_CINIT_Base                
00001f40  __TI_CINIT_Limit               
20000000  __stack                        
20000200  __STACK_END                    
20000200  __STACK_TOP                    
20000200  dt                             
20000204  mres                           
20000208  cal_gx                         
2000020c  cal_gy                         
20000210  cal_gz                         
20000214  a                              
20000218  gyro_pitch                     
2000021c  accel_pitch                    
20000220  debug                          
20000221  calib                          
20000224  count                          
20000228  Kp                             
2000022c  Kd                             
20000230  P                              
20000234  D                              
20000238  PID                            
2000023c  last_error                     
20000240  error                          
20000244  set_point                      
20000248  __TI_cleanup_ptr               
2000024c  __TI_dtors_ptr                 
20000250  __TI_enable_exit_profile_output
20000254  _lock                          
20000258  _unlock                        
2000025c  errno                          
20000260  main_func_sp                   
20000264  pitch                          
ffffffff  __TI_pprof_out_hndl            
ffffffff  __TI_prof_data_size            
ffffffff  __TI_prof_data_start           
ffffffff  __binit__                      
ffffffff  __c_args__                     
ffffffff  binit                          
UNDEFED   SHT$$INIT_ARRAY$$Base          
UNDEFED   SHT$$INIT_ARRAY$$Limit         

[111 symbols]
